Component: ARM Compiler 5.06 update 7 (build 960) Tool: armlink [4d3601]

==============================================================================

Section Cross References

    startup_stm32f407xx.o(STACK) refers (Special) to heapauxi.o(.text) for __use_two_region_memory
    startup_stm32f407xx.o(HEAP) refers (Special) to heapauxi.o(.text) for __use_two_region_memory
    startup_stm32f407xx.o(RESET) refers (Special) to heapauxi.o(.text) for __use_two_region_memory
    startup_stm32f407xx.o(RESET) refers to startup_stm32f407xx.o(STACK) for __initial_sp
    startup_stm32f407xx.o(RESET) refers to startup_stm32f407xx.o(.text) for Reset_Handler
    startup_stm32f407xx.o(RESET) refers to stm32f4xx_it.o(i.NMI_Handler) for NMI_Handler
    startup_stm32f407xx.o(RESET) refers to stm32f4xx_it.o(i.HardFault_Handler) for HardFault_Handler
    startup_stm32f407xx.o(RESET) refers to stm32f4xx_it.o(i.MemManage_Handler) for MemManage_Handler
    startup_stm32f407xx.o(RESET) refers to stm32f4xx_it.o(i.BusFault_Handler) for BusFault_Handler
    startup_stm32f407xx.o(RESET) refers to stm32f4xx_it.o(i.UsageFault_Handler) for UsageFault_Handler
    startup_stm32f407xx.o(RESET) refers to port.o(.emb_text) for SVC_Handler
    startup_stm32f407xx.o(RESET) refers to stm32f4xx_it.o(i.DebugMon_Handler) for DebugMon_Handler
    startup_stm32f407xx.o(RESET) refers to port.o(i.SysTick_Handler) for SysTick_Handler
    startup_stm32f407xx.o(RESET) refers to stm32f4xx_it.o(i.DMA1_Stream1_IRQHandler) for DMA1_Stream1_IRQHandler
    startup_stm32f407xx.o(RESET) refers to stm32f4xx_it.o(i.DMA1_Stream3_IRQHandler) for DMA1_Stream3_IRQHandler
    startup_stm32f407xx.o(RESET) refers to stm32f4xx_it.o(i.DMA1_Stream5_IRQHandler) for DMA1_Stream5_IRQHandler
    startup_stm32f407xx.o(RESET) refers to stm32f4xx_it.o(i.DMA1_Stream6_IRQHandler) for DMA1_Stream6_IRQHandler
    startup_stm32f407xx.o(RESET) refers to stm32f4xx_it.o(i.CAN1_RX0_IRQHandler) for CAN1_RX0_IRQHandler
    startup_stm32f407xx.o(RESET) refers to stm32f4xx_it.o(i.TIM2_IRQHandler) for TIM2_IRQHandler
    startup_stm32f407xx.o(RESET) refers to stm32f4xx_it.o(i.USART1_IRQHandler) for USART1_IRQHandler
    startup_stm32f407xx.o(RESET) refers to stm32f4xx_it.o(i.USART2_IRQHandler) for USART2_IRQHandler
    startup_stm32f407xx.o(RESET) refers to stm32f4xx_it.o(i.USART3_IRQHandler) for USART3_IRQHandler
    startup_stm32f407xx.o(RESET) refers to stm32f4xx_it.o(i.DMA2_Stream1_IRQHandler) for DMA2_Stream1_IRQHandler
    startup_stm32f407xx.o(RESET) refers to stm32f4xx_it.o(i.DMA2_Stream2_IRQHandler) for DMA2_Stream2_IRQHandler
    startup_stm32f407xx.o(RESET) refers to stm32f4xx_it.o(i.CAN2_RX0_IRQHandler) for CAN2_RX0_IRQHandler
    startup_stm32f407xx.o(RESET) refers to stm32f4xx_it.o(i.DMA2_Stream6_IRQHandler) for DMA2_Stream6_IRQHandler
    startup_stm32f407xx.o(RESET) refers to stm32f4xx_it.o(i.USART6_IRQHandler) for USART6_IRQHandler
    startup_stm32f407xx.o(.text) refers (Special) to heapauxi.o(.text) for __use_two_region_memory
    startup_stm32f407xx.o(.text) refers to system_stm32f4xx.o(i.SystemInit) for SystemInit
    startup_stm32f407xx.o(.text) refers to __main.o(!!!main) for __main
    startup_stm32f407xx.o(.text) refers to startup_stm32f407xx.o(HEAP) for Heap_Mem
    startup_stm32f407xx.o(.text) refers to startup_stm32f407xx.o(STACK) for Stack_Mem
    main.o(i.HAL_TIM_PeriodElapsedCallback) refers to stm32f4xx_hal.o(i.HAL_IncTick) for HAL_IncTick
    main.o(i.SystemClock_Config) refers to rt_memclr_w.o(.text) for __aeabi_memclr4
    main.o(i.SystemClock_Config) refers to stm32f4xx_hal_rcc.o(i.HAL_RCC_OscConfig) for HAL_RCC_OscConfig
    main.o(i.SystemClock_Config) refers to stm32f4xx_hal_rcc.o(i.HAL_RCC_ClockConfig) for HAL_RCC_ClockConfig
    main.o(i.main) refers to stm32f4xx_hal.o(i.HAL_Init) for HAL_Init
    main.o(i.main) refers to main.o(i.SystemClock_Config) for SystemClock_Config
    main.o(i.main) refers to gpio.o(i.MX_GPIO_Init) for MX_GPIO_Init
    main.o(i.main) refers to dma.o(i.MX_DMA_Init) for MX_DMA_Init
    main.o(i.main) refers to can.o(i.MX_CAN1_Init) for MX_CAN1_Init
    main.o(i.main) refers to usart.o(i.MX_USART1_UART_Init) for MX_USART1_UART_Init
    main.o(i.main) refers to usart.o(i.MX_USART3_UART_Init) for MX_USART3_UART_Init
    main.o(i.main) refers to usart.o(i.MX_USART6_UART_Init) for MX_USART6_UART_Init
    main.o(i.main) refers to usart.o(i.MX_USART2_UART_Init) for MX_USART2_UART_Init
    main.o(i.main) refers to rng.o(i.MX_RNG_Init) for MX_RNG_Init
    main.o(i.main) refers to can.o(i.MX_CAN2_Init) for MX_CAN2_Init
    main.o(i.main) refers to sysinit.o(i.System_init) for System_init
    main.o(i.main) refers to freertos.o(i.MX_FREERTOS_Init) for MX_FREERTOS_Init
    main.o(i.main) refers to cmsis_os.o(i.osKernelStart) for osKernelStart
    gpio.o(i.MX_GPIO_Init) refers to rt_memclr_w.o(.text) for __aeabi_memclr4
    gpio.o(i.MX_GPIO_Init) refers to stm32f4xx_hal_gpio.o(i.HAL_GPIO_WritePin) for HAL_GPIO_WritePin
[...]
    x$fpl$fpinit                             0x08004a90   Section       10  fpinit.o(x$fpl$fpinit)
    $v0                                      0x08004a90   Number         0  fpinit.o(x$fpl$fpinit)
    x$fpl$usenofp                            0x08004a9a   Section        0  usenofp.o(x$fpl$usenofp)
    .constdata                               0x08004a9c   Section      140  freertos.o(.constdata)
    .constdata                               0x08004b28   Section        8  stm32f4xx_hal_dma.o(.constdata)
    flagBitshiftOffset                       0x08004b28   Data           8  stm32f4xx_hal_dma.o(.constdata)
    .constdata                               0x08004b30   Section       16  system_stm32f4xx.o(.constdata)
    .constdata                               0x08004b40   Section        8  system_stm32f4xx.o(.constdata)
    .constdata                               0x08004b48   Section       28  chassis_app.o(.constdata)
    .conststring                             0x08004b64   Section       56  freertos.o(.conststring)
    .conststring                             0x08004b9c   Section       12  chassis_app.o(.conststring)
    .data                                    0x20000000   Section       20  freertos.o(.data)
    .data                                    0x20000014   Section        4  can.o(.data)
    HAL_RCC_CAN1_CLK_ENABLED                 0x20000014   Data           4  can.o(.data)
    .data                                    0x20000018   Section       12  stm32f4xx_hal.o(.data)
    .data                                    0x20000024   Section        4  system_stm32f4xx.o(.data)
    .data                                    0x20000028   Section       60  tasks.o(.data)
    pxDelayedTaskList                        0x2000002c   Data           4  tasks.o(.data)
    pxOverflowDelayedTaskList                0x20000030   Data           4  tasks.o(.data)
    uxDeletedTasksWaitingCleanUp             0x20000034   Data           4  tasks.o(.data)
    uxCurrentNumberOfTasks                   0x20000038   Data           4  tasks.o(.data)
    xTickCount                               0x2000003c   Data           4  tasks.o(.data)
    uxTopReadyPriority                       0x20000040   Data           4  tasks.o(.data)
    xSchedulerRunning                        0x20000044   Data           4  tasks.o(.data)
    uxPendedTicks                            0x20000048   Data           4  tasks.o(.data)
    xYieldPending                            0x2000004c   Data           4  tasks.o(.data)
    xNumOfOverflows                          0x20000050   Data           4  tasks.o(.data)
    uxTaskNumber                             0x20000054   Data           4  tasks.o(.data)
    xNextTaskUnblockTime                     0x20000058   Data           4  tasks.o(.data)
    xIdleTaskHandle                          0x2000005c   Data           4  tasks.o(.data)
    uxSchedulerSuspended                     0x20000060   Data           4  tasks.o(.data)
    .data                                    0x20000064   Section       24  heap_4.o(.data)
    pxEnd                                    0x20000064   Data           4  heap_4.o(.data)
    xFreeBytesRemaining                      0x20000068   Data           4  heap_4.o(.data)
    xMinimumEverFreeBytesRemaining           0x2000006c   Data           4  heap_4.o(.data)
    xBlockAllocatedBit                       0x20000070   Data           4  heap_4.o(.data)
    xStart                                   0x20000074   Data           8  heap_4.o(.data)
    .data                                    0x2000007c   Section       12  port.o(.data)
    ucMaxSysCallPriority                     0x2000007c   Data           1  port.o(.data)
    uxCriticalNesting                        0x20000080   Data           4  port.o(.data)
    ulMaxPRIGROUPValue                       0x20000084   Data           4  port.o(.data)
    .data                                    0x20000088   Section       16  rmmotor.o(.data)
    Block_Count                              0x20000088   Data           2  rmmotor.o(.data)
    last_Position                            0x2000008c   Data           2  rmmotor.o(.data)
    .data                                    0x20000098   Section        2  remotecontrol.o(.data)
    this_time_rx_len                         0x20000098   Data           2  remotecontrol.o(.data)
    .data                                    0x2000009c   Section        4  chassis_app.o(.data)
    .data                                    0x200000a0   Section       25  chassis_behaviour.o(.data)
    b                                        0x200000a2   Data           1  chassis_behaviour.o(.data)
    a                                        0x200000a3   Data           1  chassis_behaviour.o(.data)
    Chassis_ch0                              0x200000a4   Data           4  chassis_behaviour.o(.data)
    Chassis_ch1                              0x200000a8   Data           4  chassis_behaviour.o(.data)
    Chassis_ch2                              0x200000ac   Data           4  chassis_behaviour.o(.data)
    .data                                    0x200000ba   Section       10  task_chassis.o(.data)
    i                                        0x200000ba   Data           1  task_chassis.o(.data)
    last_ch                                  0x200000be   Data           6  task_chassis.o(.data)
    .data                                    0x200000c4   Section        4  bsp_usart2.o(.data)
    .data                                    0x200000c8   Section        4  fifo_buff.o(.data)
    .bss                                     0x200000cc   Section      596  freertos.o(.bss)
    xIdleTaskTCBBuffer                       0x200000cc   Data          84  freertos.o(.bss)
    xIdleStack                               0x20000120   Data         512  freertos.o(.bss)
    .bss                                     0x20000320   Section       80  can.o(.bss)
    .bss                                     0x20000370   Section       16  rng.o(.bss)
    .bss                                     0x20000380   Section      928  usart.o(.bss)
    .bss                                     0x20000720   Section       64  stm32f4xx_hal_timebase_tim.o(.bss)
    .bss                                     0x20000760   Section      240  tasks.o(.bss)
    pxReadyTasksLists                        0x20000760   Data         140  tasks.o(.bss)
    xDelayedTaskList1                        0x200007ec   Data          20  tasks.o(.bss)
    xDelayedTaskList2                        0x20000800   Data          20  tasks.o(.bss)
    xPendingReadyList                        0x20000814   Data          20  tasks.o(.bss)
    xTasksWaitingTermination                 0x20000828   Data          20  tasks.o(.bss)
    xSuspendedTaskList                       0x2000083c   Data          20  tasks.o(.bss)
    .bss                                     0x20000850   Section    15360  heap_4.o(.bss)
    ucHeap                                   0x20000850   Data       15360  heap_4.o(.bss)
    .bss                                     0x20004450   Section       94  remotecontrol.o(.bss)
    .bss                                     0x200044b0   Section      140  can_1_receive.o(.bss)
    .bss                                     0x2000453c   Section       24  chassis_app.o(.bss)
    Txmessage                                0x2000453c   Data          24  chassis_app.o(.bss)
    .bss                                     0x20004554   Section      656  task_chassis.o(.bss)
    .bss                                     0x200047e4   Section     1576  bsp_usart2.o(.bss)
    Usart2_Tx                                0x200048e4   Data         512  bsp_usart2.o(.bss)
    Usart2_Rx_Buffer                         0x20004ae4   Data         256  bsp_usart2.o(.bss)
    Usart2_Tx_Buffer                         0x20004be4   Data         512  bsp_usart2.o(.bss)
    .bss                                     0x20004e0c   Section       96  libspace.o(.bss)
    HEAP                                     0x20004e70   Section      512  startup_stm32f407xx.o(HEAP)
    Heap_Mem                                 0x20004e70   Data         512  startup_stm32f407xx.o(HEAP)
    STACK                                    0x20005070   Section     1024  startup_stm32f407xx.o(STACK)
    Stack_Mem                                0x20005070   Data        1024  startup_stm32f407xx.o(STACK)
    __initial_sp                             0x20005470   Data           0  startup_stm32f407xx.o(STACK)

    Global Symbols

    Symbol Name                              Value     Ov Type        Size  Object(Section)

    BuildAttributes$$THM_ISAv4$E$P$D$K$B$S$7EM$VFPi3$EXTD16$VFPS$VFMA$PE$A:L22UL41UL21$X:L11$S22US41US21$IEEE1$IW$USESV6$~STKCKD$USESV7$~SHL$OSPACE$ROPI$EBA8$UX$STANDARDLIB$REQ8$PRES8$EABIv2 0x00000000   Number         0  anon$$obj.o ABSOLUTE
    __ARM_use_no_argv                        0x00000000   Number         0  main.o ABSOLUTE
    __ARM_exceptions_init                     - Undefined Weak Reference
    __alloca_initialize                       - Undefined Weak Reference
    __arm_fini_                               - Undefined Weak Reference
    __arm_preinit_                            - Undefined Weak Reference
    __cpp_initialize__aeabi_                  - Undefined Weak Reference
    __cxa_finalize                            - Undefined Weak Reference
    __rt_locale                               - Undefined Weak Reference
    __sigvec_lookup                           - Undefined Weak Reference
    _atexit_init                              - Undefined Weak Reference
    _call_atexit_fns                          - Undefined Weak Reference
    _clock_init                               - Undefined Weak Reference
    _fp_trap_init                             - Undefined Weak Reference
    _fp_trap_shutdown                         - Undefined Weak Reference
    _get_lc_collate                           - Undefined Weak Reference
    _get_lc_ctype                             - Undefined Weak Reference
    _get_lc_monetary                          - Undefined Weak Reference
    _get_lc_numeric                           - Undefined Weak Reference
    _get_lc_time                              - Undefined Weak Reference
    _getenv_init                              - Undefined Weak Reference
    _handle_redirection                       - Undefined Weak Reference
    _init_alloc                               - Undefined Weak Reference
    _init_user_alloc                          - Undefined Weak Reference
    _initio                                   - Undefined Weak Reference
    _rand_init                                - Undefined Weak Reference
    _signal_finish                            - Undefined Weak Reference
    _signal_init                              - Undefined Weak Reference
    _terminate_alloc                          - Undefined Weak Reference
    _terminate_user_alloc                     - Undefined Weak Reference
    _terminateio                              - Undefined Weak Reference
    __Vectors_Size                           0x00000188   Number         0  startup_stm32f407xx.o ABSOLUTE
    __Vectors                                0x08000000   Data           4  startup_stm32f407xx.o(RESET)
    __Vectors_End                            0x08000188   Data           0  startup_stm32f407xx.o(RESET)
    __main                                   0x08000189   Thumb Code     8  __main.o(!!!main)
    __scatterload                            0x08000191   Thumb Code     0  __scatter.o(!!!scatter)
    __scatterload_rt2                        0x08000191   Thumb Code    44  __scatter.o(!!!scatter)
    __scatterload_rt2_thumb_only             0x08000191   Thumb Code     0  __scatter.o(!!!scatter)
    __scatterload_null                       0x0800019f   Thumb Code     0  __scatter.o(!!!scatter)
    __scatterload_copy                       0x080001c5   Thumb Code    26  __scatter_copy.o(!!handler_copy)
    __scatterload_zeroinit                   0x080001e1   Thumb Code    28  __scatter_zi.o(!!handler_zi)
    __rt_lib_init                            0x080001fd   Thumb Code     0  libinit.o(.ARM.Collect$$libinit$$00000000)
    __rt_lib_init_fp_1                       0x080001ff   Thumb Code     0  libinit2.o(.ARM.Collect$$libinit$$00000001)
    __rt_lib_init_alloca_1                   0x08000203   Thumb Code     0  libinit2.o(.ARM.Collect$$libinit$$0000002E)
    __rt_lib_init_argv_1                     0x08000203   Thumb Code     0  libinit2.o(.ARM.Collect$$libinit$$0000002C)
    __rt_lib_init_atexit_1                   0x08000203   Thumb Code     0  libinit2.o(.ARM.Collect$$libinit$$0000001B)
    __rt_lib_init_clock_1                    0x08000203   Thumb Code     0  libinit2.o(.ARM.Collect$$libinit$$00000021)
    __rt_lib_init_cpp_1                      0x08000203   Thumb Code     0  libinit2.o(.ARM.Collect$$libinit$$00000032)
    __rt_lib_init_exceptions_1               0x08000203   Thumb Code     0  libinit2.o(.ARM.Collect$$libinit$$00000030)
    __rt_lib_init_fp_trap_1                  0x08000203   Thumb Code     0  libinit2.o(.ARM.Collect$$libinit$$0000001F)
    __rt_lib_init_getenv_1                   0x08000203   Thumb Code     0  libinit2.o(.ARM.Collect$$libinit$$00000023)
    __rt_lib_init_heap_1                     0x08000203   Thumb Code     0  libinit2.o(.ARM.Collect$$libinit$$0000000A)
    __rt_lib_init_lc_collate_1               0x08000203   Thumb Code     0  libinit2.o(.ARM.Collect$$libinit$$00000011)
    __rt_lib_init_lc_ctype_1                 0x08000203   Thumb Code     0  libinit2.o(.ARM.Collect$$libinit$$00000013)
    __rt_lib_init_lc_monetary_1              0x08000203   Thumb Code     0  libinit2.o(.ARM.Collect$$libinit$$00000015)
    __rt_lib_init_lc_numeric_1               0x08000203   Thumb Code     0  libinit2.o(.ARM.Collect$$libinit$$00000017)
    __rt_lib_init_lc_time_1                  0x08000203   Thumb Code     0  libinit2.o(.ARM.Collect$$libinit$$00000019)
    __rt_lib_init_preinit_1                  0x08000203   Thumb Code     0  libinit2.o(.ARM.Collect$$libinit$$00000004)
    __rt_lib_init_rand_1                     0x08000203   Thumb Code     0  libinit2.o(.ARM.Collect$$libinit$$0000000E)
    __rt_lib_init_return                     0x08000203   Thumb Code     0  libinit2.o(.ARM.Collect$$libinit$$00000033)
    __rt_lib_init_signal_1                   0x08000203   Thumb Code     0  libinit2.o(.ARM.Collect$$libinit$$0000001D)
    __rt_lib_init_stdio_1                    0x08000203   Thumb Code     0  libinit2.o(.ARM.Collect$$libinit$$00000025)
    __rt_lib_init_user_alloc_1               0x08000203   Thumb Code     0  libinit2.o(.ARM.Collect$$libinit$$0000000C)
    __rt_lib_shutdown                        0x08000205   Thumb Code     0  libshutdown.o(.ARM.Collect$$libshutdown$$00000000)
    __rt_lib_shutdown_cpp_1                  0x08000207   Thumb Code     0  libshutdown2.o(.ARM.Collect$$libshutdown$$00000004)
    __rt_lib_shutdown_fini_1                 0x08000207   Thumb Code     0  libshutdown2.o(.ARM.Collect$$libshutdown$$00000002)
    __rt_lib_shutdown_fp_trap_1              0x08000207   Thumb Code     0  libshutdown2.o(.ARM.Collect$$libshutdown$$00000009)
    __rt_lib_shutdown_heap_1                 0x08000207   Thumb Code     0  libshutdown2.o(.ARM.Collect$$libshutdown$$00000011)
    __rt_lib_shutdown_return                 0x08000207   Thumb Code     0  libshutdown2.o(.ARM.Collect$$libshutdown$$00000012)
    __rt_lib_shutdown_signal_1               0x08000207   Thumb Code     0  libshutdown2.o(.ARM.Collect$$libshutdown$$0000000C)
    __rt_lib_shutdown_stdio_1                0x08000207   Thumb Code     0  libshutdown2.o(.ARM.Collect$$libshutdown$$00000006)
    __rt_lib_shutdown_user_alloc_1           0x08000207   Thumb Code     0  libshutdown2.o(.ARM.Collect$$libshutdown$$0000000E)
    __rt_entry                               0x08000209   Thumb Code     0  __rtentry.o(.ARM.Collect$$rtentry$$00000000)
    __rt_entry_presh_1                       0x08000209   Thumb Code     0  __rtentry2.o(.ARM.Collect$$rtentry$$00000002)
    __rt_entry_sh                            0x08000209   Thumb Code     0  __rtentry4.o(.ARM.Collect$$rtentry$$00000004)
    __rt_entry_li                            0x0800020f   Thumb Code     0  __rtentry2.o(.ARM.Collect$$rtentry$$0000000A)
    __rt_entry_postsh_1                      0x0800020f   Thumb Code     0  __rtentry2.o(.ARM.Collect$$rtentry$$00000009)
    __rt_entry_main                          0x08000213   Thumb Code     0  __rtentry2.o(.ARM.Collect$$rtentry$$0000000D)
    __rt_entry_postli_1                      0x08000213   Thumb Code     0  __rtentry2.o(.ARM.Collect$$rtentry$$0000000C)
    __rt_exit                                0x0800021b   Thumb Code     0  rtexit.o(.ARM.Collect$$rtexit$$00000000)
    __rt_exit_ls                             0x0800021d   Thumb Code     0  rtexit2.o(.ARM.Collect$$rtexit$$00000003)
    __rt_exit_prels_1                        0x0800021d   Thumb Code     0  rtexit2.o(.ARM.Collect$$rtexit$$00000002)
    __rt_exit_exit                           0x08000221   Thumb Code     0  rtexit2.o(.ARM.Collect$$rtexit$$00000004)
    SVC_Handler                              0x08000229   Thumb Code    28  port.o(.emb_text)
    __asm___6_port_c_39a90d8d__prvStartFirstTask 0x08000249   Thumb Code    36  port.o(.emb_text)
    __asm___6_port_c_39a90d8d__prvEnableVFP  0x08000271   Thumb Code    16  port.o(.emb_text)
    PendSV_Handler                           0x08000285   Thumb Code    88  port.o(.emb_text)
    vPortGetIPSR                             0x080002e1   Thumb Code     6  port.o(.emb_text)
    Reset_Handler                            0x080002e9   Thumb Code     8  startup_stm32f407xx.o(.text)
    ADC_IRQHandler                           0x08000303   Thumb Code     0  startup_stm32f407xx.o(.text)
    CAN1_RX1_IRQHandler                      0x08000303   Thumb Code     0  startup_stm32f407xx.o(.text)
    CAN1_SCE_IRQHandler                      0x08000303   Thumb Code     0  startup_stm32f407xx.o(.text)
    CAN1_TX_IRQHandler                       0x08000303   Thumb Code     0  startup_stm32f407xx.o(.text)
    CAN2_RX1_IRQHandler                      0x08000303   Thumb Code     0  startup_stm32f407xx.o(.text)
    CAN2_SCE_IRQHandler                      0x08000303   Thumb Code     0  startup_stm32f407xx.o(.text)
    CAN2_TX_IRQHandler                       0x08000303   Thumb Code     0  startup_stm32f407xx.o(.text)
    DCMI_IRQHandler                          0x08000303   Thumb Code     0  startup_stm32f407xx.o(.text)
    DMA1_Stream0_IRQHandler                  0x08000303   Thumb Code     0  startup_stm32f407xx.o(.text)
    DMA1_Stream2_IRQHandler                  0x08000303   Thumb Code     0  startup_stm32f407xx.o(.text)
    DMA1_Stream4_IRQHandler                  0x08000303   Thumb Code     0  startup_stm32f407xx.o(.text)
    DMA1_Stream7_IRQHandler                  0x08000303   Thumb Code     0  startup_stm32f407xx.o(.text)
    DMA2_Stream0_IRQHandler                  0x08000303   Thumb Code     0  startup_stm32f407xx.o(.text)
    DMA2_Stream3_IRQHandler                  0x08000303   Thumb Code     0  startup_stm32f407xx.o(.text)
    DMA2_Stream4_IRQHandler                  0x08000303   Thumb Code     0  startup_stm32f407xx.o(.text)
    DMA2_Stream5_IRQHandler                  0x08000303   Thumb Code     0  startup_stm32f407xx.o(.text)
    DMA2_Stream7_IRQHandler                  0x08000303   Thumb Code     0  startup_stm32f407xx.o(.text)
    ETH_IRQHandler                           0x08000303   Thumb Code     0  startup_stm32f407xx.o(.text)
    ETH_WKUP_IRQHandler                      0x08000303   Thumb Code     0  startup_stm32f407xx.o(.text)
    EXTI0_IRQHandler                         0x08000303   Thumb Code     0  startup_stm32f407xx.o(.text)
    EXTI15_10_IRQHandler                     0x08000303   Thumb Code     0  startup_stm32f407xx.o(.text)
    EXTI1_IRQHandler                         0x08000303   Thumb Code     0  startup_stm32f407xx.o(.text)
    EXTI2_IRQHandler                         0x08000303   Thumb Code     0  startup_stm32f407xx.o(.text)
    EXTI3_IRQHandler                         0x08000303   Thumb Code     0  startup_stm32f407xx.o(.text)
    EXTI4_IRQHandler                         0x08000303   Thumb Code     0  startup_stm32f407xx.o(.text)
    EXTI9_5_IRQHandler                       0x08000303   Thumb Code     0  startup_stm32f407xx.o(.text)
    FLASH_IRQHandler                         0x08000303   Thumb Code     0  startup_stm32f407xx.o(.text)
    FMC_IRQHandler                           0x08000303   Thumb Code     0  startup_stm32f407xx.o(.text)
    FPU_IRQHandler                           0x08000303   Thumb Code     0  startup_stm32f407xx.o(.text)
    HASH_RNG_IRQHandler                      0x08000303   Thumb Code     0  startup_stm32f407xx.o(.text)
    I2C1_ER_IRQHandler                       0x08000303   Thumb Code     0  startup_stm32f407xx.o(.text)
    I2C1_EV_IRQHandler                       0x08000303   Thumb Code     0  startup_stm32f407xx.o(.text)
    I2C2_ER_IRQHandler                       0x08000303   Thumb Code     0  startup_stm32f407xx.o(.text)
    I2C2_EV_IRQHandler                       0x08000303   Thumb Code     0  startup_stm32f407xx.o(.text)
    I2C3_ER_IRQHandler                       0x08000303   Thumb Code     0  startup_stm32f407xx.o(.text)
    I2C3_EV_IRQHandler                       0x08000303   Thumb Code     0  startup_stm32f407xx.o(.text)
    OTG_FS_IRQHandler                        0x08000303   Thumb Code     0  startup_stm32f407xx.o(.text)
    OTG_FS_WKUP_IRQHandler                   0x08000303   Thumb Code     0  startup_stm32f407xx.o(.text)
    OTG_HS_EP1_IN_IRQHandler                 0x08000303   Thumb Code     0  startup_stm32f407xx.o(.text)
    OTG_HS_EP1_OUT_IRQHandler                0x08000303   Thumb Code     0  startup_stm32f407xx.o(.text)
    OTG_HS_IRQHandler                        0x08000303   Thumb Code     0  startup_stm32f407xx.o(.text)
    OTG_HS_WKUP_IRQHandler                   0x08000303   Thumb Code     0  startup_stm32f407xx.o(.text)
    PVD_IRQHandler                           0x08000303   Thumb Code     0  startup_stm32f407xx.o(.text)
    RCC_IRQHandler                           0x08000303   Thumb Code     0  startup_stm32f407xx.o(.text)
    RTC_Alarm_IRQHandler                     0x08000303   Thumb Code     0  startup_stm32f407xx.o(.text)
    RTC_WKUP_IRQHandler                      0x08000303   Thumb Code     0  startup_stm32f407xx.o(.text)
    SDIO_IRQHandler                          0x08000303   Thumb Code     0  startup_stm32f407xx.o(.text)
    SPI1_IRQHandler                          0x08000303   Thumb Code     0  startup_stm32f407xx.o(.text)
    SPI2_IRQHandler                          0x08000303   Thumb Code     0  startup_stm32f407xx.o(.text)
    SPI3_IRQHandler                          0x08000303   Thumb Code     0  startup_stm32f407xx.o(.text)
    TAMP_STAMP_IRQHandler                    0x08000303   Thumb Code     0  startup_stm32f407xx.o(.text)
    TIM1_BRK_TIM9_IRQHandler                 0x08000303   Thumb Code     0  startup_stm32f407xx.o(.text)
    TIM1_CC_IRQHandler                       0x08000303   Thumb Code     0  startup_stm32f407xx.o(.text)
    TIM1_TRG_COM_TIM11_IRQHandler            0x08000303   Thumb Code     0  startup_stm32f407xx.o(.text)
    TIM1_UP_TIM10_IRQHandler                 0x08000303   Thumb Code     0  startup_stm32f407xx.o(.text)
    TIM3_IRQHandler                          0x08000303   Thumb Code     0  startup_stm32f407xx.o(.text)
    TIM4_IRQHandler                          0x08000303   Thumb Code     0  startup_stm32f407xx.o(.text)
    TIM5_IRQHandler                          0x08000303   Thumb Code     0  startup_stm32f407xx.o(.text)
    TIM6_DAC_IRQHandler                      0x08000303   Thumb Code     0  startup_stm32f407xx.o(.text)
    TIM7_IRQHandler                          0x08000303   Thumb Code     0  startup_stm32f407xx.o(.text)
    TIM8_BRK_TIM12_IRQHandler                0x08000303   Thumb Code     0  startup_stm32f407xx.o(.text)
    TIM8_CC_IRQHandler                       0x08000303   Thumb Code     0  startup_stm32f407xx.o(.text)
    TIM8_TRG_COM_TIM14_IRQHandler            0x08000303   Thumb Code     0  startup_stm32f407xx.o(.text)
    TIM8_UP_TIM13_IRQHandler                 0x08000303   Thumb Code     0  startup_stm32f407xx.o(.text)
    UART4_IRQHandler                         0x08000303   Thumb Code     0  startup_stm32f407xx.o(.text)
    UART5_IRQHandler                         0x08000303   Thumb Code     0  startup_stm32f407xx.o(.text)
    WWDG_IRQHandler                          0x08000303   Thumb Code     0  startup_stm32f407xx.o(.text)
    __user_initial_stackheap                 0x08000305   Thumb Code     0  startup_stm32f407xx.o(.text)
    __aeabi_uldivmod                         0x08000329   Thumb Code     0  lludivv7m.o(.text)
    _ll_udiv                                 0x08000329   Thumb Code   238  lludivv7m.o(.text)
    __aeabi_memcpy                           0x08000417   Thumb Code     0  rt_memcpy_v6.o(.text)
    __rt_memcpy                              0x08000417   Thumb Code   138  rt_memcpy_v6.o(.text)
    _memcpy_lastbytes                        0x0800047d   Thumb Code     0  rt_memcpy_v6.o(.text)
    __aeabi_memcpy4                          0x080004a1   Thumb Code     0  rt_memcpy_w.o(.text)
    __aeabi_memcpy8                          0x080004a1   Thumb Code     0  rt_memcpy_w.o(.text)
    __rt_memcpy_w                            0x080004a1   Thumb Code   100  rt_memcpy_w.o(.text)
    _memcpy_lastbytes_aligned                0x080004e9   Thumb Code     0  rt_memcpy_w.o(.text)
    __aeabi_memclr4                          0x08000505   Thumb Code     0  rt_memclr_w.o(.text)
    __aeabi_memclr8                          0x08000505   Thumb Code     0  rt_memclr_w.o(.text)
    __rt_memclr_w                            0x08000505   Thumb Code    78  rt_memclr_w.o(.text)
    _memset_w                                0x08000509   Thumb Code     0  rt_memclr_w.o(.text)
    __use_two_region_memory                  0x08000553   Thumb Code     2  heapauxi.o(.text)
    __rt_heap_escrow$2region                 0x08000555   Thumb Code     2  heapauxi.o(.text)
    __rt_heap_expand$2region                 0x08000557   Thumb Code     2  heapauxi.o(.text)
    __user_setup_stackheap                   0x08000559   Thumb Code    74  sys_stackheap_outer.o(.text)
    exit                                     0x080005a3   Thumb Code    18  exit.o(.text)
    __user_libspace                          0x080005b5   Thumb Code     8  libspace.o(.text)
    __user_perproc_libspace                  0x080005b5   Thumb Code     0  libspace.o(.text)
    __user_perthread_libspace                0x080005b5   Thumb Code     0  libspace.o(.text)
    _sys_exit                                0x080005bd   Thumb Code     8  sys_exit.o(.text)
    __I$use$semihosting                      0x080005c9   Thumb Code     0  use_no_semi.o(.text)
    __use_no_semihosting_swi                 0x080005c9   Thumb Code     2  use_no_semi.o(.text)
    BusFault_Handler                         0x080005cb   Thumb Code     2  stm32f4xx_it.o(i.BusFault_Handler)
    __semihosting_library_function           0x080005cb   Thumb Code     0  indicate_semi.o(.text)
    CAN1_RX0_IRQHandler                      0x080005cd   Thumb Code     6  stm32f4xx_it.o(i.CAN1_RX0_IRQHandler)
    CAN1_chassis_receive                     0x080005d9   Thumb Code   158  can_1_receive.o(i.CAN1_chassis_receive)
    CAN1_filter_config                       0x0800068d   Thumb Code    56  can_1_receive.o(i.CAN1_filter_config)
    CAN2_RX0_IRQHandler                      0x080006c9   Thumb Code     6  stm32f4xx_it.o(i.CAN2_RX0_IRQHandler)
    CAN2_chassis_receive                     0x080006d5   Thumb Code    18  can_2_receive.o(i.CAN2_chassis_receive)
    CAN2_filter_config                       0x080006e9   Thumb Code    56  can_2_receive.o(i.CAN2_filter_config)
    Chassis_CAN_Send_Msg                     0x08000725   Thumb Code    74  chassis_app.o(i.Chassis_CAN_Send_Msg)
    Chassis_Task                             0x08000779   Thumb Code    92  task_chassis.o(i.Chassis_Task)
    Chassis_Task_OFF                         0x080007e1   Thumb Code    68  task_chassis.o(i.Chassis_Task_OFF)
    DMA1_Stream1_IRQHandler                  0x080009b9   Thumb Code     6  stm32f4xx_it.o(i.DMA1_Stream1_IRQHandler)
    DMA1_Stream3_IRQHandler                  0x080009c5   Thumb Code     6  stm32f4xx_it.o(i.DMA1_Stream3_IRQHandler)
    DMA1_Stream5_IRQHandler                  0x080009d1   Thumb Code     6  stm32f4xx_it.o(i.DMA1_Stream5_IRQHandler)
    DMA1_Stream6_IRQHandler                  0x080009dd   Thumb Code     6  stm32f4xx_it.o(i.DMA1_Stream6_IRQHandler)
    DMA2_Stream1_IRQHandler                  0x080009e9   Thumb Code     6  stm32f4xx_it.o(i.DMA2_Stream1_IRQHandler)
    DMA2_Stream2_IRQHandler                  0x080009f5   Thumb Code     6  stm32f4xx_it.o(i.DMA2_Stream2_IRQHandler)
    DMA2_Stream6_IRQHandler                  0x08000a01   Thumb Code     6  stm32f4xx_it.o(i.DMA2_Stream6_IRQHandler)
    DebugMon_Handler                         0x08000ab1   Thumb Code     2  stm32f4xx_it.o(i.DebugMon_Handler)
    Detect_TASK                              0x08000ab5   Thumb Code    24  task_detect.o(i.Detect_TASK)
    Error_Handler                            0x08000ad1   Thumb Code     4  main.o(i.Error_Handler)
    Fire_Task                                0x08000ad5   Thumb Code    24  task_fire.o(i.Fire_Task)
    Get_Laser_Back                           0x08000af1   Thumb Code    18  chassis_behaviour.o(i.Get_Laser_Back)
    Get_Laser_Forward                        0x08000b0d   Thumb Code    18  chassis_behaviour.o(i.Get_Laser_Forward)
    HAL_CAN_ActivateNotification             0x08000b29   Thumb Code    36  stm32f4xx_hal_can.o(i.HAL_CAN_ActivateNotification)
    HAL_CAN_AddTxMessage                     0x08000b4d   Thumb Code   220  stm32f4xx_hal_can.o(i.HAL_CAN_AddTxMessage)
    HAL_CAN_ConfigFilter                     0x08000c29   Thumb Code   262  stm32f4xx_hal_can.o(i.HAL_CAN_ConfigFilter)
    HAL_CAN_ErrorCallback                    0x08000d35   Thumb Code     2  stm32f4xx_hal_can.o(i.HAL_CAN_ErrorCallback)
    HAL_CAN_GetRxMessage                     0x08000d37   Thumb Code   232  stm32f4xx_hal_can.o(i.HAL_CAN_GetRxMessage)
    HAL_CAN_IRQHandler                       0x08000e1f   Thumb Code   508  stm32f4xx_hal_can.o(i.HAL_CAN_IRQHandler)
    HAL_CAN_Init                             0x0800101b   Thumb Code   282  stm32f4xx_hal_can.o(i.HAL_CAN_Init)
    HAL_CAN_MspInit                          0x08001135   Thumb Code   226  can.o(i.HAL_CAN_MspInit)
    HAL_CAN_RxFifo0FullCallback              0x08001231   Thumb Code     2  stm32f4xx_hal_can.o(i.HAL_CAN_RxFifo0FullCallback)
    HAL_CAN_RxFifo0MsgPendingCallback        0x08001235   Thumb Code    34  can_1_receive.o(i.HAL_CAN_RxFifo0MsgPendingCallback)
    HAL_CAN_RxFifo1FullCallback              0x08001261   Thumb Code     2  stm32f4xx_hal_can.o(i.HAL_CAN_RxFifo1FullCallback)
    HAL_CAN_RxFifo1MsgPendingCallback        0x08001263   Thumb Code     2  stm32f4xx_hal_can.o(i.HAL_CAN_RxFifo1MsgPendingCallback)
    HAL_CAN_SleepCallback                    0x08001265   Thumb Code     2  stm32f4xx_hal_can.o(i.HAL_CAN_SleepCallback)
    HAL_CAN_Start                            0x08001269   Thumb Code    88  stm32f4xx_hal_can.o(i.HAL_CAN_Start)
    HAL_CAN_TxMailbox0AbortCallback          0x080012c1   Thumb Code     2  stm32f4xx_hal_can.o(i.HAL_CAN_TxMailbox0AbortCallback)
    HAL_CAN_TxMailbox0CompleteCallback       0x080012c3   Thumb Code     2  stm32f4xx_hal_can.o(i.HAL_CAN_TxMailbox0CompleteCallback)
    HAL_CAN_TxMailbox1AbortCallback          0x080012c5   Thumb Code     2  stm32f4xx_hal_can.o(i.HAL_CAN_TxMailbox1AbortCallback)
    HAL_CAN_TxMailbox1CompleteCallback       0x080012c7   Thumb Code     2  stm32f4xx_hal_can.o(i.HAL_CAN_TxMailbox1CompleteCallback)
    HAL_CAN_TxMailbox2AbortCallback          0x080012c9   Thumb Code     2  stm32f4xx_hal_can.o(i.HAL_CAN_TxMailbox2AbortCallback)
    HAL_CAN_TxMailbox2CompleteCallback       0x080012cb   Thumb Code     2  stm32f4xx_hal_can.o(i.HAL_CAN_TxMailbox2CompleteCallback)
    HAL_CAN_WakeUpFromRxMsgCallback          0x080012cd   Thumb Code     2  stm32f4xx_hal_can.o(i.HAL_CAN_WakeUpFromRxMsgCallback)
    HAL_DMA_Abort_IT                         0x080012cf   Thumb Code    36  stm32f4xx_hal_dma.o(i.HAL_DMA_Abort_IT)
    HAL_DMA_IRQHandler                       0x080012f5   Thumb Code   412  stm32f4xx_hal_dma.o(i.HAL_DMA_IRQHandler)
    HAL_DMA_Init                             0x08001495   Thumb Code   206  stm32f4xx_hal_dma.o(i.HAL_DMA_Init)
    HAL_DMA_Start_IT                         0x08001569   Thumb Code   110  stm32f4xx_hal_dma.o(i.HAL_DMA_Start_IT)
    HAL_GPIO_Init                            0x080015d9   Thumb Code   394  stm32f4xx_hal_gpio.o(i.HAL_GPIO_Init)
    HAL_GPIO_ReadPin                         0x08001791   Thumb Code    10  stm32f4xx_hal_gpio.o(i.HAL_GPIO_ReadPin)
    HAL_GPIO_WritePin                        0x0800179b   Thumb Code    10  stm32f4xx_hal_gpio.o(i.HAL_GPIO_WritePin)
    HAL_GetTick                              0x080017a5   Thumb Code     6  stm32f4xx_hal.o(i.HAL_GetTick)
    HAL_IncTick                              0x080017b1   Thumb Code    12  stm32f4xx_hal.o(i.HAL_IncTick)
    HAL_Init                                 0x080017c1   Thumb Code    48  stm32f4xx_hal.o(i.HAL_Init)
    HAL_InitTick                             0x080017f5   Thumb Code   102  stm32f4xx_hal_timebase_tim.o(i.HAL_InitTick)
    HAL_MspInit                              0x08001869   Thumb Code    52  stm32f4xx_hal_msp.o(i.HAL_MspInit)
    HAL_NVIC_EnableIRQ                       0x080018a1   Thumb Code    26  stm32f4xx_hal_cortex.o(i.HAL_NVIC_EnableIRQ)
    HAL_NVIC_SetPriority                     0x080018bd   Thumb Code    60  stm32f4xx_hal_cortex.o(i.HAL_NVIC_SetPriority)
    HAL_NVIC_SetPriorityGrouping             0x080018fd   Thumb Code    26  stm32f4xx_hal_cortex.o(i.HAL_NVIC_SetPriorityGrouping)
    HAL_RCC_ClockConfig                      0x08001921   Thumb Code   288  stm32f4xx_hal_rcc.o(i.HAL_RCC_ClockConfig)
    HAL_RCC_GetClockConfig                   0x08001a55   Thumb Code    54  stm32f4xx_hal_rcc.o(i.HAL_RCC_GetClockConfig)
    HAL_RCC_GetPCLK1Freq                     0x08001a95   Thumb Code    20  stm32f4xx_hal_rcc.o(i.HAL_RCC_GetPCLK1Freq)
    HAL_RCC_GetPCLK2Freq                     0x08001ab5   Thumb Code    20  stm32f4xx_hal_rcc.o(i.HAL_RCC_GetPCLK2Freq)
    HAL_RCC_GetSysClockFreq                  0x08001ad5   Thumb Code    88  stm32f4xx_hal_rcc.o(i.HAL_RCC_GetSysClockFreq)
    HAL_RCC_OscConfig                        0x08001b39   Thumb Code   840  stm32f4xx_hal_rcc.o(i.HAL_RCC_OscConfig)
    HAL_RNG_GenerateRandomNumber             0x08001e95   Thumb Code   116  stm32f4xx_hal_rng.o(i.HAL_RNG_GenerateRandomNumber)
    HAL_RNG_Init                             0x08001f09   Thumb Code    50  stm32f4xx_hal_rng.o(i.HAL_RNG_Init)
    HAL_RNG_MspInit                          0x08001f3d   Thumb Code    30  rng.o(i.HAL_RNG_MspInit)
    HAL_TIMEx_BreakCallback                  0x08001f65   Thumb Code     2  stm32f4xx_hal_tim_ex.o(i.HAL_TIMEx_BreakCallback)
    HAL_TIMEx_CommutCallback                 0x08001f67   Thumb Code     2  stm32f4xx_hal_tim_ex.o(i.HAL_TIMEx_CommutCallback)
    HAL_TIM_Base_Init                        0x08001f69   Thumb Code    54  stm32f4xx_hal_tim.o(i.HAL_TIM_Base_Init)
    HAL_TIM_Base_MspInit                     0x08001f9f   Thumb Code     2  stm32f4xx_hal_tim.o(i.HAL_TIM_Base_MspInit)
    HAL_TIM_Base_Start_IT                    0x08001fa1   Thumb Code    34  stm32f4xx_hal_tim.o(i.HAL_TIM_Base_Start_IT)
    HAL_TIM_IC_CaptureCallback               0x08001fc3   Thumb Code     2  stm32f4xx_hal_tim.o(i.HAL_TIM_IC_CaptureCallback)
    HAL_TIM_IRQHandler                       0x08001fc5   Thumb Code   358  stm32f4xx_hal_tim.o(i.HAL_TIM_IRQHandler)
    HAL_TIM_OC_DelayElapsedCallback          0x0800212b   Thumb Code     2  stm32f4xx_hal_tim.o(i.HAL_TIM_OC_DelayElapsedCallback)
    HAL_TIM_PWM_PulseFinishedCallback        0x0800212d   Thumb Code     2  stm32f4xx_hal_tim.o(i.HAL_TIM_PWM_PulseFinishedCallback)
    HAL_TIM_PeriodElapsedCallback            0x0800212f   Thumb Code    14  main.o(i.HAL_TIM_PeriodElapsedCallback)
    HAL_TIM_TriggerCallback                  0x0800213d   Thumb Code     2  stm32f4xx_hal_tim.o(i.HAL_TIM_TriggerCallback)
    HAL_UART_ErrorCallback                   0x0800213f   Thumb Code     2  stm32f4xx_hal_uart.o(i.HAL_UART_ErrorCallback)
    HAL_UART_IRQHandler                      0x08002141   Thumb Code   270  stm32f4xx_hal_uart.o(i.HAL_UART_IRQHandler)
    HAL_UART_Init                            0x08002255   Thumb Code    98  stm32f4xx_hal_uart.o(i.HAL_UART_Init)
    HAL_UART_MspInit                         0x080022b9   Thumb Code   748  usart.o(i.HAL_UART_MspInit)
    HAL_UART_Receive_DMA                     0x080025d9   Thumb Code   138  stm32f4xx_hal_uart.o(i.HAL_UART_Receive_DMA)
    HAL_UART_RxCpltCallback                  0x08002671   Thumb Code     2  stm32f4xx_hal_uart.o(i.HAL_UART_RxCpltCallback)
    HAL_UART_RxHalfCpltCallback              0x08002673   Thumb Code     2  stm32f4xx_hal_uart.o(i.HAL_UART_RxHalfCpltCallback)
    HAL_UART_TxCpltCallback                  0x08002675   Thumb Code     2  stm32f4xx_hal_uart.o(i.HAL_UART_TxCpltCallback)
    HardFault_Handler                        0x08002677   Thumb Code     2  stm32f4xx_it.o(i.HardFault_Handler)
    Led_Task                                 0x08002679   Thumb Code    40  task_led.o(i.Led_Task)
    Location_Pid_Int32                       0x080026a5   Thumb Code   150  pid.o(i.Location_Pid_Int32)
    MX_CAN1_Init                             0x08002741   Thumb Code    60  can.o(i.MX_CAN1_Init)
    MX_CAN2_Init                             0x08002785   Thumb Code    60  can.o(i.MX_CAN2_Init)
    MX_DMA_Init                              0x080027c9   Thumb Code   152  dma.o(i.MX_DMA_Init)
    MX_FREERTOS_Init                         0x08002865   Thumb Code   118  freertos.o(i.MX_FREERTOS_Init)
    MX_GPIO_Init                             0x080028e5   Thumb Code   202  gpio.o(i.MX_GPIO_Init)
    MX_RNG_Init                              0x080029c1   Thumb Code    28  rng.o(i.MX_RNG_Init)
    MX_USART1_UART_Init                      0x080029e5   Thumb Code    50  usart.o(i.MX_USART1_UART_Init)
    MX_USART2_UART_Init                      0x08002a25   Thumb Code    48  usart.o(i.MX_USART2_UART_Init)
    MX_USART3_UART_Init                      0x08002a5d   Thumb Code    48  usart.o(i.MX_USART3_UART_Init)
    MX_USART6_UART_Init                      0x08002a95   Thumb Code    48  usart.o(i.MX_USART6_UART_Init)
    MemManage_Handler                        0x08002acd   Thumb Code     2  stm32f4xx_it.o(i.MemManage_Handler)
    NMI_Handler                              0x08002acf   Thumb Code     2  stm32f4xx_it.o(i.NMI_Handler)
    RC_Init                                  0x08002ad1   Thumb Code    84  remotecontrol.o(i.RC_Init)
    RC_data_is_error                         0x08002b3d   Thumb Code   102  remotecontrol.o(i.RC_data_is_error)
    RNG_Get_RandomRange                      0x08002ba9   Thumb Code    32  sysinit.o(i.RNG_Get_RandomRange)
    Remote_reload                            0x08002bcd   Thumb Code    28  remotecontrol.o(i.Remote_reload)
    Rmmotor_Speed_control                    0x08002bed   Thumb Code    50  rmmotor.o(i.Rmmotor_Speed_control)
    SAFE_TASK                                0x08002c25   Thumb Code    12  task_safe.o(i.SAFE_TASK)
    StartDefaultTask                         0x08002c31   Thumb Code     8  freertos.o(i.StartDefaultTask)
    SysTick_Handler                          0x08002c39   Thumb Code    38  port.o(i.SysTick_Handler)
    SystemClock_Config                       0x08002c65   Thumb Code   142  main.o(i.SystemClock_Config)
    SystemInit                               0x08002cfd   Thumb Code    22  system_stm32f4xx.o(i.SystemInit)
    System_init                              0x08002d19   Thumb Code    22  sysinit.o(i.System_init)
    TIM2_IRQHandler                          0x08002d31   Thumb Code     6  stm32f4xx_it.o(i.TIM2_IRQHandler)
    TIM_Base_SetConfig                       0x08002d3d   Thumb Code   156  stm32f4xx_hal_tim.o(i.TIM_Base_SetConfig)
    USART1_IRQHandler                        0x080030f5   Thumb Code    18  stm32f4xx_it.o(i.USART1_IRQHandler)
    USART2_IRQHandler                        0x0800310d   Thumb Code    18  stm32f4xx_it.o(i.USART2_IRQHandler)
    USART2_IRQHandler_callback               0x08003125   Thumb Code    70  bsp_usart2.o(i.USART2_IRQHandler_callback)
    USART3_IRQHandler                        0x08003179   Thumb Code     6  stm32f4xx_it.o(i.USART3_IRQHandler)
    USART6_IRQHandler                        0x08003185   Thumb Code     6  stm32f4xx_it.o(i.USART6_IRQHandler)
    USER_UART_IRQHandler                     0x08003191   Thumb Code   164  remotecontrol.o(i.USER_UART_IRQHandler)
    UsageFault_Handler                       0x08003251   Thumb Code     2  stm32f4xx_it.o(i.UsageFault_Handler)
    bsp_usart2_init                          0x08003275   Thumb Code    88  bsp_usart2.o(i.bsp_usart2_init)
    chassis_app_init                         0x080032dd   Thumb Code    34  chassis_app.o(i.chassis_app_init)
    chassis_behaviour_mode_set               0x08003309   Thumb Code   206  chassis_behaviour.o(i.chassis_behaviour_mode_set)
    chassis_set_remote                       0x080035f9   Thumb Code   146  task_chassis.o(i.chassis_set_remote)
    fifo_init                                0x08003691   Thumb Code    30  fifo_buff.o(i.fifo_init)
    fifo_write_buff                          0x080036b1   Thumb Code    76  fifo_buff.o(i.fifo_write_buff)
    first_order_filter                       0x08003701   Thumb Code    56  maths.o(i.first_order_filter)
    first_order_filter_init                  0x08003739   Thumb Code    20  maths.o(i.first_order_filter_init)
    float_abs                                0x0800374d   Thumb Code    16  maths.o(i.float_abs)
    get_Chassis_Motor_Measure_Point          0x0800375d   Thumb Code    16  can_1_receive.o(i.get_Chassis_Motor_Measure_Point)
    get_remote_control_point                 0x08003771   Thumb Code     4  remotecontrol.o(i.get_remote_control_point)
    int32_limit                              0x08003779   Thumb Code    16  maths.o(i.int32_limit)
    main                                     0x08003789   Thumb Code    58  main.o(i.main)
    osDelay                                  0x080037cf   Thumb Code    14  cmsis_os.o(i.osDelay)
    osKernelStart                            0x080037dd   Thumb Code    10  cmsis_os.o(i.osKernelStart)
    osThreadCreate                           0x080037e7   Thumb Code    84  cmsis_os.o(i.osThreadCreate)
    pid_init                                 0x0800383d   Thumb Code    62  pid.o(i.pid_init)
    pvPortMalloc                             0x08003bcd   Thumb Code   210  heap_4.o(i.pvPortMalloc)
    pxPortInitialiseStack                    0x08003ca5   Thumb Code    40  port.o(i.pxPortInitialiseStack)
    remote_control_init                      0x08003cd1   Thumb Code    12  remotecontrol.o(i.remote_control_init)
    uxListRemove                             0x08003d95   Thumb Code    38  list.o(i.uxListRemove)
    vApplicationGetIdleTaskMemory            0x08003dbd   Thumb Code    16  freertos.o(i.vApplicationGetIdleTaskMemory)
    vListInitialise                          0x08003dd1   Thumb Code    22  list.o(i.vListInitialise)
    vListInitialiseItem                      0x08003de7   Thumb Code     6  list.o(i.vListInitialiseItem)
    vListInsert                              0x08003ded   Thumb Code    48  list.o(i.vListInsert)
    vListInsertEnd                           0x08003e1d   Thumb Code    24  list.o(i.vListInsertEnd)
    vPortEnterCritical                       0x08003e35   Thumb Code    54  port.o(i.vPortEnterCritical)
    vPortExitCritical                        0x08003e75   Thumb Code    34  port.o(i.vPortExitCritical)
    vPortFree                                0x08003e9d   Thumb Code    88  heap_4.o(i.vPortFree)
    vPortSetupTimerInterrupt                 0x08003ef9   Thumb Code    32  port.o(i.vPortSetupTimerInterrupt)
    vTaskDelay                               0x08003f1d   Thumb Code    66  tasks.o(i.vTaskDelay)
    vTaskStartScheduler                      0x08003f69   Thumb Code    90  tasks.o(i.vTaskStartScheduler)
    vTaskSuspendAll                          0x08003fd5   Thumb Code    10  tasks.o(i.vTaskSuspendAll)
    vTaskSwitchContext                       0x08003fe5   Thumb Code    82  tasks.o(i.vTaskSwitchContext)
    xPortStartScheduler                      0x08004041   Thumb Code   222  port.o(i.xPortStartScheduler)
    xTaskCreate                              0x08004135   Thumb Code    90  tasks.o(i.xTaskCreate)
    xTaskCreateStatic                        0x0800418f   Thumb Code    86  tasks.o(i.xTaskCreateStatic)
    xTaskIncrementTick                       0x080041e5   Thumb Code   192  tasks.o(i.xTaskIncrementTick)
    xTaskResumeAll                           0x080042ad   Thumb Code   182  tasks.o(i.xTaskResumeAll)
    __aeabi_dadd                             0x08004371   Thumb Code     0  daddsub_clz.o(x$fpl$dadd)
    _dadd                                    0x08004371   Thumb Code   332  daddsub_clz.o(x$fpl$dadd)
    __aeabi_ddiv                             0x080044c1   Thumb Code     0  ddiv.o(x$fpl$ddiv)
    _ddiv                                    0x080044c1   Thumb Code   552  ddiv.o(x$fpl$ddiv)
    __aeabi_d2iz                             0x08004771   Thumb Code     0  dfix.o(x$fpl$dfix)
    _dfix                                    0x08004771   Thumb Code    94  dfix.o(x$fpl$dfix)
    __aeabi_i2d                              0x080047cf   Thumb Code     0  dflt_clz.o(x$fpl$dflt)
    _dflt                                    0x080047cf   Thumb Code    46  dflt_clz.o(x$fpl$dflt)
    __fpl_dnaninf                            0x080047fd   Thumb Code   156  dnaninf.o(x$fpl$dnaninf)
    __fpl_dretinf                            0x08004899   Thumb Code    12  dretinf.o(x$fpl$dretinf)
    __aeabi_drsub                            0x080048a5   Thumb Code     0  daddsub_clz.o(x$fpl$drsb)
    _drsb                                    0x080048a5   Thumb Code    22  daddsub_clz.o(x$fpl$drsb)
    __aeabi_dsub                             0x080048bd   Thumb Code     0  daddsub_clz.o(x$fpl$dsub)
    _dsub                                    0x080048bd   Thumb Code   464  daddsub_clz.o(x$fpl$dsub)
    _fp_init                                 0x08004a91   Thumb Code    10  fpinit.o(x$fpl$fpinit)
    __fplib_config_fpu_vfp                   0x08004a99   Thumb Code     0  fpinit.o(x$fpl$fpinit)
    __fplib_config_pureend_doubles           0x08004a99   Thumb Code     0  fpinit.o(x$fpl$fpinit)
    __I$use$fp                               0x08004a9a   Number         0  usenofp.o(x$fpl$usenofp)
    AHBPrescTable                            0x08004b30   Data          16  system_stm32f4xx.o(.constdata)
    APBPrescTable                            0x08004b40   Data           8  system_stm32f4xx.o(.constdata)
    Region$$Table$$Base                      0x08004ba8   Number         0  anon$$obj.o(Region$$Table)
    Region$$Table$$Limit                     0x08004bc8   Number         0  anon$$obj.o(Region$$Table)
    defaultTaskHandle                        0x20000000   Data           4  freertos.o(.data)
    FireTaskHandle                           0x20000004   Data           4  freertos.o(.data)
    DetectTASKHandle                         0x20000008   Data           4  freertos.o(.data)
    SAFETASKHandle                           0x2000000c   Data           4  freertos.o(.data)
    LedTaskHandle                            0x20000010   Data           4  freertos.o(.data)
    uwTickFreq                               0x20000018   Data           1  stm32f4xx_hal.o(.data)
    uwTickPrio                               0x2000001c   Data           4  stm32f4xx_hal.o(.data)
    uwTick                                   0x20000020   Data           4  stm32f4xx_hal.o(.data)
    SystemCoreClock                          0x20000024   Data           4  system_stm32f4xx.o(.data)
    pxCurrentTCB                             0x20000028   Data           4  tasks.o(.data)
    last_code                                0x2000008a   Data           2  rmmotor.o(.data)
    Yaw_Different_Angle                      0x20000090   Data           4  rmmotor.o(.data)
    output                                   0x20000094   Data           4  rmmotor.o(.data)
    ChassisTaskHandle                        0x2000009c   Data           4  chassis_app.o(.data)
    back                                     0x200000a0   Data           1  chassis_behaviour.o(.data)
    forward                                  0x200000a1   Data           1  chassis_behaviour.o(.data)
    chassis_remote_control_Table             0x200000b0   Data           9  chassis_behaviour.o(.data)
    rng2                                     0x200000bc   Data           2  task_chassis.o(.data)
    num                                      0x200000c4   Data           4  bsp_usart2.o(.data)
    abc                                      0x200000c8   Data           4  fifo_buff.o(.data)
    hcan1                                    0x20000320   Data          40  can.o(.bss)
    hcan2                                    0x20000348   Data          40  can.o(.bss)
    hrng                                     0x20000370   Data          16  rng.o(.bss)
    huart1                                   0x20000380   Data          64  usart.o(.bss)
    huart2                                   0x200003c0   Data          64  usart.o(.bss)
    huart3                                   0x20000400   Data          64  usart.o(.bss)
    huart6                                   0x20000440   Data          64  usart.o(.bss)
    hdma_usart1_rx                           0x20000480   Data          96  usart.o(.bss)
    hdma_usart2_rx                           0x200004e0   Data          96  usart.o(.bss)
    hdma_usart2_tx                           0x20000540   Data          96  usart.o(.bss)
    hdma_usart3_rx                           0x200005a0   Data          96  usart.o(.bss)
    hdma_usart3_tx                           0x20000600   Data          96  usart.o(.bss)
    hdma_usart6_rx                           0x20000660   Data          96  usart.o(.bss)
    hdma_usart6_tx                           0x200006c0   Data          96  usart.o(.bss)
    htim2                                    0x20000720   Data          64  stm32f4xx_hal_timebase_tim.o(.bss)
    rc_ctrl                                  0x20004450   Data          22  remotecontrol.o(.bss)
    sbus_rx_buf                              0x20004466   Data          72  remotecontrol.o(.bss)
    motor_chassis                            0x200044b0   Data         112  can_1_receive.o(.bss)
    motor_pitch                              0x20004520   Data          28  can_1_receive.o(.bss)
    chassis_control                          0x20004554   Data         656  task_chassis.o(.bss)
    Usart2_Rx                                0x200047e4   Data         256  bsp_usart2.o(.bss)
    fifo_usart2_rx                           0x20004de4   Data          20  bsp_usart2.o(.bss)
    fifo_usart2_tx                           0x20004df8   Data          20  bsp_usart2.o(.bss)
    __libspace_start                         0x20004e0c   Data          96  libspace.o(.bss)
    __temporary_stack_top$libspace           0x20004e6c   Data           0  libspace.o(.bss)



==============================================================================

Memory Map of the image

  Image Entry point : 0x08000189

  Load Region LR_IROM1 (Base: 0x08000000, Size: 0x00004c94, Max: 0x00080000, ABSOLUTE)

    Execution Region ER_IROM1 (Exec base: 0x08000000, Load base: 0x08000000, Size: 0x00004bc8, Max: 0x00080000, ABSOLUTE)

    Exec Addr    Load Addr    Size         Type   Attr      Idx    E Section Name        Object

    0x08000000   0x08000000   0x00000188   Data   RO            3    RESET               startup_stm32f407xx.o
    0x08000188   0x08000188   0x00000008   Code   RO         5728  * !!!main             c_w.l(__main.o)
    0x08000190   0x08000190   0x00000034   Code   RO         5924    !!!scatter          c_w.l(__scatter.o)
    0x080001c4   0x080001c4   0x0000001a   Code   RO         5926    !!handler_copy      c_w.l(__scatter_copy.o)
    0x080001de   0x080001de   0x00000002   PAD
    0x080001e0   0x080001e0   0x0000001c   Code   RO         5928    !!handler_zi        c_w.l(__scatter_zi.o)
    0x080001fc   0x080001fc   0x00000002   Code   RO         5792    .ARM.Collect$$libinit$$00000000  c_w.l(libinit.o)
    0x080001fe   0x080001fe   0x00000004   Code   RO         5804    .ARM.Collect$$libinit$$00000001  c_w.l(libinit2.o)
    0x08000202   0x08000202   0x00000000   Code   RO         5807    .ARM.Collect$$libinit$$00000004  c_w.l(libinit2.o)
    0x08000202   0x08000202   0x00000000   Code   RO         5810    .ARM.Collect$$libinit$$0000000A  c_w.l(libinit2.o)
    0x08000202   0x08000202   0x00000000   Code   RO         5812    .ARM.Collect$$libinit$$0000000C  c_w.l(libinit2.o)
    0x08000202   0x08000202   0x00000000   Code   RO         5814    .ARM.Collect$$libinit$$0000000E  c_w.l(libinit2.o)
    0x08000202   0x08000202   0x00000000   Code   RO         5817    .ARM.Collect$$libinit$$00000011  c_w.l(libinit2.o)
    0x08000202   0x08000202   0x00000000   Code   RO         5819    .ARM.Collect$$libinit$$00000013  c_w.l(libinit2.o)
    0x08000202   0x08000202   0x00000000   Code   RO         5821    .ARM.Collect$$libinit$$00000015  c_w.l(libinit2.o)
    0x08000202   0x08000202   0x00000000   Code   RO         5823    .ARM.Collect$$libinit$$00000017  c_w.l(libinit2.o)
    0x08000202   0x08000202   0x00000000   Code   RO         5825    .ARM.Collect$$libinit$$00000019  c_w.l(libinit2.o)
    0x08000202   0x08000202   0x00000000   Code   RO         5827    .ARM.Collect$$libinit$$0000001B  c_w.l(libinit2.o)
    0x08000202   0x08000202   0x00000000   Code   RO         5829    .ARM.Collect$$libinit$$0000001D  c_w.l(libinit2.o)
    0x08000202   0x08000202   0x00000000   Code   RO         5831    .ARM.Collect$$libinit$$0000001F  c_w.l(libinit2.o)
    0x08000202   0x08000202   0x00000000   Code   RO         5833    .ARM.Collect$$libinit$$00000021  c_w.l(libinit2.o)
    0x08000202   0x08000202   0x00000000   Code   RO         5835    .ARM.Collect$$libinit$$00000023  c_w.l(libinit2.o)
    0x08000202   0x08000202   0x00000000   Code   RO         5837    .ARM.Collect$$libinit$$00000025  c_w.l(libinit2.o)
    0x08000202   0x08000202   0x00000000   Code   RO         5841    .ARM.Collect$$libinit$$0000002C  c_w.l(libinit2.o)
    0x08000202   0x08000202   0x00000000   Code   RO         5843    .ARM.Collect$$libinit$$0000002E  c_w.l(libinit2.o)
    0x08000202   0x08000202   0x00000000   Code   RO         5845    .ARM.Collect$$libinit$$00000030  c_w.l(libinit2.o)
    0x08000202   0x08000202   0x00000000   Code   RO         5847    .ARM.Collect$$libinit$$00000032  c_w.l(libinit2.o)
    0x08000202   0x08000202   0x00000002   Code   RO         5848    .ARM.Collect$$libinit$$00000033  c_w.l(libinit2.o)
    0x08000204   0x08000204   0x00000002   Code   RO         5879    .ARM.Collect$$libshutdown$$00000000  c_w.l(libshutdown.o)
    0x08000206   0x08000206   0x00000000   Code   RO         5905    .ARM.Collect$$libshutdown$$00000002  c_w.l(libshutdown2.o)
    0x08000206   0x08000206   0x00000000   Code   RO         5907    .ARM.Collect$$libshutdown$$00000004  c_w.l(libshutdown2.o)
    0x08000206   0x08000206   0x00000000   Code   RO         5909    .ARM.Collect$$libshutdown$$00000006  c_w.l(libshutdown2.o)
    0x08000206   0x08000206   0x00000000   Code   RO         5912    .ARM.Collect$$libshutdown$$00000009  c_w.l(libshutdown2.o)
    0x08000206   0x08000206   0x00000000   Code   RO         5915    .ARM.Collect$$libshutdown$$0000000C  c_w.l(libshutdown2.o)
    0x08000206   0x08000206   0x00000000   Code   RO         5917    .ARM.Collect$$libshutdown$$0000000E  c_w.l(libshutdown2.o)
    0x08000206   0x08000206   0x00000000   Code   RO         5920    .ARM.Collect$$libshutdown$$00000011  c_w.l(libshutdown2.o)
    0x08000206   0x08000206   0x00000002   Code   RO         5921    .ARM.Collect$$libshutdown$$00000012  c_w.l(libshutdown2.o)
    0x08000208   0x08000208   0x00000000   Code   RO         5750    .ARM.Collect$$rtentry$$00000000  c_w.l(__rtentry.o)
    0x08000208   0x08000208   0x00000000   Code   RO         5763    .ARM.Collect$$rtentry$$00000002  c_w.l(__rtentry2.o)
    0x08000208   0x08000208   0x00000006   Code   RO         5775    .ARM.Collect$$rtentry$$00000004  c_w.l(__rtentry4.o)
    0x0800020e   0x0800020e   0x00000000   Code   RO         5765    .ARM.Collect$$rtentry$$00000009  c_w.l(__rtentry2.o)
    0x0800020e   0x0800020e   0x00000004   Code   RO         5766    .ARM.Collect$$rtentry$$0000000A  c_w.l(__rtentry2.o)
    0x08000212   0x08000212   0x00000000   Code   RO         5768    .ARM.Collect$$rtentry$$0000000C  c_w.l(__rtentry2.o)
    0x08000212   0x08000212   0x00000008   Code   RO         5769    .ARM.Collect$$rtentry$$0000000D  c_w.l(__rtentry2.o)
    0x0800021a   0x0800021a   0x00000002   Code   RO         5796    .ARM.Collect$$rtexit$$00000000  c_w.l(rtexit.o)
    0x0800021c   0x0800021c   0x00000000   Code   RO         5852    .ARM.Collect$$rtexit$$00000002  c_w.l(rtexit2.o)
    0x0800021c   0x0800021c   0x00000004   Code   RO         5853    .ARM.Collect$$rtexit$$00000003  c_w.l(rtexit2.o)
    0x08000220   0x08000220   0x00000006   Code   RO         5854    .ARM.Collect$$rtexit$$00000004  c_w.l(rtexit2.o)
    0x08000226   0x08000226   0x00000002   PAD
    0x08000228   0x08000228   0x000000be   Code   RO         4692    .emb_text           port.o
    0x080002e6   0x080002e6   0x00000002   PAD
    0x080002e8   0x080002e8   0x00000040   Code   RO            4    .text               startup_stm32f407xx.o
    0x08000328   0x08000328   0x000000ee   Code   RO         5716    .text               c_w.l(lludivv7m.o)
    0x08000416   0x08000416   0x0000008a   Code   RO         5718    .text               c_w.l(rt_memcpy_v6.o)
    0x080004a0   0x080004a0   0x00000064   Code   RO         5720    .text               c_w.l(rt_memcpy_w.o)
    0x08000504   0x08000504   0x0000004e   Code   RO         5724    .text               c_w.l(rt_memclr_w.o)
    0x08000552   0x08000552   0x00000006   Code   RO         5726    .text               c_w.l(heapauxi.o)
    0x08000558   0x08000558   0x0000004a   Code   RO         5779    .text               c_w.l(sys_stackheap_outer.o)
    0x080005a2   0x080005a2   0x00000012   Code   RO         5781    .text               c_w.l(exit.o)
    0x080005b4   0x080005b4   0x00000008   Code   RO         5793    .text               c_w.l(libspace.o)
    0x080005bc   0x080005bc   0x0000000c   Code   RO         5849    .text               c_w.l(sys_exit.o)
    0x080005c8   0x080005c8   0x00000002   Code   RO         5868    .text               c_w.l(use_no_semi.o)
    0x080005ca   0x080005ca   0x00000000   Code   RO         5870    .text               c_w.l(indicate_semi.o)
    0x080005ca   0x080005ca   0x00000002   Code   RO          522    i.BusFault_Handler  stm32f4xx_it.o
    0x080005cc   0x080005cc   0x0000000c   Code   RO          523    i.CAN1_RX0_IRQHandler  stm32f4xx_it.o
    0x080005d8   0x080005d8   0x000000b4   Code   RO         5146    i.CAN1_chassis_receive  can_1_receive.o
    0x0800068c   0x0800068c   0x0000003c   Code   RO         5147    i.CAN1_filter_config  can_1_receive.o
    0x080006c8   0x080006c8   0x0000000c   Code   RO          524    i.CAN2_RX0_IRQHandler  stm32f4xx_it.o
    0x080006d4   0x080006d4   0x00000012   Code   RO         5313    i.CAN2_chassis_receive  can_2_receive.o
    0x080006e6   0x080006e6   0x00000002   PAD
    0x080006e8   0x080006e8   0x0000003c   Code   RO         5314    i.CAN2_filter_config  can_2_receive.o
    0x08000724   0x08000724   0x00000054   Code   RO         5192    i.Chassis_CAN_Send_Msg  chassis_app.o
    0x08000778   0x08000778   0x00000068   Code   RO         5343    i.Chassis_Task      task_chassis.o
    0x080007e0   0x080007e0   0x0000004c   Code   RO         5344    i.Chassis_Task_OFF  task_chassis.o
    0x0800082c   0x0800082c   0x0000018c   Code   RO         5345    i.Chassis_accelerated_Control  task_chassis.o
    0x080009b8   0x080009b8   0x0000000c   Code   RO          525    i.DMA1_Stream1_IRQHandler  stm32f4xx_it.o
    0x080009c4   0x080009c4   0x0000000c   Code   RO          526    i.DMA1_Stream3_IRQHandler  stm32f4xx_it.o
    0x080009d0   0x080009d0   0x0000000c   Code   RO          527    i.DMA1_Stream5_IRQHandler  stm32f4xx_it.o
    0x080009dc   0x080009dc   0x0000000c   Code   RO          528    i.DMA1_Stream6_IRQHandler  stm32f4xx_it.o
    0x080009e8   0x080009e8   0x0000000c   Code   RO          529    i.DMA2_Stream1_IRQHandler  stm32f4xx_it.o
    0x080009f4   0x080009f4   0x0000000c   Code   RO          530    i.DMA2_Stream2_IRQHandler  stm32f4xx_it.o
    0x08000a00   0x08000a00   0x0000000c   Code   RO          531    i.DMA2_Stream6_IRQHandler  stm32f4xx_it.o
    0x08000a0c   0x08000a0c   0x00000028   Code   RO         1426    i.DMA_CalcBaseAndBitshift  stm32f4xx_hal_dma.o
    0x08000a34   0x08000a34   0x00000054   Code   RO         1427    i.DMA_CheckFifoParam  stm32f4xx_hal_dma.o
    0x08000a88   0x08000a88   0x00000028   Code   RO         1428    i.DMA_SetConfig     stm32f4xx_hal_dma.o
    0x08000ab0   0x08000ab0   0x00000002   Code   RO          532    i.DebugMon_Handler  stm32f4xx_it.o
    0x08000ab2   0x08000ab2   0x00000002   PAD
    0x08000ab4   0x08000ab4   0x0000001c   Code   RO         5483    i.Detect_TASK       task_detect.o
    0x08000ad0   0x08000ad0   0x00000004   Code   RO           13    i.Error_Handler     main.o
    0x08000ad4   0x08000ad4   0x0000001c   Code   RO         5405    i.Fire_Task         task_fire.o
    0x08000af0   0x08000af0   0x0000001c   Code   RO         5272    i.Get_Laser_Back    chassis_behaviour.o
    0x08000b0c   0x08000b0c   0x0000001c   Code   RO         5273    i.Get_Laser_Forward  chassis_behaviour.o
    0x08000b28   0x08000b28   0x00000024   Code   RO          734    i.HAL_CAN_ActivateNotification  stm32f4xx_hal_can.o
    0x08000b4c   0x08000b4c   0x000000dc   Code   RO          735    i.HAL_CAN_AddTxMessage  stm32f4xx_hal_can.o
    0x08000c28   0x08000c28   0x0000010c   Code   RO          736    i.HAL_CAN_ConfigFilter  stm32f4xx_hal_can.o
    0x08000d34   0x08000d34   0x00000002   Code   RO          739    i.HAL_CAN_ErrorCallback  stm32f4xx_hal_can.o
    0x08000d36   0x08000d36   0x000000e8   Code   RO          742    i.HAL_CAN_GetRxMessage  stm32f4xx_hal_can.o
    0x08000e1e   0x08000e1e   0x000001fc   Code   RO          746    i.HAL_CAN_IRQHandler  stm32f4xx_hal_can.o
    0x0800101a   0x0800101a   0x0000011a   Code   RO          747    i.HAL_CAN_Init      stm32f4xx_hal_can.o
    0x08001134   0x08001134   0x000000fc   Code   RO          348    i.HAL_CAN_MspInit   can.o
    0x08001230   0x08001230   0x00000002   Code   RO          754    i.HAL_CAN_RxFifo0FullCallback  stm32f4xx_hal_can.o
    0x08001232   0x08001232   0x00000002   PAD
    0x08001234   0x08001234   0x0000002c   Code   RO         5148    i.HAL_CAN_RxFifo0MsgPendingCallback  can_1_receive.o
    0x08001260   0x08001260   0x00000002   Code   RO          756    i.HAL_CAN_RxFifo1FullCallback  stm32f4xx_hal_can.o
    0x08001262   0x08001262   0x00000002   Code   RO          757    i.HAL_CAN_RxFifo1MsgPendingCallback  stm32f4xx_hal_can.o
    0x08001264   0x08001264   0x00000002   Code   RO          758    i.HAL_CAN_SleepCallback  stm32f4xx_hal_can.o
    0x08001266   0x08001266   0x00000002   PAD
    0x08001268   0x08001268   0x00000058   Code   RO          759    i.HAL_CAN_Start     stm32f4xx_hal_can.o
    0x080012c0   0x080012c0   0x00000002   Code   RO          761    i.HAL_CAN_TxMailbox0AbortCallback  stm32f4xx_hal_can.o
    0x080012c2   0x080012c2   0x00000002   Code   RO          762    i.HAL_CAN_TxMailbox0CompleteCallback  stm32f4xx_hal_can.o
    0x080012c4   0x080012c4   0x00000002   Code   RO          763    i.HAL_CAN_TxMailbox1AbortCallback  stm32f4xx_hal_can.o
    0x080012c6   0x080012c6   0x00000002   Code   RO          764    i.HAL_CAN_TxMailbox1CompleteCallback  stm32f4xx_hal_can.o
    0x080012c8   0x080012c8   0x00000002   Code   RO          765    i.HAL_CAN_TxMailbox2AbortCallback  stm32f4xx_hal_can.o
    0x080012ca   0x080012ca   0x00000002   Code   RO          766    i.HAL_CAN_TxMailbox2CompleteCallback  stm32f4xx_hal_can.o
    0x080012cc   0x080012cc   0x00000002   Code   RO          768    i.HAL_CAN_WakeUpFromRxMsgCallback  stm32f4xx_hal_can.o
    0x080012ce   0x080012ce   0x00000024   Code   RO         1430    i.HAL_DMA_Abort_IT  stm32f4xx_hal_dma.o
    0x080012f2   0x080012f2   0x00000002   PAD
    0x080012f4   0x080012f4   0x000001a0   Code   RO         1434    i.HAL_DMA_IRQHandler  stm32f4xx_hal_dma.o
    0x08001494   0x08001494   0x000000d4   Code   RO         1435    i.HAL_DMA_Init      stm32f4xx_hal_dma.o
    0x08001568   0x08001568   0x0000006e   Code   RO         1439    i.HAL_DMA_Start_IT  stm32f4xx_hal_dma.o
    0x080015d6   0x080015d6   0x00000002   PAD
    0x080015d8   0x080015d8   0x000001b8   Code   RO         1322    i.HAL_GPIO_Init     stm32f4xx_hal_gpio.o
    0x08001790   0x08001790   0x0000000a   Code   RO         1324    i.HAL_GPIO_ReadPin  stm32f4xx_hal_gpio.o
    0x0800179a   0x0800179a   0x0000000a   Code   RO         1326    i.HAL_GPIO_WritePin  stm32f4xx_hal_gpio.o
    0x080017a4   0x080017a4   0x0000000c   Code   RO         1854    i.HAL_GetTick       stm32f4xx_hal.o
    0x080017b0   0x080017b0   0x00000010   Code   RO         1860    i.HAL_IncTick       stm32f4xx_hal.o
    0x080017c0   0x080017c0   0x00000034   Code   RO         1861    i.HAL_Init          stm32f4xx_hal.o
    0x080017f4   0x080017f4   0x00000074   Code   RO          694    i.HAL_InitTick      stm32f4xx_hal_timebase_tim.o
    0x08001868   0x08001868   0x00000038   Code   RO          670    i.HAL_MspInit       stm32f4xx_hal_msp.o
    0x080018a0   0x080018a0   0x0000001a   Code   RO         1711    i.HAL_NVIC_EnableIRQ  stm32f4xx_hal_cortex.o
    0x080018ba   0x080018ba   0x00000002   PAD
    0x080018bc   0x080018bc   0x00000040   Code   RO         1717    i.HAL_NVIC_SetPriority  stm32f4xx_hal_cortex.o
    0x080018fc   0x080018fc   0x00000024   Code   RO         1718    i.HAL_NVIC_SetPriorityGrouping  stm32f4xx_hal_cortex.o
    0x08001920   0x08001920   0x00000134   Code   RO          968    i.HAL_RCC_ClockConfig  stm32f4xx_hal_rcc.o
    0x08001a54   0x08001a54   0x00000040   Code   RO          972    i.HAL_RCC_GetClockConfig  stm32f4xx_hal_rcc.o
    0x08001a94   0x08001a94   0x00000020   Code   RO          975    i.HAL_RCC_GetPCLK1Freq  stm32f4xx_hal_rcc.o
    0x08001ab4   0x08001ab4   0x00000020   Code   RO          976    i.HAL_RCC_GetPCLK2Freq  stm32f4xx_hal_rcc.o
    0x08001ad4   0x08001ad4   0x00000064   Code   RO          977    i.HAL_RCC_GetSysClockFreq  stm32f4xx_hal_rcc.o
    0x08001b38   0x08001b38   0x0000035c   Code   RO          980    i.HAL_RCC_OscConfig  stm32f4xx_hal_rcc.o
    0x08001e94   0x08001e94   0x00000074   Code   RO         2101    i.HAL_RNG_GenerateRandomNumber  stm32f4xx_hal_rng.o
    0x08001f08   0x08001f08   0x00000032   Code   RO         2108    i.HAL_RNG_Init      stm32f4xx_hal_rng.o
    0x08001f3a   0x08001f3a   0x00000002   PAD
    0x08001f3c   0x08001f3c   0x00000028   Code   RO          421    i.HAL_RNG_MspInit   rng.o
    0x08001f64   0x08001f64   0x00000002   Code   RO         2878    i.HAL_TIMEx_BreakCallback  stm32f4xx_hal_tim_ex.o
    0x08001f66   0x08001f66   0x00000002   Code   RO         2879    i.HAL_TIMEx_CommutCallback  stm32f4xx_hal_tim_ex.o
    0x08001f68   0x08001f68   0x00000036   Code   RO         2203    i.HAL_TIM_Base_Init  stm32f4xx_hal_tim.o
    0x08001f9e   0x08001f9e   0x00000002   Code   RO         2205    i.HAL_TIM_Base_MspInit  stm32f4xx_hal_tim.o
    0x08001fa0   0x08001fa0   0x00000022   Code   RO         2208    i.HAL_TIM_Base_Start_IT  stm32f4xx_hal_tim.o
    0x08001fc2   0x08001fc2   0x00000002   Code   RO         2232    i.HAL_TIM_IC_CaptureCallback  stm32f4xx_hal_tim.o
    0x08001fc4   0x08001fc4   0x00000166   Code   RO         2246    i.HAL_TIM_IRQHandler  stm32f4xx_hal_tim.o
    0x0800212a   0x0800212a   0x00000002   Code   RO         2249    i.HAL_TIM_OC_DelayElapsedCallback  stm32f4xx_hal_tim.o
    0x0800212c   0x0800212c   0x00000002   Code   RO         2276    i.HAL_TIM_PWM_PulseFinishedCallback  stm32f4xx_hal_tim.o
    0x0800212e   0x0800212e   0x0000000e   Code   RO           14    i.HAL_TIM_PeriodElapsedCallback  main.o
    0x0800213c   0x0800213c   0x00000002   Code   RO         2289    i.HAL_TIM_TriggerCallback  stm32f4xx_hal_tim.o
    0x0800213e   0x0800213e   0x00000002   Code   RO         3150    i.HAL_UART_ErrorCallback  stm32f4xx_hal_uart.o
    0x08002140   0x08002140   0x00000114   Code   RO         3153    i.HAL_UART_IRQHandler  stm32f4xx_hal_uart.o
    0x08002254   0x08002254   0x00000062   Code   RO         3154    i.HAL_UART_Init     stm32f4xx_hal_uart.o
    0x080022b6   0x080022b6   0x00000002   PAD
    0x080022b8   0x080022b8   0x00000320   Code   RO          463    i.HAL_UART_MspInit  usart.o
    0x080025d8   0x080025d8   0x00000098   Code   RO         3158    i.HAL_UART_Receive_DMA  stm32f4xx_hal_uart.o
    0x08002670   0x08002670   0x00000002   Code   RO         3160    i.HAL_UART_RxCpltCallback  stm32f4xx_hal_uart.o
    0x08002672   0x08002672   0x00000002   Code   RO         3161    i.HAL_UART_RxHalfCpltCallback  stm32f4xx_hal_uart.o
    0x08002674   0x08002674   0x00000002   Code   RO         3165    i.HAL_UART_TxCpltCallback  stm32f4xx_hal_uart.o
    0x08002676   0x08002676   0x00000002   Code   RO          533    i.HardFault_Handler  stm32f4xx_it.o
    0x08002678   0x08002678   0x0000002c   Code   RO         5510    i.Led_Task          task_led.o
    0x080026a4   0x080026a4   0x0000009c   Code   RO         4854    i.Location_Pid_Int32  pid.o
    0x08002740   0x08002740   0x00000044   Code   RO          349    i.MX_CAN1_Init      can.o
    0x08002784   0x08002784   0x00000044   Code   RO          350    i.MX_CAN2_Init      can.o
    0x080027c8   0x080027c8   0x0000009c   Code   RO          396    i.MX_DMA_Init       dma.o
    0x08002864   0x08002864   0x00000080   Code   RO          294    i.MX_FREERTOS_Init  freertos.o
    0x080028e4   0x080028e4   0x000000dc   Code   RO          270    i.MX_GPIO_Init      gpio.o
    0x080029c0   0x080029c0   0x00000024   Code   RO          422    i.MX_RNG_Init       rng.o
    0x080029e4   0x080029e4   0x00000040   Code   RO          464    i.MX_USART1_UART_Init  usart.o
    0x08002a24   0x08002a24   0x00000038   Code   RO          465    i.MX_USART2_UART_Init  usart.o
    0x08002a5c   0x08002a5c   0x00000038   Code   RO          466    i.MX_USART3_UART_Init  usart.o
    0x08002a94   0x08002a94   0x00000038   Code   RO          467    i.MX_USART6_UART_Init  usart.o
    0x08002acc   0x08002acc   0x00000002   Code   RO          534    i.MemManage_Handler  stm32f4xx_it.o
    0x08002ace   0x08002ace   0x00000002   Code   RO          535    i.NMI_Handler       stm32f4xx_it.o
    0x08002ad0   0x08002ad0   0x00000060   Code   RO         5053    i.RC_Init           remotecontrol.o
    0x08002b30   0x08002b30   0x0000000a   Code   RO         5054    i.RC_abs            remotecontrol.o
    0x08002b3a   0x08002b3a   0x00000002   PAD
    0x08002b3c   0x08002b3c   0x0000006c   Code   RO         5055    i.RC_data_is_error  remotecontrol.o
    0x08002ba8   0x08002ba8   0x00000024   Code   RO         5537    i.RNG_Get_RandomRange  sysinit.o
    0x08002bcc   0x08002bcc   0x00000020   Code   RO         5058    i.Remote_reload     remotecontrol.o
    0x08002bec   0x08002bec   0x00000038   Code   RO         4780    i.Rmmotor_Speed_control  rmmotor.o
    0x08002c24   0x08002c24   0x0000000c   Code   RO         5456    i.SAFE_TASK         task_safe.o
    0x08002c30   0x08002c30   0x00000008   Code   RO          295    i.StartDefaultTask  freertos.o
    0x08002c38   0x08002c38   0x0000002c   Code   RO         4693    i.SysTick_Handler   port.o
    0x08002c64   0x08002c64   0x00000098   Code   RO           15    i.SystemClock_Config  main.o
    0x08002cfc   0x08002cfc   0x0000001c   Code   RO         3456    i.SystemInit        system_stm32f4xx.o
    0x08002d18   0x08002d18   0x00000016   Code   RO         5538    i.System_init       sysinit.o
    0x08002d2e   0x08002d2e   0x00000002   PAD
    0x08002d30   0x08002d30   0x0000000c   Code   RO          536    i.TIM2_IRQHandler   stm32f4xx_it.o
    0x08002d3c   0x08002d3c   0x000000c8   Code   RO         2291    i.TIM_Base_SetConfig  stm32f4xx_hal_tim.o
    0x08002e04   0x08002e04   0x00000010   Code   RO         3167    i.UART_DMAAbortOnError  stm32f4xx_hal_uart.o
    0x08002e14   0x08002e14   0x0000004a   Code   RO         3168    i.UART_DMAError     stm32f4xx_hal_uart.o
    0x08002e5e   0x08002e5e   0x0000003c   Code   RO         3169    i.UART_DMAReceiveCplt  stm32f4xx_hal_uart.o
    0x08002e9a   0x08002e9a   0x0000000a   Code   RO         3171    i.UART_DMARxHalfCplt  stm32f4xx_hal_uart.o
    0x08002ea4   0x08002ea4   0x0000001c   Code   RO         3177    i.UART_EndRxTransfer  stm32f4xx_hal_uart.o
    0x08002ec0   0x08002ec0   0x00000012   Code   RO         3178    i.UART_EndTxTransfer  stm32f4xx_hal_uart.o
    0x08002ed2   0x08002ed2   0x00000096   Code   RO         3179    i.UART_Receive_IT   stm32f4xx_hal_uart.o
    0x08002f68   0x08002f68   0x00000128   Code   RO         3180    i.UART_SetConfig    stm32f4xx_hal_uart.o
    0x08003090   0x08003090   0x00000062   Code   RO         3181    i.UART_Transmit_IT  stm32f4xx_hal_uart.o
    0x080030f2   0x080030f2   0x00000002   PAD
    0x080030f4   0x080030f4   0x00000018   Code   RO          537    i.USART1_IRQHandler  stm32f4xx_it.o
    0x0800310c   0x0800310c   0x00000018   Code   RO          538    i.USART2_IRQHandler  stm32f4xx_it.o
    0x08003124   0x08003124   0x00000054   Code   RO         5568    i.USART2_IRQHandler_callback  bsp_usart2.o
    0x08003178   0x08003178   0x0000000c   Code   RO          539    i.USART3_IRQHandler  stm32f4xx_it.o
    0x08003184   0x08003184   0x0000000c   Code   RO          540    i.USART6_IRQHandler  stm32f4xx_it.o
    0x08003190   0x08003190   0x000000c0   Code   RO         5059    i.USER_UART_IRQHandler  remotecontrol.o
    0x08003250   0x08003250   0x00000002   Code   RO          541    i.UsageFault_Handler  stm32f4xx_it.o
    0x08003252   0x08003252   0x00000020   Code   RO         1724    i.__NVIC_SetPriority  stm32f4xx_hal_cortex.o
    0x08003272   0x08003272   0x00000002   PAD
    0x08003274   0x08003274   0x00000068   Code   RO         5569    i.bsp_usart2_init   bsp_usart2.o
    0x080032dc   0x080032dc   0x0000002c   Code   RO         5193    i.chassis_app_init  chassis_app.o
    0x08003308   0x08003308   0x000000dc   Code   RO         5274    i.chassis_behaviour_mode_set  chassis_behaviour.o
    0x080033e4   0x080033e4   0x00000054   Code   RO         5346    i.chassis_data_update  task_chassis.o
    0x08003438   0x08003438   0x00000110   Code   RO         5347    i.chassis_init      task_chassis.o
    0x08003548   0x08003548   0x000000b0   Code   RO         5348    i.chassis_pid_calc  task_chassis.o
    0x080035f8   0x080035f8   0x00000098   Code   RO         5349    i.chassis_set_remote  task_chassis.o
    0x08003690   0x08003690   0x0000001e   Code   RO         5641    i.fifo_init         fifo_buff.o
    0x080036ae   0x080036ae   0x00000002   PAD
    0x080036b0   0x080036b0   0x00000050   Code   RO         5645    i.fifo_write_buff   fifo_buff.o
    0x08003700   0x08003700   0x00000038   Code   RO         4919    i.first_order_filter  maths.o
    0x08003738   0x08003738   0x00000014   Code   RO         4920    i.first_order_filter_init  maths.o
    0x0800374c   0x0800374c   0x00000010   Code   RO         4921    i.float_abs         maths.o
    0x0800375c   0x0800375c   0x00000014   Code   RO         5149    i.get_Chassis_Motor_Measure_Point  can_1_receive.o
    0x08003770   0x08003770   0x00000008   Code   RO         5060    i.get_remote_control_point  remotecontrol.o
    0x08003778   0x08003778   0x00000010   Code   RO         4925    i.int32_limit       maths.o
    0x08003788   0x08003788   0x0000003a   Code   RO           16    i.main              main.o
    0x080037c2   0x080037c2   0x0000000c   Code   RO         4264    i.makeFreeRtosPriority  cmsis_os.o
    0x080037ce   0x080037ce   0x0000000e   Code   RO         4266    i.osDelay           cmsis_os.o
    0x080037dc   0x080037dc   0x0000000a   Code   RO         4269    i.osKernelStart     cmsis_os.o
    0x080037e6   0x080037e6   0x00000054   Code   RO         4303    i.osThreadCreate    cmsis_os.o
    0x0800383a   0x0800383a   0x00000002   PAD
    0x0800383c   0x0800383c   0x00000044   Code   RO         4857    i.pid_init          pid.o
    0x08003880   0x08003880   0x00000070   Code   RO         3958    i.prvAddCurrentTaskToDelayedList  tasks.o
    0x080038f0   0x080038f0   0x000000d0   Code   RO         3959    i.prvAddNewTaskToReadyList  tasks.o
    0x080039c0   0x080039c0   0x00000034   Code   RO         3960    i.prvDeleteTCB      tasks.o
    0x080039f4   0x080039f4   0x0000004c   Code   RO         4631    i.prvHeapInit       heap_4.o
    0x08003a40   0x08003a40   0x00000060   Code   RO         3961    i.prvIdleTask       tasks.o
    0x08003aa0   0x08003aa0   0x00000098   Code   RO         3962    i.prvInitialiseNewTask  tasks.o
    0x08003b38   0x08003b38   0x0000004c   Code   RO         4632    i.prvInsertBlockIntoFreeList  heap_4.o
    0x08003b84   0x08003b84   0x00000020   Code   RO         3963    i.prvResetNextTaskUnblockTime  tasks.o
    0x08003ba4   0x08003ba4   0x00000028   Code   RO         4694    i.prvTaskExitError  port.o
    0x08003bcc   0x08003bcc   0x000000d8   Code   RO         4633    i.pvPortMalloc      heap_4.o
    0x08003ca4   0x08003ca4   0x0000002c   Code   RO         4695    i.pxPortInitialiseStack  port.o
    0x08003cd0   0x08003cd0   0x00000010   Code   RO         5061    i.remote_control_init  remotecontrol.o
    0x08003ce0   0x08003ce0   0x000000b4   Code   RO         5062    i.sbus_to_rc        remotecontrol.o
    0x08003d94   0x08003d94   0x00000026   Code   RO         3594    i.uxListRemove      list.o
    0x08003dba   0x08003dba   0x00000002   PAD
    0x08003dbc   0x08003dbc   0x00000014   Code   RO          296    i.vApplicationGetIdleTaskMemory  freertos.o
    0x08003dd0   0x08003dd0   0x00000016   Code   RO         3595    i.vListInitialise   list.o
    0x08003de6   0x08003de6   0x00000006   Code   RO         3596    i.vListInitialiseItem  list.o
    0x08003dec   0x08003dec   0x00000030   Code   RO         3597    i.vListInsert       list.o
    0x08003e1c   0x08003e1c   0x00000018   Code   RO         3598    i.vListInsertEnd    list.o
    0x08003e34   0x08003e34   0x00000040   Code   RO         4697    i.vPortEnterCritical  port.o
    0x08003e74   0x08003e74   0x00000028   Code   RO         4698    i.vPortExitCritical  port.o
    0x08003e9c   0x08003e9c   0x0000005c   Code   RO         4634    i.vPortFree         heap_4.o
    0x08003ef8   0x08003ef8   0x00000024   Code   RO         4699    i.vPortSetupTimerInterrupt  port.o
    0x08003f1c   0x08003f1c   0x0000004c   Code   RO         3971    i.vTaskDelay        tasks.o
    0x08003f68   0x08003f68   0x0000006c   Code   RO         3984    i.vTaskStartScheduler  tasks.o
    0x08003fd4   0x08003fd4   0x00000010   Code   RO         3986    i.vTaskSuspendAll   tasks.o
    0x08003fe4   0x08003fe4   0x0000005c   Code   RO         3987    i.vTaskSwitchContext  tasks.o
    0x08004040   0x08004040   0x000000f4   Code   RO         4701    i.xPortStartScheduler  port.o
    0x08004134   0x08004134   0x0000005a   Code   RO         3989    i.xTaskCreate       tasks.o
    0x0800418e   0x0800418e   0x00000056   Code   RO         3990    i.xTaskCreateStatic  tasks.o
    0x080041e4   0x080041e4   0x000000c8   Code   RO         3997    i.xTaskIncrementTick  tasks.o
    0x080042ac   0x080042ac   0x000000c4   Code   RO         4003    i.xTaskResumeAll    tasks.o
    0x08004370   0x08004370   0x00000150   Code   RO         5730    x$fpl$dadd          fz_wm.l(daddsub_clz.o)
    0x080044c0   0x080044c0   0x000002b0   Code   RO         5737    x$fpl$ddiv          fz_wm.l(ddiv.o)
    0x08004770   0x08004770   0x0000005e   Code   RO         5740    x$fpl$dfix          fz_wm.l(dfix.o)
    0x080047ce   0x080047ce   0x0000002e   Code   RO         5745    x$fpl$dflt          fz_wm.l(dflt_clz.o)
    0x080047fc   0x080047fc   0x0000009c   Code   RO         5757    x$fpl$dnaninf       fz_wm.l(dnaninf.o)
    0x08004898   0x08004898   0x0000000c   Code   RO         5759    x$fpl$dretinf       fz_wm.l(dretinf.o)
    0x080048a4   0x080048a4   0x00000016   Code   RO         5731    x$fpl$drsb          fz_wm.l(daddsub_clz.o)
    0x080048ba   0x080048ba   0x00000002   PAD
    0x080048bc   0x080048bc   0x000001d4   Code   RO         5732    x$fpl$dsub          fz_wm.l(daddsub_clz.o)
    0x08004a90   0x08004a90   0x0000000a   Code   RO         5864    x$fpl$fpinit        fz_wm.l(fpinit.o)
    0x08004a9a   0x08004a9a   0x00000000   Code   RO         5761    x$fpl$usenofp       fz_wm.l(usenofp.o)
    0x08004a9a   0x08004a9a   0x00000002   PAD
    0x08004a9c   0x08004a9c   0x0000008c   Data   RO          298    .constdata          freertos.o
    0x08004b28   0x08004b28   0x00000008   Data   RO         1441    .constdata          stm32f4xx_hal_dma.o
    0x08004b30   0x08004b30   0x00000010   Data   RO         3457    .constdata          system_stm32f4xx.o
    0x08004b40   0x08004b40   0x00000008   Data   RO         3458    .constdata          system_stm32f4xx.o
    0x08004b48   0x08004b48   0x0000001c   Data   RO         5195    .constdata          chassis_app.o
    0x08004b64   0x08004b64   0x00000038   Data   RO          299    .conststring        freertos.o
    0x08004b9c   0x08004b9c   0x0000000c   Data   RO         5196    .conststring        chassis_app.o
    0x08004ba8   0x08004ba8   0x00000020   Data   RO         5922    Region$$Table       anon$$obj.o


    Execution Region RW_IRAM2 (Exec base: 0x10000000, Load base: 0x08004c94, Size: 0x00000000, Max: 0x00010000, ABSOLUTE)

    **** No section assigned to this execution region ****


    Execution Region RW_IRAM1 (Exec base: 0x20000000, Load base: 0x08004bc8, Size: 0x00005470, Max: 0x00020000, ABSOLUTE)

    Exec Addr    Load Addr    Size         Type   Attr      Idx    E Section Name        Object

    0x20000000   0x08004bc8   0x00000014   Data   RW          300    .data               freertos.o
    0x20000014   0x08004bdc   0x00000004   Data   RW          352    .data               can.o
    0x20000018   0x08004be0   0x0000000c   Data   RW         1868    .data               stm32f4xx_hal.o
    0x20000024   0x08004bec   0x00000004   Data   RW         3459    .data               system_stm32f4xx.o
    0x20000028   0x08004bf0   0x0000003c   Data   RW         4006    .data               tasks.o
    0x20000064   0x08004c2c   0x00000018   Data   RW         4639    .data               heap_4.o
    0x2000007c   0x08004c44   0x0000000c   Data   RW         4702    .data               port.o
    0x20000088   0x08004c50   0x00000010   Data   RW         4782    .data               rmmotor.o
    0x20000098   0x08004c60   0x00000002   Data   RW         5066    .data               remotecontrol.o
    0x2000009a   0x08004c62   0x00000002   PAD
    0x2000009c   0x08004c64   0x00000004   Data   RW         5197    .data               chassis_app.o
    0x200000a0   0x08004c68   0x00000019   Data   RW         5275    .data               chassis_behaviour.o
    0x200000b9   0x08004c81   0x00000001   PAD
    0x200000ba   0x08004c82   0x0000000a   Data   RW         5352    .data               task_chassis.o
    0x200000c4   0x08004c8c   0x00000004   Data   RW         5578    .data               bsp_usart2.o
    0x200000c8   0x08004c90   0x00000004   Data   RW         5648    .data               fifo_buff.o
    0x200000cc        -       0x00000254   Zero   RW          297    .bss                freertos.o
    0x20000320        -       0x00000050   Zero   RW          351    .bss                can.o
    0x20000370        -       0x00000010   Zero   RW          423    .bss                rng.o
    0x20000380        -       0x000003a0   Zero   RW          468    .bss                usart.o
    0x20000720        -       0x00000040   Zero   RW          697    .bss                stm32f4xx_hal_timebase_tim.o
    0x20000760        -       0x000000f0   Zero   RW         4005    .bss                tasks.o
    0x20000850        -       0x00003c00   Zero   RW         4638    .bss                heap_4.o
    0x20004450        -       0x0000005e   Zero   RW         5065    .bss                remotecontrol.o
    0x200044ae   0x08004c94   0x00000002   PAD
    0x200044b0        -       0x0000008c   Zero   RW         5150    .bss                can_1_receive.o
    0x2000453c        -       0x00000018   Zero   RW         5194    .bss                chassis_app.o
    0x20004554        -       0x00000290   Zero   RW         5350    .bss                task_chassis.o
    0x200047e4        -       0x00000628   Zero   RW         5576    .bss                bsp_usart2.o
    0x20004e0c        -       0x00000060   Zero   RW         5794    .bss                c_w.l(libspace.o)
    0x20004e6c   0x08004c94   0x00000004   PAD
    0x20004e70        -       0x00000200   Zero   RW            2    HEAP                startup_stm32f407xx.o
    0x20005070        -       0x00000400   Zero   RW            1    STACK               startup_stm32f407xx.o


==============================================================================

Image component sizes


      Code (inc. data)   RO Data    RW Data    ZI Data      Debug   Object Name

       188         30          0          4       1576       2125   bsp_usart2.o
       388         42          0          4         80       2434   can.o
       304         40          0          0        140       3450   can_1_receive.o
        78          4          0          0          0       1604   can_2_receive.o
       128         20         40          4         24      15538   chassis_app.o
       276         34          0         25          0       3152   chassis_behaviour.o
       120          0          0          0          0      23065   cmsis_os.o
       156          4          0          0          0        842   dma.o
         0          0          0          0          0      15728   event_groups.o
       110          4          0          4          0       2016   fifo_buff.o
       156         14        196         20        596       7251   freertos.o
       220         18          0          0          0       1047   gpio.o
       460         24          0         24      15360       7259   heap_4.o
       138          0          0          0          0       3494   list.o
       228         10          0          0          0     731920   main.o
       108          0          0          0          0       2845   maths.o
       224         12          0          0          0       1700   pid.o
       702         72          0         12          0      10992   port.o
       642         58          0          2         94       5636   remotecontrol.o
        56          6          0         16          0       2300   rmmotor.o
        76         18          0          0         16       1491   rng.o
        64         26        392          0       1536        836   startup_stm32f407xx.o
        80         14          0         12          0       8034   stm32f4xx_hal.o
      1658          6          0          0          0      14099   stm32f4xx_hal_can.o
       158         14          0          0          0      33118   stm32f4xx_hal_cortex.o
       938         16          8          0          0       6394   stm32f4xx_hal_dma.o
       460         46          0          0          0       3023   stm32f4xx_hal_gpio.o
        56          4          0          0          0        850   stm32f4xx_hal_msp.o
      1396         86          0          0          0       5829   stm32f4xx_hal_rcc.o
       166          0          0          0          0       1974   stm32f4xx_hal_rng.o
       656         44          0          0          0       7164   stm32f4xx_hal_tim.o
         4          0          0          0          0       1573   stm32f4xx_hal_tim_ex.o
       116         14          0          0         64       1395   stm32f4xx_hal_timebase_tim.o
      1284         30          0          0          0      11160   stm32f4xx_hal_uart.o
       204         84          0          0          0       9349   stm32f4xx_it.o
         0          0          0          0          0        384   stream_buffer.o
        58          4          0          0          0       1864   sysinit.o
        28          6         24          4          0       1131   system_stm32f4xx.o
      1260         68          0         10        656       5504   task_chassis.o
        28          4          0          0          0        522   task_detect.o
        28          4          0          0          0        504   task_fire.o
        44          4          0          0          0        507   task_led.o
        12          0          0          0          0        488   task_safe.o
      1516        110          0         60        240      19342   tasks.o
      1032         90          0          0        928       4394   usart.o

    ----------------------------------------------------------------------
     16038       1084        692        204      21312     985327   Object Totals
         0          0         32          0          0          0   (incl. Generated)
        34          0          0          3          2          0   (incl. Padding)

    ----------------------------------------------------------------------

      Code (inc. data)   RO Data    RW Data    ZI Data      Debug   Library Member Name

         8          0          0          0          0         68   __main.o
         0          0          0          0          0          0   __rtentry.o
        12          0          0          0          0          0   __rtentry2.o
         6          0          0          0          0          0   __rtentry4.o
        52          8          0          0          0          0   __scatter.o
        26          0          0          0          0          0   __scatter_copy.o
        28          0          0          0          0          0   __scatter_zi.o
        18          0          0          0          0         80   exit.o
         6          0          0          0          0        152   heapauxi.o
         0          0          0          0          0          0   indicate_semi.o
         2          0          0          0          0          0   libinit.o
         6          0          0          0          0          0   libinit2.o
         2          0          0          0          0          0   libshutdown.o
         2          0          0          0          0          0   libshutdown2.o
         8          4          0          0         96         68   libspace.o
       238          0          0          0          0        100   lludivv7m.o
        78          0          0          0          0         80   rt_memclr_w.o
       138          0          0          0          0         68   rt_memcpy_v6.o
       100          0          0          0          0         80   rt_memcpy_w.o
         2          0          0          0          0          0   rtexit.o
        10          0          0          0          0          0   rtexit2.o
        12          4          0          0          0         68   sys_exit.o
        74          0          0          0          0         80   sys_stackheap_outer.o
         2          0          0          0          0         68   use_no_semi.o
       826         16          0          0          0        492   daddsub_clz.o
       688        140          0          0          0        256   ddiv.o
        94          4          0          0          0        140   dfix.o
        46          0          0          0          0        116   dflt_clz.o
       156          4          0          0          0        140   dnaninf.o
        12          0          0          0          0        116   dretinf.o
        10          0          0          0          0        116   fpinit.o
         0          0          0          0          0          0   usenofp.o

    ----------------------------------------------------------------------
      2670        180          0          0        100       2288   Library Totals
         8          0          0          0          4          0   (incl. Padding)

    ----------------------------------------------------------------------

      Code (inc. data)   RO Data    RW Data    ZI Data      Debug   Library Name

       830         16          0          0         96        912   c_w.l
      1832        164          0          0          0       1376   fz_wm.l

    ----------------------------------------------------------------------
      2670        180          0          0        100       2288   Library Totals

    ----------------------------------------------------------------------

==============================================================================


      Code (inc. data)   RO Data    RW Data    ZI Data      Debug   

     18708       1264        692        204      21412     968551   Grand Totals
     18708       1264        692        204      21412     968551   ELF Image Totals
     18708       1264        692        204          0          0   ROM Totals

==============================================================================

    Total RO  Size (Code + RO Data)                19400 (  18.95kB)
    Total RW  Size (RW Data + ZI Data)             21616 (  21.11kB)
    Total ROM Size (Code + RO Data + RW Data)      19604 (  19.14kB)

==============================================================================

