Component: ARM Compiler 5.06 update 7 (build 960) Tool: armlink [4d3601]

==============================================================================

Section Cross References

    startup_stm32f407xx.o(STACK) refers (Special) to heapauxi.o(.text) for __use_two_region_memory
    startup_stm32f407xx.o(HEAP) refers (Special) to heapauxi.o(.text) for __use_two_region_memory
    startup_stm32f407xx.o(RESET) refers (Special) to heapauxi.o(.text) for __use_two_region_memory
    startup_stm32f407xx.o(RESET) refers to startup_stm32f407xx.o(STACK) for __initial_sp
    startup_stm32f407xx.o(RESET) refers to startup_stm32f407xx.o(.text) for Reset_Handler
    startup_stm32f407xx.o(RESET) refers to stm32f4xx_it.o(i.NMI_Handler) for NMI_Handler
    startup_stm32f407xx.o(RESET) refers to stm32f4xx_it.o(i.HardFault_Handler) for HardFault_Handler
    startup_stm32f407xx.o(RESET) refers to stm32f4xx_it.o(i.MemManage_Handler) for MemManage_Handler
    startup_stm32f407xx.o(RESET) refers to stm32f4xx_it.o(i.BusFault_Handler) for BusFault_Handler
    startup_stm32f407xx.o(RESET) refers to stm32f4xx_it.o(i.UsageFault_Handler) for UsageFault_Handler
    startup_stm32f407xx.o(RESET) refers to port.o(.emb_text) for SVC_Handler
    startup_stm32f407xx.o(RESET) refers to stm32f4xx_it.o(i.DebugMon_Handler) for DebugMon_Handler
    startup_stm32f407xx.o(RESET) refers to port.o(i.SysTick_Handler) for SysTick_Handler
    startup_stm32f407xx.o(RESET) refers to stm32f4xx_it.o(i.DMA1_Stream1_IRQHandler) for DMA1_Stream1_IRQHandler
    startup_stm32f407xx.o(RESET) refers to stm32f4xx_it.o(i.DMA1_Stream3_IRQHandler) for DMA1_Stream3_IRQHandler
    startup_stm32f407xx.o(RESET) refers to stm32f4xx_it.o(i.DMA1_Stream5_IRQHandler) for DMA1_Stream5_IRQHandler
    startup_stm32f407xx.o(RESET) refers to stm32f4xx_it.o(i.DMA1_Stream6_IRQHandler) for DMA1_Stream6_IRQHandler
    startup_stm32f407xx.o(RESET) refers to stm32f4xx_it.o(i.CAN1_RX0_IRQHandler) for CAN1_RX0_IRQHandler
    startup_stm32f407xx.o(RESET) refers to stm32f4xx_it.o(i.TIM2_IRQHandler) for TIM2_IRQHandler
    startup_stm32f407xx.o(RESET) refers to stm32f4xx_it.o(i.USART1_IRQHandler) for USART1_IRQHandler
    startup_stm32f407xx.o(RESET) refers to stm32f4xx_it.o(i.USART2_IRQHandler) for USART2_IRQHandler
    startup_stm32f407xx.o(RESET) refers to stm32f4xx_it.o(i.USART3_IRQHandler) for USART3_IRQHandler
    startup_stm32f407xx.o(RESET) refers to stm32f4xx_it.o(i.DMA2_Stream1_IRQHandler) for DMA2_Stream1_IRQHandler
    startup_stm32f407xx.o(RESET) refers to stm32f4xx_it.o(i.DMA2_Stream2_IRQHandler) for DMA2_Stream2_IRQHandler
    startup_stm32f407xx.o(RESET) refers to stm32f4xx_it.o(i.CAN2_RX0_IRQHandler) for CAN2_RX0_IRQHandler
    startup_stm32f407xx.o(RESET) refers to stm32f4xx_it.o(i.DMA2_Stream6_IRQHandler) for DMA2_Stream6_IRQHandler
    startup_stm32f407xx.o(RESET) refers to stm32f4xx_it.o(i.USART6_IRQHandler) for USART6_IRQHandler
    startup_stm32f407xx.o(.text) refers (Special) to heapauxi.o(.text) for __use_two_region_memory
    startup_stm32f407xx.o(.text) refers to system_stm32f4xx.o(i.SystemInit) for SystemInit
    startup_stm32f407xx.o(.text) refers to __main.o(!!!main) for __main
    startup_stm32f407xx.o(.text) refers to startup_stm32f407xx.o(HEAP) for Heap_Mem
    startup_stm32f407xx.o(.text) refers to startup_stm32f407xx.o(STACK) for Stack_Mem
    main.o(i.HAL_TIM_PeriodElapsedCallback) refers to stm32f4xx_hal.o(i.HAL_IncTick) for HAL_IncTick
    main.o(i.SystemClock_Config) refers to rt_memclr_w.o(.text) for __aeabi_memclr4
    main.o(i.SystemClock_Config) refers to stm32f4xx_hal_rcc.o(i.HAL_RCC_OscConfig) for HAL_RCC_OscConfig
    main.o(i.SystemClock_Config) refers to stm32f4xx_hal_rcc.o(i.HAL_RCC_ClockConfig) for HAL_RCC_ClockConfig
    main.o(i.main) refers to stm32f4xx_hal.o(i.HAL_Init) for HAL_Init
    main.o(i.main) refers to main.o(i.SystemClock_Config) for SystemClock_Config
    main.o(i.main) refers to gpio.o(i.MX_GPIO_Init) for MX_GPIO_Init
    main.o(i.main) refers to dma.o(i.MX_DMA_Init) for MX_DMA_Init
    main.o(i.main) refers to can.o(i.MX_CAN1_Init) for MX_CAN1_Init
    main.o(i.main) refers to usart.o(i.MX_USART1_UART_Init) for MX_USART1_UART_Init
    main.o(i.main) refers to usart.o(i.MX_USART3_UART_Init) for MX_USART3_UART_Init
    main.o(i.main) refers to usart.o(i.MX_USART6_UART_Init) for MX_USART6_UART_Init
    main.o(i.main) refers to usart.o(i.MX_USART2_UART_Init) for MX_USART2_UART_Init
    main.o(i.main) refers to rng.o(i.MX_RNG_Init) for MX_RNG_Init
    main.o(i.main) refers to can.o(i.MX_CAN2_Init) for MX_CAN2_Init
    main.o(i.main) refers to sysinit.o(i.System_init) for System_init
    main.o(i.main) refers to freertos.o(i.MX_FREERTOS_Init) for MX_FREERTOS_Init
    main.o(i.main) refers to cmsis_os.o(i.osKernelStart) for osKernelStart
    gpio.o(i.MX_GPIO_Init) refers to rt_memclr_w.o(.text) for __aeabi_memclr4
    gpio.o(i.MX_GPIO_Init) refers to stm32f4xx_hal_gpio.o(i.HAL_GPIO_WritePin) for HAL_GPIO_WritePin
[...]
    x$fpl$drsb                               0x0800487c   Section       22  daddsub_clz.o(x$fpl$drsb)
    $v0                                      0x0800487c   Number         0  daddsub_clz.o(x$fpl$drsb)
    x$fpl$dsub                               0x08004894   Section      468  daddsub_clz.o(x$fpl$dsub)
    $v0                                      0x08004894   Number         0  daddsub_clz.o(x$fpl$dsub)
    _dsub1                                   0x080048a5   Thumb Code     0  daddsub_clz.o(x$fpl$dsub)
    x$fpl$fpinit                             0x08004a68   Section       10  fpinit.o(x$fpl$fpinit)
    $v0                                      0x08004a68   Number         0  fpinit.o(x$fpl$fpinit)
    x$fpl$usenofp                            0x08004a72   Section        0  usenofp.o(x$fpl$usenofp)
    .constdata                               0x08004a74   Section      140  freertos.o(.constdata)
    .constdata                               0x08004b00   Section        8  stm32f4xx_hal_dma.o(.constdata)
    flagBitshiftOffset                       0x08004b00   Data           8  stm32f4xx_hal_dma.o(.constdata)
    .constdata                               0x08004b08   Section       16  system_stm32f4xx.o(.constdata)
    .constdata                               0x08004b18   Section        8  system_stm32f4xx.o(.constdata)
    .constdata                               0x08004b20   Section       28  chassis_app.o(.constdata)
    .conststring                             0x08004b3c   Section       56  freertos.o(.conststring)
    .conststring                             0x08004b74   Section       12  chassis_app.o(.conststring)
    .data                                    0x20000000   Section       20  freertos.o(.data)
    .data                                    0x20000014   Section        4  can.o(.data)
    HAL_RCC_CAN1_CLK_ENABLED                 0x20000014   Data           4  can.o(.data)
    .data                                    0x20000018   Section       12  stm32f4xx_hal.o(.data)
    .data                                    0x20000024   Section        4  system_stm32f4xx.o(.data)
    .data                                    0x20000028   Section       60  tasks.o(.data)
    pxDelayedTaskList                        0x2000002c   Data           4  tasks.o(.data)
    pxOverflowDelayedTaskList                0x20000030   Data           4  tasks.o(.data)
    uxDeletedTasksWaitingCleanUp             0x20000034   Data           4  tasks.o(.data)
    uxCurrentNumberOfTasks                   0x20000038   Data           4  tasks.o(.data)
    xTickCount                               0x2000003c   Data           4  tasks.o(.data)
    uxTopReadyPriority                       0x20000040   Data           4  tasks.o(.data)
    xSchedulerRunning                        0x20000044   Data           4  tasks.o(.data)
    uxPendedTicks                            0x20000048   Data           4  tasks.o(.data)
    xYieldPending                            0x2000004c   Data           4  tasks.o(.data)
    xNumOfOverflows                          0x20000050   Data           4  tasks.o(.data)
    uxTaskNumber                             0x20000054   Data           4  tasks.o(.data)
    xNextTaskUnblockTime                     0x20000058   Data           4  tasks.o(.data)
    xIdleTaskHandle                          0x2000005c   Data           4  tasks.o(.data)
    uxSchedulerSuspended                     0x20000060   Data           4  tasks.o(.data)
    .data                                    0x20000064   Section       24  heap_4.o(.data)
    pxEnd                                    0x20000064   Data           4  heap_4.o(.data)
    xFreeBytesRemaining                      0x20000068   Data           4  heap_4.o(.data)
    xMinimumEverFreeBytesRemaining           0x2000006c   Data           4  heap_4.o(.data)
    xBlockAllocatedBit                       0x20000070   Data           4  heap_4.o(.data)
    xStart                                   0x20000074   Data           8  heap_4.o(.data)
    .data                                    0x2000007c   Section       12  port.o(.data)
    ucMaxSysCallPriority                     0x2000007c   Data           1  port.o(.data)
    uxCriticalNesting                        0x20000080   Data           4  port.o(.data)
    ulMaxPRIGROUPValue                       0x20000084   Data           4  port.o(.data)
    .data                                    0x20000088   Section       16  rmmotor.o(.data)
    Block_Count                              0x20000088   Data           2  rmmotor.o(.data)
    last_Position                            0x2000008c   Data           2  rmmotor.o(.data)
    .data                                    0x20000098   Section        2  remotecontrol.o(.data)
    this_time_rx_len                         0x20000098   Data           2  remotecontrol.o(.data)
    .data                                    0x2000009c   Section        4  chassis_app.o(.data)
    .data                                    0x200000a0   Section       25  chassis_behaviour.o(.data)
    b                                        0x200000a2   Data           1  chassis_behaviour.o(.data)
    a                                        0x200000a3   Data           1  chassis_behaviour.o(.data)
    Chassis_ch0                              0x200000a4   Data           4  chassis_behaviour.o(.data)
    Chassis_ch1                              0x200000a8   Data           4  chassis_behaviour.o(.data)
    Chassis_ch2                              0x200000ac   Data           4  chassis_behaviour.o(.data)
    .data                                    0x200000ba   Section       10  task_chassis.o(.data)
    i                                        0x200000ba   Data           1  task_chassis.o(.data)
    last_ch                                  0x200000be   Data           6  task_chassis.o(.data)
    .data                                    0x200000c4   Section        4  bsp_usart2.o(.data)
    .data                                    0x200000c8   Section        4  fifo_buff.o(.data)
    .bss                                     0x200000cc   Section      596  freertos.o(.bss)
    xIdleTaskTCBBuffer                       0x200000cc   Data          84  freertos.o(.bss)
    xIdleStack                               0x20000120   Data         512  freertos.o(.bss)
    .bss                                     0x20000320   Section       80  can.o(.bss)
    .bss                                     0x20000370   Section       16  rng.o(.bss)
    .bss                                     0x20000380   Section      928  usart.o(.bss)
    .bss                                     0x20000720   Section       64  stm32f4xx_hal_timebase_tim.o(.bss)
    .bss                                     0x20000760   Section      240  tasks.o(.bss)
    pxReadyTasksLists                        0x20000760   Data         140  tasks.o(.bss)
    xDelayedTaskList1                        0x200007ec   Data          20  tasks.o(.bss)
    xDelayedTaskList2                        0x20000800   Data          20  tasks.o(.bss)
    xPendingReadyList                        0x20000814   Data          20  tasks.o(.bss)
    xTasksWaitingTermination                 0x20000828   Data          20  tasks.o(.bss)
    xSuspendedTaskList                       0x2000083c   Data          20  tasks.o(.bss)
    .bss                                     0x20000850   Section    15360  heap_4.o(.bss)
    ucHeap                                   0x20000850   Data       15360  heap_4.o(.bss)
    .bss                                     0x20004450   Section       94  remotecontrol.o(.bss)
    .bss                                     0x200044b0   Section      140  can_1_receive.o(.bss)
    .bss                                     0x2000453c   Section       24  chassis_app.o(.bss)
    Txmessage                                0x2000453c   Data          24  chassis_app.o(.bss)
    .bss                                     0x20004554   Section      656  task_chassis.o(.bss)
    .bss                                     0x200047e4   Section     1576  bsp_usart2.o(.bss)
    Usart2_Tx                                0x200048e4   Data         512  bsp_usart2.o(.bss)
    Usart2_Rx_Buffer                         0x20004ae4   Data         256  bsp_usart2.o(.bss)
    Usart2_Tx_Buffer                         0x20004be4   Data         512  bsp_usart2.o(.bss)
    .bss                                     0x20004e0c   Section       96  libspace.o(.bss)
    HEAP                                     0x20004e70   Section      512  startup_stm32f407xx.o(HEAP)
    Heap_Mem                                 0x20004e70   Data         512  startup_stm32f407xx.o(HEAP)
    STACK                                    0x20005070   Section     1024  startup_stm32f407xx.o(STACK)
    Stack_Mem                                0x20005070   Data        1024  startup_stm32f407xx.o(STACK)
    __initial_sp                             0x20005470   Data           0  startup_stm32f407xx.o(STACK)

    Global Symbols

    Symbol Name                              Value     Ov Type        Size  Object(Section)

    BuildAttributes$$THM_ISAv4$E$P$D$K$B$S$7EM$VFPi3$EXTD16$VFPS$VFMA$PE$A:L22UL41UL21$X:L11$S22US41US21$IEEE1$IW$USESV6$~STKCKD$USESV7$~SHL$OSPACE$ROPI$EBA8$UX$STANDARDLIB$REQ8$PRES8$EABIv2 0x00000000   Number         0  anon$$obj.o ABSOLUTE
    __ARM_use_no_argv                        0x00000000   Number         0  main.o ABSOLUTE
    __ARM_exceptions_init                     - Undefined Weak Reference
    __alloca_initialize                       - Undefined Weak Reference
    __arm_fini_                               - Undefined Weak Reference
    __arm_preinit_                            - Undefined Weak Reference
    __cpp_initialize__aeabi_                  - Undefined Weak Reference
    __cxa_finalize                            - Undefined Weak Reference
    __rt_locale                               - Undefined Weak Reference
    __sigvec_lookup                           - Undefined Weak Reference
    _atexit_init                              - Undefined Weak Reference
    _call_atexit_fns                          - Undefined Weak Reference
    _clock_init                               - Undefined Weak Reference
    _fp_trap_init                             - Undefined Weak Reference
    _fp_trap_shutdown                         - Undefined Weak Reference
    _get_lc_collate                           - Undefined Weak Reference
    _get_lc_ctype                             - Undefined Weak Reference
    _get_lc_monetary                          - Undefined Weak Reference
    _get_lc_numeric                           - Undefined Weak Reference
    _get_lc_time                              - Undefined Weak Reference
    _getenv_init                              - Undefined Weak Reference
    _handle_redirection                       - Undefined Weak Reference
    _init_alloc                               - Undefined Weak Reference
    _init_user_alloc                          - Undefined Weak Reference
    _initio                                   - Undefined Weak Reference
    _rand_init                                - Undefined Weak Reference
    _signal_finish                            - Undefined Weak Reference
    _signal_init                              - Undefined Weak Reference
    _terminate_alloc                          - Undefined Weak Reference
    _terminate_user_alloc                     - Undefined Weak Reference
    _terminateio                              - Undefined Weak Reference
    __Vectors_Size                           0x00000188   Number         0  startup_stm32f407xx.o ABSOLUTE
    __Vectors                                0x08000000   Data           4  startup_stm32f407xx.o(RESET)
    __Vectors_End                            0x08000188   Data           0  startup_stm32f407xx.o(RESET)
    __main                                   0x08000189   Thumb Code     8  __main.o(!!!main)
    __scatterload                            0x08000191   Thumb Code     0  __scatter.o(!!!scatter)
    __scatterload_rt2                        0x08000191   Thumb Code    44  __scatter.o(!!!scatter)
    __scatterload_rt2_thumb_only             0x08000191   Thumb Code     0  __scatter.o(!!!scatter)
    __scatterload_null                       0x0800019f   Thumb Code     0  __scatter.o(!!!scatter)
    __scatterload_copy                       0x080001c5   Thumb Code    26  __scatter_copy.o(!!handler_copy)
    __scatterload_zeroinit                   0x080001e1   Thumb Code    28  __scatter_zi.o(!!handler_zi)
    __rt_lib_init                            0x080001fd   Thumb Code     0  libinit.o(.ARM.Collect$$libinit$$00000000)
    __rt_lib_init_fp_1                       0x080001ff   Thumb Code     0  libinit2.o(.ARM.Collect$$libinit$$00000001)
    __rt_lib_init_alloca_1                   0x08000203   Thumb Code     0  libinit2.o(.ARM.Collect$$libinit$$0000002E)
    __rt_lib_init_argv_1                     0x08000203   Thumb Code     0  libinit2.o(.ARM.Collect$$libinit$$0000002C)
    __rt_lib_init_atexit_1                   0x08000203   Thumb Code     0  libinit2.o(.ARM.Collect$$libinit$$0000001B)
    __rt_lib_init_clock_1                    0x08000203   Thumb Code     0  libinit2.o(.ARM.Collect$$libinit$$00000021)
    __rt_lib_init_cpp_1                      0x08000203   Thumb Code     0  libinit2.o(.ARM.Collect$$libinit$$00000032)
    __rt_lib_init_exceptions_1               0x08000203   Thumb Code     0  libinit2.o(.ARM.Collect$$libinit$$00000030)
    __rt_lib_init_fp_trap_1                  0x08000203   Thumb Code     0  libinit2.o(.ARM.Collect$$libinit$$0000001F)
    __rt_lib_init_getenv_1                   0x08000203   Thumb Code     0  libinit2.o(.ARM.Collect$$libinit$$00000023)
    __rt_lib_init_heap_1                     0x08000203   Thumb Code     0  libinit2.o(.ARM.Collect$$libinit$$0000000A)
    __rt_lib_init_lc_collate_1               0x08000203   Thumb Code     0  libinit2.o(.ARM.Collect$$libinit$$00000011)
    __rt_lib_init_lc_ctype_1                 0x08000203   Thumb Code     0  libinit2.o(.ARM.Collect$$libinit$$00000013)
    __rt_lib_init_lc_monetary_1              0x08000203   Thumb Code     0  libinit2.o(.ARM.Collect$$libinit$$00000015)
    __rt_lib_init_lc_numeric_1               0x08000203   Thumb Code     0  libinit2.o(.ARM.Collect$$libinit$$00000017)
    __rt_lib_init_lc_time_1                  0x08000203   Thumb Code     0  libinit2.o(.ARM.Collect$$libinit$$00000019)
    __rt_lib_init_preinit_1                  0x08000203   Thumb Code     0  libinit2.o(.ARM.Collect$$libinit$$00000004)
    __rt_lib_init_rand_1                     0x08000203   Thumb Code     0  libinit2.o(.ARM.Collect$$libinit$$0000000E)
    __rt_lib_init_return                     0x08000203   Thumb Code     0  libinit2.o(.ARM.Collect$$libinit$$00000033)
    __rt_lib_init_signal_1                   0x08000203   Thumb Code     0  libinit2.o(.ARM.Collect$$libinit$$0000001D)
    __rt_lib_init_stdio_1                    0x08000203   Thumb Code     0  libinit2.o(.ARM.Collect$$libinit$$00000025)
    __rt_lib_init_user_alloc_1               0x08000203   Thumb Code     0  libinit2.o(.ARM.Collect$$libinit$$0000000C)
    __rt_lib_shutdown                        0x08000205   Thumb Code     0  libshutdown.o(.ARM.Collect$$libshutdown$$00000000)
    __rt_lib_shutdown_cpp_1                  0x08000207   Thumb Code     0  libshutdown2.o(.ARM.Collect$$libshutdown$$00000004)
    __rt_lib_shutdown_fini_1                 0x08000207   Thumb Code     0  libshutdown2.o(.ARM.Collect$$libshutdown$$00000002)
    __rt_lib_shutdown_fp_trap_1              0x08000207   Thumb Code     0  libshutdown2.o(.ARM.Collect$$libshutdown$$00000009)
    __rt_lib_shutdown_heap_1                 0x08000207   Thumb Code     0  libshutdown2.o(.ARM.Collect$$libshutdown$$00000011)
    __rt_lib_shutdown_return                 0x08000207   Thumb Code     0  libshutdown2.o(.ARM.Collect$$libshutdown$$00000012)
    __rt_lib_shutdown_signal_1               0x08000207   Thumb Code     0  libshutdown2.o(.ARM.Collect$$libshutdown$$0000000C)
    __rt_lib_shutdown_stdio_1                0x08000207   Thumb Code     0  libshutdown2.o(.ARM.Collect$$libshutdown$$00000006)
    __rt_lib_shutdown_user_alloc_1           0x08000207   Thumb Code     0  libshutdown2.o(.ARM.Collect$$libshutdown$$0000000E)
    __rt_entry                               0x08000209   Thumb Code     0  __rtentry.o(.ARM.Collect$$rtentry$$00000000)
    __rt_entry_presh_1                       0x08000209   Thumb Code     0  __rtentry2.o(.ARM.Collect$$rtentry$$00000002)
    __rt_entry_sh                            0x08000209   Thumb Code     0  __rtentry4.o(.ARM.Collect$$rtentry$$00000004)
    __rt_entry_li                            0x0800020f   Thumb Code     0  __rtentry2.o(.ARM.Collect$$rtentry$$0000000A)
    __rt_entry_postsh_1                      0x0800020f   Thumb Code     0  __rtentry2.o(.ARM.Collect$$rtentry$$00000009)
    __rt_entry_main                          0x08000213   Thumb Code     0  __rtentry2.o(.ARM.Collect$$rtentry$$0000000D)
    __rt_entry_postli_1                      0x08000213   Thumb Code     0  __rtentry2.o(.ARM.Collect$$rtentry$$0000000C)
    __rt_exit                                0x0800021b   Thumb Code     0  rtexit.o(.ARM.Collect$$rtexit$$00000000)
    __rt_exit_ls                             0x0800021d   Thumb Code     0  rtexit2.o(.ARM.Collect$$rtexit$$00000003)
    __rt_exit_prels_1                        0x0800021d   Thumb Code     0  rtexit2.o(.ARM.Collect$$rtexit$$00000002)
    __rt_exit_exit                           0x08000221   Thumb Code     0  rtexit2.o(.ARM.Collect$$rtexit$$00000004)
    SVC_Handler                              0x08000229   Thumb Code    28  port.o(.emb_text)
    __asm___6_port_c_39a90d8d__prvStartFirstTask 0x08000249   Thumb Code    36  port.o(.emb_text)
    __asm___6_port_c_39a90d8d__prvEnableVFP  0x08000271   Thumb Code    16  port.o(.emb_text)
    PendSV_Handler                           0x08000285   Thumb Code    88  port.o(.emb_text)
    vPortGetIPSR                             0x080002e1   Thumb Code     6  port.o(.emb_text)
    Reset_Handler                            0x080002e9   Thumb Code     8  startup_stm32f407xx.o(.text)
    ADC_IRQHandler                           0x08000303   Thumb Code     0  startup_stm32f407xx.o(.text)
    CAN1_RX1_IRQHandler                      0x08000303   Thumb Code     0  startup_stm32f407xx.o(.text)
    CAN1_SCE_IRQHandler                      0x08000303   Thumb Code     0  startup_stm32f407xx.o(.text)
    CAN1_TX_IRQHandler                       0x08000303   Thumb Code     0  startup_stm32f407xx.o(.text)
    CAN2_RX1_IRQHandler                      0x08000303   Thumb Code     0  startup_stm32f407xx.o(.text)
    CAN2_SCE_IRQHandler                      0x08000303   Thumb Code     0  startup_stm32f407xx.o(.text)
    CAN2_TX_IRQHandler                       0x08000303   Thumb Code     0  startup_stm32f407xx.o(.text)
    DCMI_IRQHandler                          0x08000303   Thumb Code     0  startup_stm32f407xx.o(.text)
    DMA1_Stream0_IRQHandler                  0x08000303   Thumb Code     0  startup_stm32f407xx.o(.text)
    DMA1_Stream2_IRQHandler                  0x08000303   Thumb Code     0  startup_stm32f407xx.o(.text)
    DMA1_Stream4_IRQHandler                  0x08000303   Thumb Code     0  startup_stm32f407xx.o(.text)
    DMA1_Stream7_IRQHandler                  0x08000303   Thumb Code     0  startup_stm32f407xx.o(.text)
    DMA2_Stream0_IRQHandler                  0x08000303   Thumb Code     0  startup_stm32f407xx.o(.text)
    DMA2_Stream3_IRQHandler                  0x08000303   Thumb Code     0  startup_stm32f407xx.o(.text)
    DMA2_Stream4_IRQHandler                  0x08000303   Thumb Code     0  startup_stm32f407xx.o(.text)
    DMA2_Stream5_IRQHandler                  0x08000303   Thumb Code     0  startup_stm32f407xx.o(.text)
    DMA2_Stream7_IRQHandler                  0x08000303   Thumb Code     0  startup_stm32f407xx.o(.text)
    ETH_IRQHandler                           0x08000303   Thumb Code     0  startup_stm32f407xx.o(.text)
    ETH_WKUP_IRQHandler                      0x08000303   Thumb Code     0  startup_stm32f407xx.o(.text)
    EXTI0_IRQHandler                         0x08000303   Thumb Code     0  startup_stm32f407xx.o(.text)
    EXTI15_10_IRQHandler                     0x08000303   Thumb Code     0  startup_stm32f407xx.o(.text)
    EXTI1_IRQHandler                         0x08000303   Thumb Code     0  startup_stm32f407xx.o(.text)
    EXTI2_IRQHandler                         0x08000303   Thumb Code     0  startup_stm32f407xx.o(.text)
    EXTI3_IRQHandler                         0x08000303   Thumb Code     0  startup_stm32f407xx.o(.text)
    EXTI4_IRQHandler                         0x08000303   Thumb Code     0  startup_stm32f407xx.o(.text)
    EXTI9_5_IRQHandler                       0x08000303   Thumb Code     0  startup_stm32f407xx.o(.text)
    FLASH_IRQHandler                         0x08000303   Thumb Code     0  startup_stm32f407xx.o(.text)
    FMC_IRQHandler                           0x08000303   Thumb Code     0  startup_stm32f407xx.o(.text)
    FPU_IRQHandler                           0x08000303   Thumb Code     0  startup_stm32f407xx.o(.text)
    HASH_RNG_IRQHandler                      0x08000303   Thumb Code     0  startup_stm32f407xx.o(.text)
    I2C1_ER_IRQHandler                       0x08000303   Thumb Code     0  startup_stm32f407xx.o(.text)
    I2C1_EV_IRQHandler                       0x08000303   Thumb Code     0  startup_stm32f407xx.o(.text)
    I2C2_ER_IRQHandler                       0x08000303   Thumb Code     0  startup_stm32f407xx.o(.text)
    I2C2_EV_IRQHandler                       0x08000303   Thumb Code     0  startup_stm32f407xx.o(.text)
    I2C3_ER_IRQHandler                       0x08000303   Thumb Code     0  startup_stm32f407xx.o(.text)
    I2C3_EV_IRQHandler                       0x08000303   Thumb Code     0  startup_stm32f407xx.o(.text)
    OTG_FS_IRQHandler                        0x08000303   Thumb Code     0  startup_stm32f407xx.o(.text)
    OTG_FS_WKUP_IRQHandler                   0x08000303   Thumb Code     0  startup_stm32f407xx.o(.text)
    OTG_HS_EP1_IN_IRQHandler                 0x08000303   Thumb Code     0  startup_stm32f407xx.o(.text)
    OTG_HS_EP1_OUT_IRQHandler                0x08000303   Thumb Code     0  startup_stm32f407xx.o(.text)
    OTG_HS_IRQHandler                        0x08000303   Thumb Code     0  startup_stm32f407xx.o(.text)
    OTG_HS_WKUP_IRQHandler                   0x08000303   Thumb Code     0  startup_stm32f407xx.o(.text)
    PVD_IRQHandler                           0x08000303   Thumb Code     0  startup_stm32f407xx.o(.text)
    RCC_IRQHandler                           0x08000303   Thumb Code     0  startup_stm32f407xx.o(.text)
    RTC_Alarm_IRQHandler                     0x08000303   Thumb Code     0  startup_stm32f407xx.o(.text)
    RTC_WKUP_IRQHandler                      0x08000303   Thumb Code     0  startup_stm32f407xx.o(.text)
    SDIO_IRQHandler                          0x08000303   Thumb Code     0  startup_stm32f407xx.o(.text)
    SPI1_IRQHandler                          0x08000303   Thumb Code     0  startup_stm32f407xx.o(.text)
    SPI2_IRQHandler                          0x08000303   Thumb Code     0  startup_stm32f407xx.o(.text)
    SPI3_IRQHandler                          0x08000303   Thumb Code     0  startup_stm32f407xx.o(.text)
    TAMP_STAMP_IRQHandler                    0x08000303   Thumb Code     0  startup_stm32f407xx.o(.text)
    TIM1_BRK_TIM9_IRQHandler                 0x08000303   Thumb Code     0  startup_stm32f407xx.o(.text)
    TIM1_CC_IRQHandler                       0x08000303   Thumb Code     0  startup_stm32f407xx.o(.text)
    TIM1_TRG_COM_TIM11_IRQHandler            0x08000303   Thumb Code     0  startup_stm32f407xx.o(.text)
    TIM1_UP_TIM10_IRQHandler                 0x08000303   Thumb Code     0  startup_stm32f407xx.o(.text)
    TIM3_IRQHandler                          0x08000303   Thumb Code     0  startup_stm32f407xx.o(.text)
    TIM4_IRQHandler                          0x08000303   Thumb Code     0  startup_stm32f407xx.o(.text)
    TIM5_IRQHandler                          0x08000303   Thumb Code     0  startup_stm32f407xx.o(.text)
    TIM6_DAC_IRQHandler                      0x08000303   Thumb Code     0  startup_stm32f407xx.o(.text)
    TIM7_IRQHandler                          0x08000303   Thumb Code     0  startup_stm32f407xx.o(.text)
    TIM8_BRK_TIM12_IRQHandler                0x08000303   Thumb Code     0  startup_stm32f407xx.o(.text)
    TIM8_CC_IRQHandler                       0x08000303   Thumb Code     0  startup_stm32f407xx.o(.text)
    TIM8_TRG_COM_TIM14_IRQHandler            0x08000303   Thumb Code     0  startup_stm32f407xx.o(.text)
    TIM8_UP_TIM13_IRQHandler                 0x08000303   Thumb Code     0  startup_stm32f407xx.o(.text)
    UART4_IRQHandler                         0x08000303   Thumb Code     0  startup_stm32f407xx.o(.text)
    UART5_IRQHandler                         0x08000303   Thumb Code     0  startup_stm32f407xx.o(.text)
    WWDG_IRQHandler                          0x08000303   Thumb Code     0  startup_stm32f407xx.o(.text)
    __user_initial_stackheap                 0x08000305   Thumb Code     0  startup_stm32f407xx.o(.text)
    __aeabi_uldivmod                         0x08000329   Thumb Code     0  lludivv7m.o(.text)
    _ll_udiv                                 0x08000329   Thumb Code   238  lludivv7m.o(.text)
    __aeabi_memcpy                           0x08000417   Thumb Code     0  rt_memcpy_v6.o(.text)
    __rt_memcpy                              0x08000417   Thumb Code   138  rt_memcpy_v6.o(.text)
    _memcpy_lastbytes                        0x0800047d   Thumb Code     0  rt_memcpy_v6.o(.text)
    __aeabi_memcpy4                          0x080004a1   Thumb Code     0  rt_memcpy_w.o(.text)
    __aeabi_memcpy8                          0x080004a1   Thumb Code     0  rt_memcpy_w.o(.text)
    __rt_memcpy_w                            0x080004a1   Thumb Code   100  rt_memcpy_w.o(.text)
    _memcpy_lastbytes_aligned                0x080004e9   Thumb Code     0  rt_memcpy_w.o(.text)
    __aeabi_memclr4                          0x08000505   Thumb Code     0  rt_memclr_w.o(.text)
    __aeabi_memclr8                          0x08000505   Thumb Code     0  rt_memclr_w.o(.text)
    __rt_memclr_w                            0x08000505   Thumb Code    78  rt_memclr_w.o(.text)
    _memset_w                                0x08000509   Thumb Code     0  rt_memclr_w.o(.text)
    __use_two_region_memory                  0x08000553   Thumb Code     2  heapauxi.o(.text)
    __rt_heap_escrow$2region                 0x08000555   Thumb Code     2  heapauxi.o(.text)
    __rt_heap_expand$2region                 0x08000557   Thumb Code     2  heapauxi.o(.text)
    __user_setup_stackheap                   0x08000559   Thumb Code    74  sys_stackheap_outer.o(.text)
    exit                                     0x080005a3   Thumb Code    18  exit.o(.text)
    __user_libspace                          0x080005b5   Thumb Code     8  libspace.o(.text)
    __user_perproc_libspace                  0x080005b5   Thumb Code     0  libspace.o(.text)
    __user_perthread_libspace                0x080005b5   Thumb Code     0  libspace.o(.text)
    _sys_exit                                0x080005bd   Thumb Code     8  sys_exit.o(.text)
    __I$use$semihosting                      0x080005c9   Thumb Code     0  use_no_semi.o(.text)
    __use_no_semihosting_swi                 0x080005c9   Thumb Code     2  use_no_semi.o(.text)
    BusFault_Handler                         0x080005cb   Thumb Code     2  stm32f4xx_it.o(i.BusFault_Handler)
    __semihosting_library_function           0x080005cb   Thumb Code     0  indicate_semi.o(.text)
    CAN1_RX0_IRQHandler                      0x080005cd   Thumb Code     6  stm32f4xx_it.o(i.CAN1_RX0_IRQHandler)
    CAN1_chassis_receive                     0x080005d9   Thumb Code   158  can_1_receive.o(i.CAN1_chassis_receive)
    CAN1_filter_config                       0x0800068d   Thumb Code    56  can_1_receive.o(i.CAN1_filter_config)
    CAN2_RX0_IRQHandler                      0x080006c9   Thumb Code     6  stm32f4xx_it.o(i.CAN2_RX0_IRQHandler)
    CAN2_chassis_receive                     0x080006d5   Thumb Code    18  can_2_receive.o(i.CAN2_chassis_receive)
    CAN2_filter_config                       0x080006e9   Thumb Code    56  can_2_receive.o(i.CAN2_filter_config)
    Chassis_CAN_Send_Msg                     0x08000725   Thumb Code    74  chassis_app.o(i.Chassis_CAN_Send_Msg)
    Chassis_Task                             0x08000779   Thumb Code    92  task_chassis.o(i.Chassis_Task)
    Chassis_Task_OFF                         0x080007e1   Thumb Code    68  task_chassis.o(i.Chassis_Task_OFF)
    DMA1_Stream1_IRQHandler                  0x080009b9   Thumb Code     6  stm32f4xx_it.o(i.DMA1_Stream1_IRQHandler)
    DMA1_Stream3_IRQHandler                  0x080009c5   Thumb Code     6  stm32f4xx_it.o(i.DMA1_Stream3_IRQHandler)
    DMA1_Stream5_IRQHandler                  0x080009d1   Thumb Code     6  stm32f4xx_it.o(i.DMA1_Stream5_IRQHandler)
    DMA1_Stream6_IRQHandler                  0x080009dd   Thumb Code     6  stm32f4xx_it.o(i.DMA1_Stream6_IRQHandler)
    DMA2_Stream1_IRQHandler                  0x080009e9   Thumb Code     6  stm32f4xx_it.o(i.DMA2_Stream1_IRQHandler)
    DMA2_Stream2_IRQHandler                  0x080009f5   Thumb Code     6  stm32f4xx_it.o(i.DMA2_Stream2_IRQHandler)
    DMA2_Stream6_IRQHandler                  0x08000a01   Thumb Code     6  stm32f4xx_it.o(i.DMA2_Stream6_IRQHandler)
    DebugMon_Handler                         0x08000ab1   Thumb Code     2  stm32f4xx_it.o(i.DebugMon_Handler)
    Detect_TASK                              0x08000ab5   Thumb Code    24  task_detect.o(i.Detect_TASK)
    Error_Handler                            0x08000ad1   Thumb Code     4  main.o(i.Error_Handler)
    Fire_Task                                0x08000ad5   Thumb Code    24  task_fire.o(i.Fire_Task)
    HAL_CAN_ActivateNotification             0x08000af1   Thumb Code    36  stm32f4xx_hal_can.o(i.HAL_CAN_ActivateNotification)
    HAL_CAN_AddTxMessage                     0x08000b15   Thumb Code   220  stm32f4xx_hal_can.o(i.HAL_CAN_AddTxMessage)
    HAL_CAN_ConfigFilter                     0x08000bf1   Thumb Code   262  stm32f4xx_hal_can.o(i.HAL_CAN_ConfigFilter)
    HAL_CAN_ErrorCallback                    0x08000cfd   Thumb Code     2  stm32f4xx_hal_can.o(i.HAL_CAN_ErrorCallback)
    HAL_CAN_GetRxMessage                     0x08000cff   Thumb Code   232  stm32f4xx_hal_can.o(i.HAL_CAN_GetRxMessage)
    HAL_CAN_IRQHandler                       0x08000de7   Thumb Code   508  stm32f4xx_hal_can.o(i.HAL_CAN_IRQHandler)
    HAL_CAN_Init                             0x08000fe3   Thumb Code   282  stm32f4xx_hal_can.o(i.HAL_CAN_Init)
    HAL_CAN_MspInit                          0x080010fd   Thumb Code   226  can.o(i.HAL_CAN_MspInit)
    HAL_CAN_RxFifo0FullCallback              0x080011f9   Thumb Code     2  stm32f4xx_hal_can.o(i.HAL_CAN_RxFifo0FullCallback)
    HAL_CAN_RxFifo0MsgPendingCallback        0x080011fd   Thumb Code    34  can_1_receive.o(i.HAL_CAN_RxFifo0MsgPendingCallback)
    HAL_CAN_RxFifo1FullCallback              0x08001229   Thumb Code     2  stm32f4xx_hal_can.o(i.HAL_CAN_RxFifo1FullCallback)
    HAL_CAN_RxFifo1MsgPendingCallback        0x0800122b   Thumb Code     2  stm32f4xx_hal_can.o(i.HAL_CAN_RxFifo1MsgPendingCallback)
    HAL_CAN_SleepCallback                    0x0800122d   Thumb Code     2  stm32f4xx_hal_can.o(i.HAL_CAN_SleepCallback)
    HAL_CAN_Start                            0x08001231   Thumb Code    88  stm32f4xx_hal_can.o(i.HAL_CAN_Start)
    HAL_CAN_TxMailbox0AbortCallback          0x08001289   Thumb Code     2  stm32f4xx_hal_can.o(i.HAL_CAN_TxMailbox0AbortCallback)
    HAL_CAN_TxMailbox0CompleteCallback       0x0800128b   Thumb Code     2  stm32f4xx_hal_can.o(i.HAL_CAN_TxMailbox0CompleteCallback)
    HAL_CAN_TxMailbox1AbortCallback          0x0800128d   Thumb Code     2  stm32f4xx_hal_can.o(i.HAL_CAN_TxMailbox1AbortCallback)
    HAL_CAN_TxMailbox1CompleteCallback       0x0800128f   Thumb Code     2  stm32f4xx_hal_can.o(i.HAL_CAN_TxMailbox1CompleteCallback)
    HAL_CAN_TxMailbox2AbortCallback          0x08001291   Thumb Code     2  stm32f4xx_hal_can.o(i.HAL_CAN_TxMailbox2AbortCallback)
    HAL_CAN_TxMailbox2CompleteCallback       0x08001293   Thumb Code     2  stm32f4xx_hal_can.o(i.HAL_CAN_TxMailbox2CompleteCallback)
    HAL_CAN_WakeUpFromRxMsgCallback          0x08001295   Thumb Code     2  stm32f4xx_hal_can.o(i.HAL_CAN_WakeUpFromRxMsgCallback)
    HAL_DMA_Abort_IT                         0x08001297   Thumb Code    36  stm32f4xx_hal_dma.o(i.HAL_DMA_Abort_IT)
    HAL_DMA_IRQHandler                       0x080012bd   Thumb Code   412  stm32f4xx_hal_dma.o(i.HAL_DMA_IRQHandler)
    HAL_DMA_Init                             0x0800145d   Thumb Code   206  stm32f4xx_hal_dma.o(i.HAL_DMA_Init)
    HAL_DMA_Start_IT                         0x08001531   Thumb Code   110  stm32f4xx_hal_dma.o(i.HAL_DMA_Start_IT)
    HAL_GPIO_Init                            0x080015a1   Thumb Code   394  stm32f4xx_hal_gpio.o(i.HAL_GPIO_Init)
    HAL_GPIO_ReadPin                         0x08001759   Thumb Code    10  stm32f4xx_hal_gpio.o(i.HAL_GPIO_ReadPin)
    HAL_GPIO_WritePin                        0x08001763   Thumb Code    10  stm32f4xx_hal_gpio.o(i.HAL_GPIO_WritePin)
    HAL_GetTick                              0x0800176d   Thumb Code     6  stm32f4xx_hal.o(i.HAL_GetTick)
    HAL_IncTick                              0x08001779   Thumb Code    12  stm32f4xx_hal.o(i.HAL_IncTick)
    HAL_Init                                 0x08001789   Thumb Code    48  stm32f4xx_hal.o(i.HAL_Init)
    HAL_InitTick                             0x080017bd   Thumb Code   102  stm32f4xx_hal_timebase_tim.o(i.HAL_InitTick)
    HAL_MspInit                              0x08001831   Thumb Code    52  stm32f4xx_hal_msp.o(i.HAL_MspInit)
    HAL_NVIC_EnableIRQ                       0x08001869   Thumb Code    26  stm32f4xx_hal_cortex.o(i.HAL_NVIC_EnableIRQ)
    HAL_NVIC_SetPriority                     0x08001885   Thumb Code    60  stm32f4xx_hal_cortex.o(i.HAL_NVIC_SetPriority)
    HAL_NVIC_SetPriorityGrouping             0x080018c5   Thumb Code    26  stm32f4xx_hal_cortex.o(i.HAL_NVIC_SetPriorityGrouping)
    HAL_RCC_ClockConfig                      0x080018e9   Thumb Code   288  stm32f4xx_hal_rcc.o(i.HAL_RCC_ClockConfig)
    HAL_RCC_GetClockConfig                   0x08001a1d   Thumb Code    54  stm32f4xx_hal_rcc.o(i.HAL_RCC_GetClockConfig)
    HAL_RCC_GetPCLK1Freq                     0x08001a5d   Thumb Code    20  stm32f4xx_hal_rcc.o(i.HAL_RCC_GetPCLK1Freq)
    HAL_RCC_GetPCLK2Freq                     0x08001a7d   Thumb Code    20  stm32f4xx_hal_rcc.o(i.HAL_RCC_GetPCLK2Freq)
    HAL_RCC_GetSysClockFreq                  0x08001a9d   Thumb Code    88  stm32f4xx_hal_rcc.o(i.HAL_RCC_GetSysClockFreq)
    HAL_RCC_OscConfig                        0x08001b01   Thumb Code   840  stm32f4xx_hal_rcc.o(i.HAL_RCC_OscConfig)
    HAL_RNG_GenerateRandomNumber             0x08001e5d   Thumb Code   116  stm32f4xx_hal_rng.o(i.HAL_RNG_GenerateRandomNumber)
    HAL_RNG_Init                             0x08001ed1   Thumb Code    50  stm32f4xx_hal_rng.o(i.HAL_RNG_Init)
    HAL_RNG_MspInit                          0x08001f05   Thumb Code    30  rng.o(i.HAL_RNG_MspInit)
    HAL_TIMEx_BreakCallback                  0x08001f2d   Thumb Code     2  stm32f4xx_hal_tim_ex.o(i.HAL_TIMEx_BreakCallback)
    HAL_TIMEx_CommutCallback                 0x08001f2f   Thumb Code     2  stm32f4xx_hal_tim_ex.o(i.HAL_TIMEx_CommutCallback)
    HAL_TIM_Base_Init                        0x08001f31   Thumb Code    54  stm32f4xx_hal_tim.o(i.HAL_TIM_Base_Init)
    HAL_TIM_Base_MspInit                     0x08001f67   Thumb Code     2  stm32f4xx_hal_tim.o(i.HAL_TIM_Base_MspInit)
    HAL_TIM_Base_Start_IT                    0x08001f69   Thumb Code    34  stm32f4xx_hal_tim.o(i.HAL_TIM_Base_Start_IT)
    HAL_TIM_IC_CaptureCallback               0x08001f8b   Thumb Code     2  stm32f4xx_hal_tim.o(i.HAL_TIM_IC_CaptureCallback)
    HAL_TIM_IRQHandler                       0x08001f8d   Thumb Code   358  stm32f4xx_hal_tim.o(i.HAL_TIM_IRQHandler)
    HAL_TIM_OC_DelayElapsedCallback          0x080020f3   Thumb Code     2  stm32f4xx_hal_tim.o(i.HAL_TIM_OC_DelayElapsedCallback)
    HAL_TIM_PWM_PulseFinishedCallback        0x080020f5   Thumb Code     2  stm32f4xx_hal_tim.o(i.HAL_TIM_PWM_PulseFinishedCallback)
    HAL_TIM_PeriodElapsedCallback            0x080020f7   Thumb Code    14  main.o(i.HAL_TIM_PeriodElapsedCallback)
    HAL_TIM_TriggerCallback                  0x08002105   Thumb Code     2  stm32f4xx_hal_tim.o(i.HAL_TIM_TriggerCallback)
    HAL_UART_ErrorCallback                   0x08002107   Thumb Code     2  stm32f4xx_hal_uart.o(i.HAL_UART_ErrorCallback)
    HAL_UART_IRQHandler                      0x08002109   Thumb Code   270  stm32f4xx_hal_uart.o(i.HAL_UART_IRQHandler)
    HAL_UART_Init                            0x0800221d   Thumb Code    98  stm32f4xx_hal_uart.o(i.HAL_UART_Init)
    HAL_UART_MspInit                         0x08002281   Thumb Code   748  usart.o(i.HAL_UART_MspInit)
    HAL_UART_Receive_DMA                     0x080025a1   Thumb Code   138  stm32f4xx_hal_uart.o(i.HAL_UART_Receive_DMA)
    HAL_UART_RxCpltCallback                  0x08002639   Thumb Code     2  stm32f4xx_hal_uart.o(i.HAL_UART_RxCpltCallback)
    HAL_UART_RxHalfCpltCallback              0x0800263b   Thumb Code     2  stm32f4xx_hal_uart.o(i.HAL_UART_RxHalfCpltCallback)
    HAL_UART_TxCpltCallback                  0x0800263d   Thumb Code     2  stm32f4xx_hal_uart.o(i.HAL_UART_TxCpltCallback)
    HardFault_Handler                        0x0800263f   Thumb Code     2  stm32f4xx_it.o(i.HardFault_Handler)
    Led_Task                                 0x08002641   Thumb Code    40  task_led.o(i.Led_Task)
    Location_Pid_Int32                       0x0800266d   Thumb Code   150  pid.o(i.Location_Pid_Int32)
    MX_CAN1_Init                             0x08002709   Thumb Code    60  can.o(i.MX_CAN1_Init)
    MX_CAN2_Init                             0x0800274d   Thumb Code    60  can.o(i.MX_CAN2_Init)
    MX_DMA_Init                              0x08002791   Thumb Code   152  dma.o(i.MX_DMA_Init)
    MX_FREERTOS_Init                         0x0800282d   Thumb Code   118  freertos.o(i.MX_FREERTOS_Init)
    MX_GPIO_Init                             0x080028ad   Thumb Code   202  gpio.o(i.MX_GPIO_Init)
    MX_RNG_Init                              0x08002989   Thumb Code    28  rng.o(i.MX_RNG_Init)
    MX_USART1_UART_Init                      0x080029ad   Thumb Code    50  usart.o(i.MX_USART1_UART_Init)
    MX_USART2_UART_Init                      0x080029ed   Thumb Code    48  usart.o(i.MX_USART2_UART_Init)
    MX_USART3_UART_Init                      0x08002a25   Thumb Code    48  usart.o(i.MX_USART3_UART_Init)
    MX_USART6_UART_Init                      0x08002a5d   Thumb Code    48  usart.o(i.MX_USART6_UART_Init)
    MemManage_Handler                        0x08002a95   Thumb Code     2  stm32f4xx_it.o(i.MemManage_Handler)
    NMI_Handler                              0x08002a97   Thumb Code     2  stm32f4xx_it.o(i.NMI_Handler)
    RC_Init                                  0x08002a99   Thumb Code    84  remotecontrol.o(i.RC_Init)
    RC_data_is_error                         0x08002b05   Thumb Code   102  remotecontrol.o(i.RC_data_is_error)
    RNG_Get_RandomRange                      0x08002b71   Thumb Code    32  sysinit.o(i.RNG_Get_RandomRange)
    Remote_reload                            0x08002b95   Thumb Code    28  remotecontrol.o(i.Remote_reload)
    Rmmotor_Speed_control                    0x08002bb5   Thumb Code    50  rmmotor.o(i.Rmmotor_Speed_control)
    SAFE_TASK                                0x08002bed   Thumb Code    12  task_safe.o(i.SAFE_TASK)
    StartDefaultTask                         0x08002bf9   Thumb Code     8  freertos.o(i.StartDefaultTask)
    SysTick_Handler                          0x08002c01   Thumb Code    38  port.o(i.SysTick_Handler)
    SystemClock_Config                       0x08002c2d   Thumb Code   142  main.o(i.SystemClock_Config)
    SystemInit                               0x08002cc5   Thumb Code    22  system_stm32f4xx.o(i.SystemInit)
    System_init                              0x08002ce1   Thumb Code    22  sysinit.o(i.System_init)
    TIM2_IRQHandler                          0x08002cf9   Thumb Code     6  stm32f4xx_it.o(i.TIM2_IRQHandler)
    TIM_Base_SetConfig                       0x08002d05   Thumb Code   156  stm32f4xx_hal_tim.o(i.TIM_Base_SetConfig)
    USART1_IRQHandler                        0x080030bd   Thumb Code    18  stm32f4xx_it.o(i.USART1_IRQHandler)
    USART2_IRQHandler                        0x080030d5   Thumb Code    18  stm32f4xx_it.o(i.USART2_IRQHandler)
    USART2_IRQHandler_callback               0x080030ed   Thumb Code    70  bsp_usart2.o(i.USART2_IRQHandler_callback)
    USART3_IRQHandler                        0x08003141   Thumb Code     6  stm32f4xx_it.o(i.USART3_IRQHandler)
    USART6_IRQHandler                        0x0800314d   Thumb Code     6  stm32f4xx_it.o(i.USART6_IRQHandler)
    USER_UART_IRQHandler                     0x08003159   Thumb Code   164  remotecontrol.o(i.USER_UART_IRQHandler)
    UsageFault_Handler                       0x08003219   Thumb Code     2  stm32f4xx_it.o(i.UsageFault_Handler)
    bsp_usart2_init                          0x0800323d   Thumb Code    88  bsp_usart2.o(i.bsp_usart2_init)
    chassis_app_init                         0x080032a5   Thumb Code    34  chassis_app.o(i.chassis_app_init)
    chassis_behaviour_mode_set               0x080032d1   Thumb Code   220  chassis_behaviour.o(i.chassis_behaviour_mode_set)
    chassis_set_remote                       0x080035d1   Thumb Code   146  task_chassis.o(i.chassis_set_remote)
    fifo_init                                0x08003669   Thumb Code    30  fifo_buff.o(i.fifo_init)
    fifo_write_buff                          0x08003689   Thumb Code    76  fifo_buff.o(i.fifo_write_buff)
    first_order_filter                       0x080036d9   Thumb Code    56  maths.o(i.first_order_filter)
    first_order_filter_init                  0x08003711   Thumb Code    20  maths.o(i.first_order_filter_init)
    float_abs                                0x08003725   Thumb Code    16  maths.o(i.float_abs)
    get_Chassis_Motor_Measure_Point          0x08003735   Thumb Code    16  can_1_receive.o(i.get_Chassis_Motor_Measure_Point)
    get_remote_control_point                 0x08003749   Thumb Code     4  remotecontrol.o(i.get_remote_control_point)
    int32_limit                              0x08003751   Thumb Code    16  maths.o(i.int32_limit)
    main                                     0x08003761   Thumb Code    58  main.o(i.main)
    osDelay                                  0x080037a7   Thumb Code    14  cmsis_os.o(i.osDelay)
    osKernelStart                            0x080037b5   Thumb Code    10  cmsis_os.o(i.osKernelStart)
    osThreadCreate                           0x080037bf   Thumb Code    84  cmsis_os.o(i.osThreadCreate)
    pid_init                                 0x08003815   Thumb Code    62  pid.o(i.pid_init)
    pvPortMalloc                             0x08003ba5   Thumb Code   210  heap_4.o(i.pvPortMalloc)
    pxPortInitialiseStack                    0x08003c7d   Thumb Code    40  port.o(i.pxPortInitialiseStack)
    remote_control_init                      0x08003ca9   Thumb Code    12  remotecontrol.o(i.remote_control_init)
    uxListRemove                             0x08003d6d   Thumb Code    38  list.o(i.uxListRemove)
    vApplicationGetIdleTaskMemory            0x08003d95   Thumb Code    16  freertos.o(i.vApplicationGetIdleTaskMemory)
    vListInitialise                          0x08003da9   Thumb Code    22  list.o(i.vListInitialise)
    vListInitialiseItem                      0x08003dbf   Thumb Code     6  list.o(i.vListInitialiseItem)
    vListInsert                              0x08003dc5   Thumb Code    48  list.o(i.vListInsert)
    vListInsertEnd                           0x08003df5   Thumb Code    24  list.o(i.vListInsertEnd)
    vPortEnterCritical                       0x08003e0d   Thumb Code    54  port.o(i.vPortEnterCritical)
    vPortExitCritical                        0x08003e4d   Thumb Code    34  port.o(i.vPortExitCritical)
    vPortFree                                0x08003e75   Thumb Code    88  heap_4.o(i.vPortFree)
    vPortSetupTimerInterrupt                 0x08003ed1   Thumb Code    32  port.o(i.vPortSetupTimerInterrupt)
    vTaskDelay                               0x08003ef5   Thumb Code    66  tasks.o(i.vTaskDelay)
    vTaskStartScheduler                      0x08003f41   Thumb Code    90  tasks.o(i.vTaskStartScheduler)
    vTaskSuspendAll                          0x08003fad   Thumb Code    10  tasks.o(i.vTaskSuspendAll)
    vTaskSwitchContext                       0x08003fbd   Thumb Code    82  tasks.o(i.vTaskSwitchContext)
    xPortStartScheduler                      0x08004019   Thumb Code   222  port.o(i.xPortStartScheduler)
    xTaskCreate                              0x0800410d   Thumb Code    90  tasks.o(i.xTaskCreate)
    xTaskCreateStatic                        0x08004167   Thumb Code    86  tasks.o(i.xTaskCreateStatic)
    xTaskIncrementTick                       0x080041bd   Thumb Code   192  tasks.o(i.xTaskIncrementTick)
    xTaskResumeAll                           0x08004285   Thumb Code   182  tasks.o(i.xTaskResumeAll)
    __aeabi_dadd                             0x08004349   Thumb Code     0  daddsub_clz.o(x$fpl$dadd)
    _dadd                                    0x08004349   Thumb Code   332  daddsub_clz.o(x$fpl$dadd)
    __aeabi_ddiv                             0x08004499   Thumb Code     0  ddiv.o(x$fpl$ddiv)
    _ddiv                                    0x08004499   Thumb Code   552  ddiv.o(x$fpl$ddiv)
    __aeabi_d2iz                             0x08004749   Thumb Code     0  dfix.o(x$fpl$dfix)
    _dfix                                    0x08004749   Thumb Code    94  dfix.o(x$fpl$dfix)
    __aeabi_i2d                              0x080047a7   Thumb Code     0  dflt_clz.o(x$fpl$dflt)
    _dflt                                    0x080047a7   Thumb Code    46  dflt_clz.o(x$fpl$dflt)
    __fpl_dnaninf                            0x080047d5   Thumb Code   156  dnaninf.o(x$fpl$dnaninf)
    __fpl_dretinf                            0x08004871   Thumb Code    12  dretinf.o(x$fpl$dretinf)
    __aeabi_drsub                            0x0800487d   Thumb Code     0  daddsub_clz.o(x$fpl$drsb)
    _drsb                                    0x0800487d   Thumb Code    22  daddsub_clz.o(x$fpl$drsb)
    __aeabi_dsub                             0x08004895   Thumb Code     0  daddsub_clz.o(x$fpl$dsub)
    _dsub                                    0x08004895   Thumb Code   464  daddsub_clz.o(x$fpl$dsub)
    _fp_init                                 0x08004a69   Thumb Code    10  fpinit.o(x$fpl$fpinit)
    __fplib_config_fpu_vfp                   0x08004a71   Thumb Code     0  fpinit.o(x$fpl$fpinit)
    __fplib_config_pureend_doubles           0x08004a71   Thumb Code     0  fpinit.o(x$fpl$fpinit)
    __I$use$fp                               0x08004a72   Number         0  usenofp.o(x$fpl$usenofp)
    AHBPrescTable                            0x08004b08   Data          16  system_stm32f4xx.o(.constdata)
    APBPrescTable                            0x08004b18   Data           8  system_stm32f4xx.o(.constdata)
    Region$$Table$$Base                      0x08004b80   Number         0  anon$$obj.o(Region$$Table)
    Region$$Table$$Limit                     0x08004ba0   Number         0  anon$$obj.o(Region$$Table)
    defaultTaskHandle                        0x20000000   Data           4  freertos.o(.data)
    FireTaskHandle                           0x20000004   Data           4  freertos.o(.data)
    DetectTASKHandle                         0x20000008   Data           4  freertos.o(.data)
    SAFETASKHandle                           0x2000000c   Data           4  freertos.o(.data)
    LedTaskHandle                            0x20000010   Data           4  freertos.o(.data)
    uwTickFreq                               0x20000018   Data           1  stm32f4xx_hal.o(.data)
    uwTickPrio                               0x2000001c   Data           4  stm32f4xx_hal.o(.data)
    uwTick                                   0x20000020   Data           4  stm32f4xx_hal.o(.data)
    SystemCoreClock                          0x20000024   Data           4  system_stm32f4xx.o(.data)
    pxCurrentTCB                             0x20000028   Data           4  tasks.o(.data)
    last_code                                0x2000008a   Data           2  rmmotor.o(.data)
    Yaw_Different_Angle                      0x20000090   Data           4  rmmotor.o(.data)
    output                                   0x20000094   Data           4  rmmotor.o(.data)
    ChassisTaskHandle                        0x2000009c   Data           4  chassis_app.o(.data)
    back                                     0x200000a0   Data           1  chassis_behaviour.o(.data)
    forward                                  0x200000a1   Data           1  chassis_behaviour.o(.data)
    chassis_remote_control_Table             0x200000b0   Data           9  chassis_behaviour.o(.data)
    rng2                                     0x200000bc   Data           2  task_chassis.o(.data)
    num                                      0x200000c4   Data           4  bsp_usart2.o(.data)
    abc                                      0x200000c8   Data           4  fifo_buff.o(.data)
    hcan1                                    0x20000320   Data          40  can.o(.bss)
    hcan2                                    0x20000348   Data          40  can.o(.bss)
    hrng                                     0x20000370   Data          16  rng.o(.bss)
    huart1                                   0x20000380   Data          64  usart.o(.bss)
    huart2                                   0x200003c0   Data          64  usart.o(.bss)
    huart3                                   0x20000400   Data          64  usart.o(.bss)
    huart6                                   0x20000440   Data          64  usart.o(.bss)
    hdma_usart1_rx                           0x20000480   Data          96  usart.o(.bss)
    hdma_usart2_rx                           0x200004e0   Data          96  usart.o(.bss)
    hdma_usart2_tx                           0x20000540   Data          96  usart.o(.bss)
    hdma_usart3_rx                           0x200005a0   Data          96  usart.o(.bss)
    hdma_usart3_tx                           0x20000600   Data          96  usart.o(.bss)
    hdma_usart6_rx                           0x20000660   Data          96  usart.o(.bss)
    hdma_usart6_tx                           0x200006c0   Data          96  usart.o(.bss)
    htim2                                    0x20000720   Data          64  stm32f4xx_hal_timebase_tim.o(.bss)
    rc_ctrl                                  0x20004450   Data          22  remotecontrol.o(.bss)
    sbus_rx_buf                              0x20004466   Data          72  remotecontrol.o(.bss)
    motor_chassis                            0x200044b0   Data         112  can_1_receive.o(.bss)
    motor_pitch                              0x20004520   Data          28  can_1_receive.o(.bss)
    chassis_control                          0x20004554   Data         656  task_chassis.o(.bss)
    Usart2_Rx                                0x200047e4   Data         256  bsp_usart2.o(.bss)
    fifo_usart2_rx                           0x20004de4   Data          20  bsp_usart2.o(.bss)
    fifo_usart2_tx                           0x20004df8   Data          20  bsp_usart2.o(.bss)
    __libspace_start                         0x20004e0c   Data          96  libspace.o(.bss)
    __temporary_stack_top$libspace           0x20004e6c   Data           0  libspace.o(.bss)



==============================================================================

Memory Map of the image

  Image Entry point : 0x08000189

  Load Region LR_IROM1 (Base: 0x08000000, Size: 0x00004c6c, Max: 0x00080000, ABSOLUTE)

    Execution Region ER_IROM1 (Exec base: 0x08000000, Load base: 0x08000000, Size: 0x00004ba0, Max: 0x00080000, ABSOLUTE)

    Exec Addr    Load Addr    Size         Type   Attr      Idx    E Section Name        Object

    0x08000000   0x08000000   0x00000188   Data   RO            3    RESET               startup_stm32f407xx.o
    0x08000188   0x08000188   0x00000008   Code   RO         5924  * !!!main             c_w.l(__main.o)
    0x08000190   0x08000190   0x00000034   Code   RO         6120    !!!scatter          c_w.l(__scatter.o)
    0x080001c4   0x080001c4   0x0000001a   Code   RO         6122    !!handler_copy      c_w.l(__scatter_copy.o)
    0x080001de   0x080001de   0x00000002   PAD
    0x080001e0   0x080001e0   0x0000001c   Code   RO         6124    !!handler_zi        c_w.l(__scatter_zi.o)
    0x080001fc   0x080001fc   0x00000002   Code   RO         5988    .ARM.Collect$$libinit$$00000000  c_w.l(libinit.o)
    0x080001fe   0x080001fe   0x00000004   Code   RO         6000    .ARM.Collect$$libinit$$00000001  c_w.l(libinit2.o)
    0x08000202   0x08000202   0x00000000   Code   RO         6003    .ARM.Collect$$libinit$$00000004  c_w.l(libinit2.o)
    0x08000202   0x08000202   0x00000000   Code   RO         6006    .ARM.Collect$$libinit$$0000000A  c_w.l(libinit2.o)
    0x08000202   0x08000202   0x00000000   Code   RO         6008    .ARM.Collect$$libinit$$0000000C  c_w.l(libinit2.o)
    0x08000202   0x08000202   0x00000000   Code   RO         6010    .ARM.Collect$$libinit$$0000000E  c_w.l(libinit2.o)
    0x08000202   0x08000202   0x00000000   Code   RO         6013    .ARM.Collect$$libinit$$00000011  c_w.l(libinit2.o)
    0x08000202   0x08000202   0x00000000   Code   RO         6015    .ARM.Collect$$libinit$$00000013  c_w.l(libinit2.o)
    0x08000202   0x08000202   0x00000000   Code   RO         6017    .ARM.Collect$$libinit$$00000015  c_w.l(libinit2.o)
    0x08000202   0x08000202   0x00000000   Code   RO         6019    .ARM.Collect$$libinit$$00000017  c_w.l(libinit2.o)
    0x08000202   0x08000202   0x00000000   Code   RO         6021    .ARM.Collect$$libinit$$00000019  c_w.l(libinit2.o)
    0x08000202   0x08000202   0x00000000   Code   RO         6023    .ARM.Collect$$libinit$$0000001B  c_w.l(libinit2.o)
    0x08000202   0x08000202   0x00000000   Code   RO         6025    .ARM.Collect$$libinit$$0000001D  c_w.l(libinit2.o)
    0x08000202   0x08000202   0x00000000   Code   RO         6027    .ARM.Collect$$libinit$$0000001F  c_w.l(libinit2.o)
    0x08000202   0x08000202   0x00000000   Code   RO         6029    .ARM.Collect$$libinit$$00000021  c_w.l(libinit2.o)
    0x08000202   0x08000202   0x00000000   Code   RO         6031    .ARM.Collect$$libinit$$00000023  c_w.l(libinit2.o)
    0x08000202   0x08000202   0x00000000   Code   RO         6033    .ARM.Collect$$libinit$$00000025  c_w.l(libinit2.o)
    0x08000202   0x08000202   0x00000000   Code   RO         6037    .ARM.Collect$$libinit$$0000002C  c_w.l(libinit2.o)
    0x08000202   0x08000202   0x00000000   Code   RO         6039    .ARM.Collect$$libinit$$0000002E  c_w.l(libinit2.o)
    0x08000202   0x08000202   0x00000000   Code   RO         6041    .ARM.Collect$$libinit$$00000030  c_w.l(libinit2.o)
    0x08000202   0x08000202   0x00000000   Code   RO         6043    .ARM.Collect$$libinit$$00000032  c_w.l(libinit2.o)
    0x08000202   0x08000202   0x00000002   Code   RO         6044    .ARM.Collect$$libinit$$00000033  c_w.l(libinit2.o)
    0x08000204   0x08000204   0x00000002   Code   RO         6075    .ARM.Collect$$libshutdown$$00000000  c_w.l(libshutdown.o)
    0x08000206   0x08000206   0x00000000   Code   RO         6101    .ARM.Collect$$libshutdown$$00000002  c_w.l(libshutdown2.o)
    0x08000206   0x08000206   0x00000000   Code   RO         6103    .ARM.Collect$$libshutdown$$00000004  c_w.l(libshutdown2.o)
    0x08000206   0x08000206   0x00000000   Code   RO         6105    .ARM.Collect$$libshutdown$$00000006  c_w.l(libshutdown2.o)
    0x08000206   0x08000206   0x00000000   Code   RO         6108    .ARM.Collect$$libshutdown$$00000009  c_w.l(libshutdown2.o)
    0x08000206   0x08000206   0x00000000   Code   RO         6111    .ARM.Collect$$libshutdown$$0000000C  c_w.l(libshutdown2.o)
    0x08000206   0x08000206   0x00000000   Code   RO         6113    .ARM.Collect$$libshutdown$$0000000E  c_w.l(libshutdown2.o)
    0x08000206   0x08000206   0x00000000   Code   RO         6116    .ARM.Collect$$libshutdown$$00000011  c_w.l(libshutdown2.o)
    0x08000206   0x08000206   0x00000002   Code   RO         6117    .ARM.Collect$$libshutdown$$00000012  c_w.l(libshutdown2.o)
    0x08000208   0x08000208   0x00000000   Code   RO         5946    .ARM.Collect$$rtentry$$00000000  c_w.l(__rtentry.o)
    0x08000208   0x08000208   0x00000000   Code   RO         5959    .ARM.Collect$$rtentry$$00000002  c_w.l(__rtentry2.o)
    0x08000208   0x08000208   0x00000006   Code   RO         5971    .ARM.Collect$$rtentry$$00000004  c_w.l(__rtentry4.o)
    0x0800020e   0x0800020e   0x00000000   Code   RO         5961    .ARM.Collect$$rtentry$$00000009  c_w.l(__rtentry2.o)
    0x0800020e   0x0800020e   0x00000004   Code   RO         5962    .ARM.Collect$$rtentry$$0000000A  c_w.l(__rtentry2.o)
    0x08000212   0x08000212   0x00000000   Code   RO         5964    .ARM.Collect$$rtentry$$0000000C  c_w.l(__rtentry2.o)
    0x08000212   0x08000212   0x00000008   Code   RO         5965    .ARM.Collect$$rtentry$$0000000D  c_w.l(__rtentry2.o)
    0x0800021a   0x0800021a   0x00000002   Code   RO         5992    .ARM.Collect$$rtexit$$00000000  c_w.l(rtexit.o)
    0x0800021c   0x0800021c   0x00000000   Code   RO         6048    .ARM.Collect$$rtexit$$00000002  c_w.l(rtexit2.o)
    0x0800021c   0x0800021c   0x00000004   Code   RO         6049    .ARM.Collect$$rtexit$$00000003  c_w.l(rtexit2.o)
    0x08000220   0x08000220   0x00000006   Code   RO         6050    .ARM.Collect$$rtexit$$00000004  c_w.l(rtexit2.o)
    0x08000226   0x08000226   0x00000002   PAD
    0x08000228   0x08000228   0x000000be   Code   RO         4836    .emb_text           port.o
    0x080002e6   0x080002e6   0x00000002   PAD
    0x080002e8   0x080002e8   0x00000040   Code   RO            4    .text               startup_stm32f407xx.o
    0x08000328   0x08000328   0x000000ee   Code   RO         5912    .text               c_w.l(lludivv7m.o)
    0x08000416   0x08000416   0x0000008a   Code   RO         5914    .text               c_w.l(rt_memcpy_v6.o)
    0x080004a0   0x080004a0   0x00000064   Code   RO         5916    .text               c_w.l(rt_memcpy_w.o)
    0x08000504   0x08000504   0x0000004e   Code   RO         5920    .text               c_w.l(rt_memclr_w.o)
    0x08000552   0x08000552   0x00000006   Code   RO         5922    .text               c_w.l(heapauxi.o)
    0x08000558   0x08000558   0x0000004a   Code   RO         5975    .text               c_w.l(sys_stackheap_outer.o)
    0x080005a2   0x080005a2   0x00000012   Code   RO         5977    .text               c_w.l(exit.o)
    0x080005b4   0x080005b4   0x00000008   Code   RO         5989    .text               c_w.l(libspace.o)
    0x080005bc   0x080005bc   0x0000000c   Code   RO         6045    .text               c_w.l(sys_exit.o)
    0x080005c8   0x080005c8   0x00000002   Code   RO         6064    .text               c_w.l(use_no_semi.o)
    0x080005ca   0x080005ca   0x00000000   Code   RO         6066    .text               c_w.l(indicate_semi.o)
    0x080005ca   0x080005ca   0x00000002   Code   RO          666    i.BusFault_Handler  stm32f4xx_it.o
    0x080005cc   0x080005cc   0x0000000c   Code   RO          667    i.CAN1_RX0_IRQHandler  stm32f4xx_it.o
    0x080005d8   0x080005d8   0x000000b4   Code   RO         5290    i.CAN1_chassis_receive  can_1_receive.o
    0x0800068c   0x0800068c   0x0000003c   Code   RO         5291    i.CAN1_filter_config  can_1_receive.o
    0x080006c8   0x080006c8   0x0000000c   Code   RO          668    i.CAN2_RX0_IRQHandler  stm32f4xx_it.o
    0x080006d4   0x080006d4   0x00000012   Code   RO         5486    i.CAN2_chassis_receive  can_2_receive.o
    0x080006e6   0x080006e6   0x00000002   PAD
    0x080006e8   0x080006e8   0x0000003c   Code   RO         5487    i.CAN2_filter_config  can_2_receive.o
    0x08000724   0x08000724   0x00000054   Code   RO         5342    i.Chassis_CAN_Send_Msg  chassis_app.o
    0x08000778   0x08000778   0x00000068   Code   RO         5524    i.Chassis_Task      task_chassis.o
    0x080007e0   0x080007e0   0x0000004c   Code   RO         5525    i.Chassis_Task_OFF  task_chassis.o
    0x0800082c   0x0800082c   0x0000018c   Code   RO         5526    i.Chassis_accelerated_Control  task_chassis.o
    0x080009b8   0x080009b8   0x0000000c   Code   RO          669    i.DMA1_Stream1_IRQHandler  stm32f4xx_it.o
    0x080009c4   0x080009c4   0x0000000c   Code   RO          670    i.DMA1_Stream3_IRQHandler  stm32f4xx_it.o
    0x080009d0   0x080009d0   0x0000000c   Code   RO          671    i.DMA1_Stream5_IRQHandler  stm32f4xx_it.o
    0x080009dc   0x080009dc   0x0000000c   Code   RO          672    i.DMA1_Stream6_IRQHandler  stm32f4xx_it.o
    0x080009e8   0x080009e8   0x0000000c   Code   RO          673    i.DMA2_Stream1_IRQHandler  stm32f4xx_it.o
    0x080009f4   0x080009f4   0x0000000c   Code   RO          674    i.DMA2_Stream2_IRQHandler  stm32f4xx_it.o
    0x08000a00   0x08000a00   0x0000000c   Code   RO          675    i.DMA2_Stream6_IRQHandler  stm32f4xx_it.o
    0x08000a0c   0x08000a0c   0x00000028   Code   RO         1570    i.DMA_CalcBaseAndBitshift  stm32f4xx_hal_dma.o
    0x08000a34   0x08000a34   0x00000054   Code   RO         1571    i.DMA_CheckFifoParam  stm32f4xx_hal_dma.o
    0x08000a88   0x08000a88   0x00000028   Code   RO         1572    i.DMA_SetConfig     stm32f4xx_hal_dma.o
    0x08000ab0   0x08000ab0   0x00000002   Code   RO          676    i.DebugMon_Handler  stm32f4xx_it.o
    0x08000ab2   0x08000ab2   0x00000002   PAD
    0x08000ab4   0x08000ab4   0x0000001c   Code   RO         5669    i.Detect_TASK       task_detect.o
    0x08000ad0   0x08000ad0   0x00000004   Code   RO           13    i.Error_Handler     main.o
    0x08000ad4   0x08000ad4   0x0000001c   Code   RO         5586    i.Fire_Task         task_fire.o
    0x08000af0   0x08000af0   0x00000024   Code   RO          878    i.HAL_CAN_ActivateNotification  stm32f4xx_hal_can.o
    0x08000b14   0x08000b14   0x000000dc   Code   RO          879    i.HAL_CAN_AddTxMessage  stm32f4xx_hal_can.o
    0x08000bf0   0x08000bf0   0x0000010c   Code   RO          880    i.HAL_CAN_ConfigFilter  stm32f4xx_hal_can.o
    0x08000cfc   0x08000cfc   0x00000002   Code   RO          883    i.HAL_CAN_ErrorCallback  stm32f4xx_hal_can.o
    0x08000cfe   0x08000cfe   0x000000e8   Code   RO          886    i.HAL_CAN_GetRxMessage  stm32f4xx_hal_can.o
    0x08000de6   0x08000de6   0x000001fc   Code   RO          890    i.HAL_CAN_IRQHandler  stm32f4xx_hal_can.o
    0x08000fe2   0x08000fe2   0x0000011a   Code   RO          891    i.HAL_CAN_Init      stm32f4xx_hal_can.o
    0x080010fc   0x080010fc   0x000000fc   Code   RO          489    i.HAL_CAN_MspInit   can.o
    0x080011f8   0x080011f8   0x00000002   Code   RO          898    i.HAL_CAN_RxFifo0FullCallback  stm32f4xx_hal_can.o
    0x080011fa   0x080011fa   0x00000002   PAD
    0x080011fc   0x080011fc   0x0000002c   Code   RO         5293    i.HAL_CAN_RxFifo0MsgPendingCallback  can_1_receive.o
    0x08001228   0x08001228   0x00000002   Code   RO          900    i.HAL_CAN_RxFifo1FullCallback  stm32f4xx_hal_can.o
    0x0800122a   0x0800122a   0x00000002   Code   RO          901    i.HAL_CAN_RxFifo1MsgPendingCallback  stm32f4xx_hal_can.o
    0x0800122c   0x0800122c   0x00000002   Code   RO          902    i.HAL_CAN_SleepCallback  stm32f4xx_hal_can.o
    0x0800122e   0x0800122e   0x00000002   PAD
    0x08001230   0x08001230   0x00000058   Code   RO          903    i.HAL_CAN_Start     stm32f4xx_hal_can.o
    0x08001288   0x08001288   0x00000002   Code   RO          905    i.HAL_CAN_TxMailbox0AbortCallback  stm32f4xx_hal_can.o
    0x0800128a   0x0800128a   0x00000002   Code   RO          906    i.HAL_CAN_TxMailbox0CompleteCallback  stm32f4xx_hal_can.o
    0x0800128c   0x0800128c   0x00000002   Code   RO          907    i.HAL_CAN_TxMailbox1AbortCallback  stm32f4xx_hal_can.o
    0x0800128e   0x0800128e   0x00000002   Code   RO          908    i.HAL_CAN_TxMailbox1CompleteCallback  stm32f4xx_hal_can.o
    0x08001290   0x08001290   0x00000002   Code   RO          909    i.HAL_CAN_TxMailbox2AbortCallback  stm32f4xx_hal_can.o
    0x08001292   0x08001292   0x00000002   Code   RO          910    i.HAL_CAN_TxMailbox2CompleteCallback  stm32f4xx_hal_can.o
    0x08001294   0x08001294   0x00000002   Code   RO          912    i.HAL_CAN_WakeUpFromRxMsgCallback  stm32f4xx_hal_can.o
    0x08001296   0x08001296   0x00000024   Code   RO         1574    i.HAL_DMA_Abort_IT  stm32f4xx_hal_dma.o
    0x080012ba   0x080012ba   0x00000002   PAD
    0x080012bc   0x080012bc   0x000001a0   Code   RO         1578    i.HAL_DMA_IRQHandler  stm32f4xx_hal_dma.o
    0x0800145c   0x0800145c   0x000000d4   Code   RO         1579    i.HAL_DMA_Init      stm32f4xx_hal_dma.o
    0x08001530   0x08001530   0x0000006e   Code   RO         1583    i.HAL_DMA_Start_IT  stm32f4xx_hal_dma.o
    0x0800159e   0x0800159e   0x00000002   PAD
    0x080015a0   0x080015a0   0x000001b8   Code   RO         1466    i.HAL_GPIO_Init     stm32f4xx_hal_gpio.o
    0x08001758   0x08001758   0x0000000a   Code   RO         1468    i.HAL_GPIO_ReadPin  stm32f4xx_hal_gpio.o
    0x08001762   0x08001762   0x0000000a   Code   RO         1470    i.HAL_GPIO_WritePin  stm32f4xx_hal_gpio.o
    0x0800176c   0x0800176c   0x0000000c   Code   RO         1998    i.HAL_GetTick       stm32f4xx_hal.o
    0x08001778   0x08001778   0x00000010   Code   RO         2004    i.HAL_IncTick       stm32f4xx_hal.o
    0x08001788   0x08001788   0x00000034   Code   RO         2005    i.HAL_Init          stm32f4xx_hal.o
    0x080017bc   0x080017bc   0x00000074   Code   RO          838    i.HAL_InitTick      stm32f4xx_hal_timebase_tim.o
    0x08001830   0x08001830   0x00000038   Code   RO          814    i.HAL_MspInit       stm32f4xx_hal_msp.o
    0x08001868   0x08001868   0x0000001a   Code   RO         1855    i.HAL_NVIC_EnableIRQ  stm32f4xx_hal_cortex.o
    0x08001882   0x08001882   0x00000002   PAD
    0x08001884   0x08001884   0x00000040   Code   RO         1861    i.HAL_NVIC_SetPriority  stm32f4xx_hal_cortex.o
    0x080018c4   0x080018c4   0x00000024   Code   RO         1862    i.HAL_NVIC_SetPriorityGrouping  stm32f4xx_hal_cortex.o
    0x080018e8   0x080018e8   0x00000134   Code   RO         1112    i.HAL_RCC_ClockConfig  stm32f4xx_hal_rcc.o
    0x08001a1c   0x08001a1c   0x00000040   Code   RO         1116    i.HAL_RCC_GetClockConfig  stm32f4xx_hal_rcc.o
    0x08001a5c   0x08001a5c   0x00000020   Code   RO         1119    i.HAL_RCC_GetPCLK1Freq  stm32f4xx_hal_rcc.o
    0x08001a7c   0x08001a7c   0x00000020   Code   RO         1120    i.HAL_RCC_GetPCLK2Freq  stm32f4xx_hal_rcc.o
    0x08001a9c   0x08001a9c   0x00000064   Code   RO         1121    i.HAL_RCC_GetSysClockFreq  stm32f4xx_hal_rcc.o
    0x08001b00   0x08001b00   0x0000035c   Code   RO         1124    i.HAL_RCC_OscConfig  stm32f4xx_hal_rcc.o
    0x08001e5c   0x08001e5c   0x00000074   Code   RO         2245    i.HAL_RNG_GenerateRandomNumber  stm32f4xx_hal_rng.o
    0x08001ed0   0x08001ed0   0x00000032   Code   RO         2252    i.HAL_RNG_Init      stm32f4xx_hal_rng.o
    0x08001f02   0x08001f02   0x00000002   PAD
    0x08001f04   0x08001f04   0x00000028   Code   RO          565    i.HAL_RNG_MspInit   rng.o
    0x08001f2c   0x08001f2c   0x00000002   Code   RO         3022    i.HAL_TIMEx_BreakCallback  stm32f4xx_hal_tim_ex.o
    0x08001f2e   0x08001f2e   0x00000002   Code   RO         3023    i.HAL_TIMEx_CommutCallback  stm32f4xx_hal_tim_ex.o
    0x08001f30   0x08001f30   0x00000036   Code   RO         2347    i.HAL_TIM_Base_Init  stm32f4xx_hal_tim.o
    0x08001f66   0x08001f66   0x00000002   Code   RO         2349    i.HAL_TIM_Base_MspInit  stm32f4xx_hal_tim.o
    0x08001f68   0x08001f68   0x00000022   Code   RO         2352    i.HAL_TIM_Base_Start_IT  stm32f4xx_hal_tim.o
    0x08001f8a   0x08001f8a   0x00000002   Code   RO         2376    i.HAL_TIM_IC_CaptureCallback  stm32f4xx_hal_tim.o
    0x08001f8c   0x08001f8c   0x00000166   Code   RO         2390    i.HAL_TIM_IRQHandler  stm32f4xx_hal_tim.o
    0x080020f2   0x080020f2   0x00000002   Code   RO         2393    i.HAL_TIM_OC_DelayElapsedCallback  stm32f4xx_hal_tim.o
    0x080020f4   0x080020f4   0x00000002   Code   RO         2420    i.HAL_TIM_PWM_PulseFinishedCallback  stm32f4xx_hal_tim.o
    0x080020f6   0x080020f6   0x0000000e   Code   RO           14    i.HAL_TIM_PeriodElapsedCallback  main.o
    0x08002104   0x08002104   0x00000002   Code   RO         2433    i.HAL_TIM_TriggerCallback  stm32f4xx_hal_tim.o
    0x08002106   0x08002106   0x00000002   Code   RO         3294    i.HAL_UART_ErrorCallback  stm32f4xx_hal_uart.o
    0x08002108   0x08002108   0x00000114   Code   RO         3297    i.HAL_UART_IRQHandler  stm32f4xx_hal_uart.o
    0x0800221c   0x0800221c   0x00000062   Code   RO         3298    i.HAL_UART_Init     stm32f4xx_hal_uart.o
    0x0800227e   0x0800227e   0x00000002   PAD
    0x08002280   0x08002280   0x00000320   Code   RO          607    i.HAL_UART_MspInit  usart.o
    0x080025a0   0x080025a0   0x00000098   Code   RO         3302    i.HAL_UART_Receive_DMA  stm32f4xx_hal_uart.o
    0x08002638   0x08002638   0x00000002   Code   RO         3304    i.HAL_UART_RxCpltCallback  stm32f4xx_hal_uart.o
    0x0800263a   0x0800263a   0x00000002   Code   RO         3305    i.HAL_UART_RxHalfCpltCallback  stm32f4xx_hal_uart.o
    0x0800263c   0x0800263c   0x00000002   Code   RO         3309    i.HAL_UART_TxCpltCallback  stm32f4xx_hal_uart.o
    0x0800263e   0x0800263e   0x00000002   Code   RO          677    i.HardFault_Handler  stm32f4xx_it.o
    0x08002640   0x08002640   0x0000002c   Code   RO         5696    i.Led_Task          task_led.o
    0x0800266c   0x0800266c   0x0000009c   Code   RO         4998    i.Location_Pid_Int32  pid.o
    0x08002708   0x08002708   0x00000044   Code   RO          490    i.MX_CAN1_Init      can.o
    0x0800274c   0x0800274c   0x00000044   Code   RO          491    i.MX_CAN2_Init      can.o
    0x08002790   0x08002790   0x0000009c   Code   RO          537    i.MX_DMA_Init       dma.o
    0x0800282c   0x0800282c   0x00000080   Code   RO          399    i.MX_FREERTOS_Init  freertos.o
    0x080028ac   0x080028ac   0x000000dc   Code   RO          276    i.MX_GPIO_Init      gpio.o
    0x08002988   0x08002988   0x00000024   Code   RO          566    i.MX_RNG_Init       rng.o
    0x080029ac   0x080029ac   0x00000040   Code   RO          608    i.MX_USART1_UART_Init  usart.o
    0x080029ec   0x080029ec   0x00000038   Code   RO          609    i.MX_USART2_UART_Init  usart.o
    0x08002a24   0x08002a24   0x00000038   Code   RO          610    i.MX_USART3_UART_Init  usart.o
    0x08002a5c   0x08002a5c   0x00000038   Code   RO          611    i.MX_USART6_UART_Init  usart.o
    0x08002a94   0x08002a94   0x00000002   Code   RO          678    i.MemManage_Handler  stm32f4xx_it.o
    0x08002a96   0x08002a96   0x00000002   Code   RO          679    i.NMI_Handler       stm32f4xx_it.o
    0x08002a98   0x08002a98   0x00000060   Code   RO         5197    i.RC_Init           remotecontrol.o
    0x08002af8   0x08002af8   0x0000000a   Code   RO         5198    i.RC_abs            remotecontrol.o
    0x08002b02   0x08002b02   0x00000002   PAD
    0x08002b04   0x08002b04   0x0000006c   Code   RO         5199    i.RC_data_is_error  remotecontrol.o
    0x08002b70   0x08002b70   0x00000024   Code   RO         5723    i.RNG_Get_RandomRange  sysinit.o
    0x08002b94   0x08002b94   0x00000020   Code   RO         5202    i.Remote_reload     remotecontrol.o
    0x08002bb4   0x08002bb4   0x00000038   Code   RO         4924    i.Rmmotor_Speed_control  rmmotor.o
    0x08002bec   0x08002bec   0x0000000c   Code   RO         5642    i.SAFE_TASK         task_safe.o
    0x08002bf8   0x08002bf8   0x00000008   Code   RO          400    i.StartDefaultTask  freertos.o
    0x08002c00   0x08002c00   0x0000002c   Code   RO         4837    i.SysTick_Handler   port.o
    0x08002c2c   0x08002c2c   0x00000098   Code   RO           15    i.SystemClock_Config  main.o
    0x08002cc4   0x08002cc4   0x0000001c   Code   RO         3600    i.SystemInit        system_stm32f4xx.o
    0x08002ce0   0x08002ce0   0x00000016   Code   RO         5724    i.System_init       sysinit.o
    0x08002cf6   0x08002cf6   0x00000002   PAD
    0x08002cf8   0x08002cf8   0x0000000c   Code   RO          680    i.TIM2_IRQHandler   stm32f4xx_it.o
    0x08002d04   0x08002d04   0x000000c8   Code   RO         2435    i.TIM_Base_SetConfig  stm32f4xx_hal_tim.o
    0x08002dcc   0x08002dcc   0x00000010   Code   RO         3311    i.UART_DMAAbortOnError  stm32f4xx_hal_uart.o
    0x08002ddc   0x08002ddc   0x0000004a   Code   RO         3312    i.UART_DMAError     stm32f4xx_hal_uart.o
    0x08002e26   0x08002e26   0x0000003c   Code   RO         3313    i.UART_DMAReceiveCplt  stm32f4xx_hal_uart.o
    0x08002e62   0x08002e62   0x0000000a   Code   RO         3315    i.UART_DMARxHalfCplt  stm32f4xx_hal_uart.o
    0x08002e6c   0x08002e6c   0x0000001c   Code   RO         3321    i.UART_EndRxTransfer  stm32f4xx_hal_uart.o
    0x08002e88   0x08002e88   0x00000012   Code   RO         3322    i.UART_EndTxTransfer  stm32f4xx_hal_uart.o
    0x08002e9a   0x08002e9a   0x00000096   Code   RO         3323    i.UART_Receive_IT   stm32f4xx_hal_uart.o
    0x08002f30   0x08002f30   0x00000128   Code   RO         3324    i.UART_SetConfig    stm32f4xx_hal_uart.o
    0x08003058   0x08003058   0x00000062   Code   RO         3325    i.UART_Transmit_IT  stm32f4xx_hal_uart.o
    0x080030ba   0x080030ba   0x00000002   PAD
    0x080030bc   0x080030bc   0x00000018   Code   RO          681    i.USART1_IRQHandler  stm32f4xx_it.o
    0x080030d4   0x080030d4   0x00000018   Code   RO          682    i.USART2_IRQHandler  stm32f4xx_it.o
    0x080030ec   0x080030ec   0x00000054   Code   RO         5754    i.USART2_IRQHandler_callback  bsp_usart2.o
    0x08003140   0x08003140   0x0000000c   Code   RO          683    i.USART3_IRQHandler  stm32f4xx_it.o
    0x0800314c   0x0800314c   0x0000000c   Code   RO          684    i.USART6_IRQHandler  stm32f4xx_it.o
    0x08003158   0x08003158   0x000000c0   Code   RO         5203    i.USER_UART_IRQHandler  remotecontrol.o
    0x08003218   0x08003218   0x00000002   Code   RO          685    i.UsageFault_Handler  stm32f4xx_it.o
    0x0800321a   0x0800321a   0x00000020   Code   RO         1868    i.__NVIC_SetPriority  stm32f4xx_hal_cortex.o
    0x0800323a   0x0800323a   0x00000002   PAD
    0x0800323c   0x0800323c   0x00000068   Code   RO         5755    i.bsp_usart2_init   bsp_usart2.o
    0x080032a4   0x080032a4   0x0000002c   Code   RO         5343    i.chassis_app_init  chassis_app.o
    0x080032d0   0x080032d0   0x000000ec   Code   RO         5425    i.chassis_behaviour_mode_set  chassis_behaviour.o
    0x080033bc   0x080033bc   0x00000054   Code   RO         5527    i.chassis_data_update  task_chassis.o
    0x08003410   0x08003410   0x00000110   Code   RO         5528    i.chassis_init      task_chassis.o
    0x08003520   0x08003520   0x000000b0   Code   RO         5529    i.chassis_pid_calc  task_chassis.o
    0x080035d0   0x080035d0   0x00000098   Code   RO         5530    i.chassis_set_remote  task_chassis.o
    0x08003668   0x08003668   0x0000001e   Code   RO         5837    i.fifo_init         fifo_buff.o
    0x08003686   0x08003686   0x00000002   PAD
    0x08003688   0x08003688   0x00000050   Code   RO         5841    i.fifo_write_buff   fifo_buff.o
    0x080036d8   0x080036d8   0x00000038   Code   RO         5063    i.first_order_filter  maths.o
    0x08003710   0x08003710   0x00000014   Code   RO         5064    i.first_order_filter_init  maths.o
    0x08003724   0x08003724   0x00000010   Code   RO         5065    i.float_abs         maths.o
    0x08003734   0x08003734   0x00000014   Code   RO         5294    i.get_Chassis_Motor_Measure_Point  can_1_receive.o
    0x08003748   0x08003748   0x00000008   Code   RO         5204    i.get_remote_control_point  remotecontrol.o
    0x08003750   0x08003750   0x00000010   Code   RO         5069    i.int32_limit       maths.o
    0x08003760   0x08003760   0x0000003a   Code   RO           16    i.main              main.o
    0x0800379a   0x0800379a   0x0000000c   Code   RO         4408    i.makeFreeRtosPriority  cmsis_os.o
    0x080037a6   0x080037a6   0x0000000e   Code   RO         4410    i.osDelay           cmsis_os.o
    0x080037b4   0x080037b4   0x0000000a   Code   RO         4413    i.osKernelStart     cmsis_os.o
    0x080037be   0x080037be   0x00000054   Code   RO         4447    i.osThreadCreate    cmsis_os.o
    0x08003812   0x08003812   0x00000002   PAD
    0x08003814   0x08003814   0x00000044   Code   RO         5001    i.pid_init          pid.o
    0x08003858   0x08003858   0x00000070   Code   RO         4102    i.prvAddCurrentTaskToDelayedList  tasks.o
    0x080038c8   0x080038c8   0x000000d0   Code   RO         4103    i.prvAddNewTaskToReadyList  tasks.o
    0x08003998   0x08003998   0x00000034   Code   RO         4104    i.prvDeleteTCB      tasks.o
    0x080039cc   0x080039cc   0x0000004c   Code   RO         4775    i.prvHeapInit       heap_4.o
    0x08003a18   0x08003a18   0x00000060   Code   RO         4105    i.prvIdleTask       tasks.o
    0x08003a78   0x08003a78   0x00000098   Code   RO         4106    i.prvInitialiseNewTask  tasks.o
    0x08003b10   0x08003b10   0x0000004c   Code   RO         4776    i.prvInsertBlockIntoFreeList  heap_4.o
    0x08003b5c   0x08003b5c   0x00000020   Code   RO         4107    i.prvResetNextTaskUnblockTime  tasks.o
    0x08003b7c   0x08003b7c   0x00000028   Code   RO         4838    i.prvTaskExitError  port.o
    0x08003ba4   0x08003ba4   0x000000d8   Code   RO         4777    i.pvPortMalloc      heap_4.o
    0x08003c7c   0x08003c7c   0x0000002c   Code   RO         4839    i.pxPortInitialiseStack  port.o
    0x08003ca8   0x08003ca8   0x00000010   Code   RO         5205    i.remote_control_init  remotecontrol.o
    0x08003cb8   0x08003cb8   0x000000b4   Code   RO         5206    i.sbus_to_rc        remotecontrol.o
    0x08003d6c   0x08003d6c   0x00000026   Code   RO         3738    i.uxListRemove      list.o
    0x08003d92   0x08003d92   0x00000002   PAD
    0x08003d94   0x08003d94   0x00000014   Code   RO          401    i.vApplicationGetIdleTaskMemory  freertos.o
    0x08003da8   0x08003da8   0x00000016   Code   RO         3739    i.vListInitialise   list.o
    0x08003dbe   0x08003dbe   0x00000006   Code   RO         3740    i.vListInitialiseItem  list.o
    0x08003dc4   0x08003dc4   0x00000030   Code   RO         3741    i.vListInsert       list.o
    0x08003df4   0x08003df4   0x00000018   Code   RO         3742    i.vListInsertEnd    list.o
    0x08003e0c   0x08003e0c   0x00000040   Code   RO         4841    i.vPortEnterCritical  port.o
    0x08003e4c   0x08003e4c   0x00000028   Code   RO         4842    i.vPortExitCritical  port.o
    0x08003e74   0x08003e74   0x0000005c   Code   RO         4778    i.vPortFree         heap_4.o
    0x08003ed0   0x08003ed0   0x00000024   Code   RO         4843    i.vPortSetupTimerInterrupt  port.o
    0x08003ef4   0x08003ef4   0x0000004c   Code   RO         4115    i.vTaskDelay        tasks.o
    0x08003f40   0x08003f40   0x0000006c   Code   RO         4128    i.vTaskStartScheduler  tasks.o
    0x08003fac   0x08003fac   0x00000010   Code   RO         4130    i.vTaskSuspendAll   tasks.o
    0x08003fbc   0x08003fbc   0x0000005c   Code   RO         4131    i.vTaskSwitchContext  tasks.o
    0x08004018   0x08004018   0x000000f4   Code   RO         4845    i.xPortStartScheduler  port.o
    0x0800410c   0x0800410c   0x0000005a   Code   RO         4133    i.xTaskCreate       tasks.o
    0x08004166   0x08004166   0x00000056   Code   RO         4134    i.xTaskCreateStatic  tasks.o
    0x080041bc   0x080041bc   0x000000c8   Code   RO         4141    i.xTaskIncrementTick  tasks.o
    0x08004284   0x08004284   0x000000c4   Code   RO         4147    i.xTaskResumeAll    tasks.o
    0x08004348   0x08004348   0x00000150   Code   RO         5926    x$fpl$dadd          fz_wm.l(daddsub_clz.o)
    0x08004498   0x08004498   0x000002b0   Code   RO         5933    x$fpl$ddiv          fz_wm.l(ddiv.o)
    0x08004748   0x08004748   0x0000005e   Code   RO         5936    x$fpl$dfix          fz_wm.l(dfix.o)
    0x080047a6   0x080047a6   0x0000002e   Code   RO         5941    x$fpl$dflt          fz_wm.l(dflt_clz.o)
    0x080047d4   0x080047d4   0x0000009c   Code   RO         5953    x$fpl$dnaninf       fz_wm.l(dnaninf.o)
    0x08004870   0x08004870   0x0000000c   Code   RO         5955    x$fpl$dretinf       fz_wm.l(dretinf.o)
    0x0800487c   0x0800487c   0x00000016   Code   RO         5927    x$fpl$drsb          fz_wm.l(daddsub_clz.o)
    0x08004892   0x08004892   0x00000002   PAD
    0x08004894   0x08004894   0x000001d4   Code   RO         5928    x$fpl$dsub          fz_wm.l(daddsub_clz.o)
    0x08004a68   0x08004a68   0x0000000a   Code   RO         6060    x$fpl$fpinit        fz_wm.l(fpinit.o)
    0x08004a72   0x08004a72   0x00000000   Code   RO         5957    x$fpl$usenofp       fz_wm.l(usenofp.o)
    0x08004a72   0x08004a72   0x00000002   PAD
    0x08004a74   0x08004a74   0x0000008c   Data   RO          403    .constdata          freertos.o
    0x08004b00   0x08004b00   0x00000008   Data   RO         1585    .constdata          stm32f4xx_hal_dma.o
    0x08004b08   0x08004b08   0x00000010   Data   RO         3601    .constdata          system_stm32f4xx.o
    0x08004b18   0x08004b18   0x00000008   Data   RO         3602    .constdata          system_stm32f4xx.o
    0x08004b20   0x08004b20   0x0000001c   Data   RO         5345    .constdata          chassis_app.o
    0x08004b3c   0x08004b3c   0x00000038   Data   RO          404    .conststring        freertos.o
    0x08004b74   0x08004b74   0x0000000c   Data   RO         5346    .conststring        chassis_app.o
    0x08004b80   0x08004b80   0x00000020   Data   RO         6118    Region$$Table       anon$$obj.o


    Execution Region RW_IRAM2 (Exec base: 0x10000000, Load base: 0x08004c6c, Size: 0x00000000, Max: 0x00010000, ABSOLUTE)

    **** No section assigned to this execution region ****


    Execution Region RW_IRAM1 (Exec base: 0x20000000, Load base: 0x08004ba0, Size: 0x00005470, Max: 0x00020000, ABSOLUTE)

    Exec Addr    Load Addr    Size         Type   Attr      Idx    E Section Name        Object

    0x20000000   0x08004ba0   0x00000014   Data   RW          405    .data               freertos.o
    0x20000014   0x08004bb4   0x00000004   Data   RW          493    .data               can.o
    0x20000018   0x08004bb8   0x0000000c   Data   RW         2012    .data               stm32f4xx_hal.o
    0x20000024   0x08004bc4   0x00000004   Data   RW         3603    .data               system_stm32f4xx.o
    0x20000028   0x08004bc8   0x0000003c   Data   RW         4150    .data               tasks.o
    0x20000064   0x08004c04   0x00000018   Data   RW         4783    .data               heap_4.o
    0x2000007c   0x08004c1c   0x0000000c   Data   RW         4846    .data               port.o
    0x20000088   0x08004c28   0x00000010   Data   RW         4926    .data               rmmotor.o
    0x20000098   0x08004c38   0x00000002   Data   RW         5210    .data               remotecontrol.o
    0x2000009a   0x08004c3a   0x00000002   PAD
    0x2000009c   0x08004c3c   0x00000004   Data   RW         5347    .data               chassis_app.o
    0x200000a0   0x08004c40   0x00000019   Data   RW         5426    .data               chassis_behaviour.o
    0x200000b9   0x08004c59   0x00000001   PAD
    0x200000ba   0x08004c5a   0x0000000a   Data   RW         5533    .data               task_chassis.o
    0x200000c4   0x08004c64   0x00000004   Data   RW         5764    .data               bsp_usart2.o
    0x200000c8   0x08004c68   0x00000004   Data   RW         5844    .data               fifo_buff.o
    0x200000cc        -       0x00000254   Zero   RW          402    .bss                freertos.o
    0x20000320        -       0x00000050   Zero   RW          492    .bss                can.o
    0x20000370        -       0x00000010   Zero   RW          567    .bss                rng.o
    0x20000380        -       0x000003a0   Zero   RW          612    .bss                usart.o
    0x20000720        -       0x00000040   Zero   RW          841    .bss                stm32f4xx_hal_timebase_tim.o
    0x20000760        -       0x000000f0   Zero   RW         4149    .bss                tasks.o
    0x20000850        -       0x00003c00   Zero   RW         4782    .bss                heap_4.o
    0x20004450        -       0x0000005e   Zero   RW         5209    .bss                remotecontrol.o
    0x200044ae   0x08004c6c   0x00000002   PAD
    0x200044b0        -       0x0000008c   Zero   RW         5295    .bss                can_1_receive.o
    0x2000453c        -       0x00000018   Zero   RW         5344    .bss                chassis_app.o
    0x20004554        -       0x00000290   Zero   RW         5531    .bss                task_chassis.o
    0x200047e4        -       0x00000628   Zero   RW         5762    .bss                bsp_usart2.o
    0x20004e0c        -       0x00000060   Zero   RW         5990    .bss                c_w.l(libspace.o)
    0x20004e6c   0x08004c6c   0x00000004   PAD
    0x20004e70        -       0x00000200   Zero   RW            2    HEAP                startup_stm32f407xx.o
    0x20005070        -       0x00000400   Zero   RW            1    STACK               startup_stm32f407xx.o


==============================================================================

Image component sizes


      Code (inc. data)   RO Data    RW Data    ZI Data      Debug   Object Name

       188         30          0          4       1576       2717   bsp_usart2.o
       388         42          0          4         80       2434   can.o
       304         40          0          0        140       3450   can_1_receive.o
        78          4          0          0          0       1620   can_2_receive.o
       128         20         40          4         24      15538   chassis_app.o
       236         16          0         25          0       2149   chassis_behaviour.o
       120          0          0          0          0      23065   cmsis_os.o
       156          4          0          0          0        842   dma.o
         0          0          0          0          0      15728   event_groups.o
       110          4          0          4          0       2016   fifo_buff.o
       156         14        196         20        596      34179   freertos.o
       220         18          0          0          0     693211   gpio.o
       460         24          0         24      15360       7259   heap_4.o
       138          0          0          0          0       3494   list.o
       228         10          0          0          0     715864   main.o
       108          0          0          0          0       2845   maths.o
       224         12          0          0          0       1700   pid.o
       702         72          0         12          0      10992   port.o
       642         58          0          2         94       5636   remotecontrol.o
        56          6          0         16          0       2300   rmmotor.o
        76         18          0          0         16       1491   rng.o
        64         26        392          0       1536        836   startup_stm32f407xx.o
        80         14          0         12          0       8034   stm32f4xx_hal.o
      1658          6          0          0          0      14099   stm32f4xx_hal_can.o
       158         14          0          0          0      33118   stm32f4xx_hal_cortex.o
       938         16          8          0          0       6394   stm32f4xx_hal_dma.o
       460         46          0          0          0       3023   stm32f4xx_hal_gpio.o
        56          4          0          0          0        850   stm32f4xx_hal_msp.o
      1396         86          0          0          0       5829   stm32f4xx_hal_rcc.o
       166          0          0          0          0       1974   stm32f4xx_hal_rng.o
       656         44          0          0          0       7164   stm32f4xx_hal_tim.o
         4          0          0          0          0       1573   stm32f4xx_hal_tim_ex.o
       116         14          0          0         64       1395   stm32f4xx_hal_timebase_tim.o
      1284         30          0          0          0      11160   stm32f4xx_hal_uart.o
       204         84          0          0          0       9349   stm32f4xx_it.o
         0          0          0          0          0        384   stream_buffer.o
        58          4          0          0          0       1864   sysinit.o
        28          6         24          4          0       1131   system_stm32f4xx.o
      1260         68          0         10        656       5504   task_chassis.o
        28          4          0          0          0        522   task_detect.o
        28          4          0          0          0        504   task_fire.o
        44          4          0          0          0        507   task_led.o
        12          0          0          0          0        488   task_safe.o
      1516        110          0         60        240      19342   tasks.o
      1032         90          0          0        928       4394   usart.o

    ----------------------------------------------------------------------
     15998       1066        692        204      21312    1687968   Object Totals
         0          0         32          0          0          0   (incl. Generated)
        34          0          0          3          2          0   (incl. Padding)

    ----------------------------------------------------------------------

      Code (inc. data)   RO Data    RW Data    ZI Data      Debug   Library Member Name

         8          0          0          0          0         68   __main.o
         0          0          0          0          0          0   __rtentry.o
        12          0          0          0          0          0   __rtentry2.o
         6          0          0          0          0          0   __rtentry4.o
        52          8          0          0          0          0   __scatter.o
        26          0          0          0          0          0   __scatter_copy.o
        28          0          0          0          0          0   __scatter_zi.o
        18          0          0          0          0         80   exit.o
         6          0          0          0          0        152   heapauxi.o
         0          0          0          0          0          0   indicate_semi.o
         2          0          0          0          0          0   libinit.o
         6          0          0          0          0          0   libinit2.o
         2          0          0          0          0          0   libshutdown.o
         2          0          0          0          0          0   libshutdown2.o
         8          4          0          0         96         68   libspace.o
       238          0          0          0          0        100   lludivv7m.o
        78          0          0          0          0         80   rt_memclr_w.o
       138          0          0          0          0         68   rt_memcpy_v6.o
       100          0          0          0          0         80   rt_memcpy_w.o
         2          0          0          0          0          0   rtexit.o
        10          0          0          0          0          0   rtexit2.o
        12          4          0          0          0         68   sys_exit.o
        74          0          0          0          0         80   sys_stackheap_outer.o
         2          0          0          0          0         68   use_no_semi.o
       826         16          0          0          0        492   daddsub_clz.o
       688        140          0          0          0        256   ddiv.o
        94          4          0          0          0        140   dfix.o
        46          0          0          0          0        116   dflt_clz.o
       156          4          0          0          0        140   dnaninf.o
        12          0          0          0          0        116   dretinf.o
        10          0          0          0          0        116   fpinit.o
         0          0          0          0          0          0   usenofp.o

    ----------------------------------------------------------------------
      2670        180          0          0        100       2288   Library Totals
         8          0          0          0          4          0   (incl. Padding)

    ----------------------------------------------------------------------

      Code (inc. data)   RO Data    RW Data    ZI Data      Debug   Library Name

       830         16          0          0         96        912   c_w.l
      1832        164          0          0          0       1376   fz_wm.l

    ----------------------------------------------------------------------
      2670        180          0          0        100       2288   Library Totals

    ----------------------------------------------------------------------

==============================================================================


      Code (inc. data)   RO Data    RW Data    ZI Data      Debug   

     18668       1246        692        204      21412    1671392   Grand Totals
     18668       1246        692        204      21412    1671392   ELF Image Totals
     18668       1246        692        204          0          0   ROM Totals

==============================================================================

    Total RO  Size (Code + RO Data)                19360 (  18.91kB)
    Total RW  Size (RW Data + ZI Data)             21616 (  21.11kB)
    Total ROM Size (Code + RO Data + RW Data)      19564 (  19.11kB)

==============================================================================

